Component: Arm Compiler for Embedded 6.19 Tool: armlink [5e73cb00]

==============================================================================

Section Cross References

    main.o(.text.main) refers to uart_v2.o(.text.UART_V2_MAIN_TEST) for UART_V2_MAIN_TEST
    main.o(.ARM.exidx.text.main) refers to main.o(.text.main) for [Anonymous Symbol]
    gpio.o(.text.SetPinInput) refers to gpio.o(.text.SetINPUT) for SetINPUT
    gpio.o(.text.SetPinInput) refers to gpio.o(.text.SetPullUpDown) for SetPullUpDown
    gpio.o(.ARM.exidx.text.SetPinInput) refers to gpio.o(.text.SetPinInput) for [Anonymous Symbol]
    gpio.o(.ARM.exidx.text.SetINPUT) refers to gpio.o(.text.SetINPUT) for [Anonymous Symbol]
    gpio.o(.ARM.exidx.text.SetPullUpDown) refers to gpio.o(.text.SetPullUpDown) for [Anonymous Symbol]
    gpio.o(.text.SetPinOutput) refers to gpio.o(.text.SetOUTPUT) for SetOUTPUT
    gpio.o(.ARM.exidx.text.SetPinOutput) refers to gpio.o(.text.SetPinOutput) for [Anonymous Symbol]
    gpio.o(.ARM.exidx.text.SetOUTPUT) refers to gpio.o(.text.SetOUTPUT) for [Anonymous Symbol]
    gpio.o(.ARM.exidx.text.WritePin) refers to gpio.o(.text.WritePin) for [Anonymous Symbol]
    gpio.o(.ARM.exidx.text.ReadPin) refers to gpio.o(.text.ReadPin) for [Anonymous Symbol]
    gpio.o(.ARM.exidx.text.TogglePin) refers to gpio.o(.text.TogglePin) for [Anonymous Symbol]
    gpio.o(.text.Init_PA8_MCO) refers to clock.o(.text.Enable_Disable_Clock_PortA) for Enable_Disable_Clock_PortA
    gpio.o(.ARM.exidx.text.Init_PA8_MCO) refers to gpio.o(.text.Init_PA8_MCO) for [Anonymous Symbol]
    gpio.o(.text.Blink_LED) refers to gpio.o(.text.WritePin) for WritePin
    gpio.o(.text.Blink_LED) refers to gpio.o(.text.Delay) for Delay
    gpio.o(.ARM.exidx.text.Blink_LED) refers to gpio.o(.text.Blink_LED) for [Anonymous Symbol]
    gpio.o(.ARM.exidx.text.Delay) refers to gpio.o(.text.Delay) for [Anonymous Symbol]
    gpio.o(.text.Button_Led) refers to gpio.o(.text.ReadPin) for ReadPin
    gpio.o(.text.Button_Led) refers to gpio.o(.text.WritePin) for WritePin
    gpio.o(.ARM.exidx.text.Button_Led) refers to gpio.o(.text.Button_Led) for [Anonymous Symbol]
    clock.o(.ARM.exidx.text.InitClockHSE) refers to clock.o(.text.InitClockHSE) for [Anonymous Symbol]
    clock.o(.ARM.exidx.text.Enable_Disable_Clock_PortA) refers to clock.o(.text.Enable_Disable_Clock_PortA) for [Anonymous Symbol]
    clock.o(.ARM.exidx.text.Enable_Disable_Clock_PortB) refers to clock.o(.text.Enable_Disable_Clock_PortB) for [Anonymous Symbol]
    clock.o(.ARM.exidx.text.Enable_Disable_Clock_PortC) refers to clock.o(.text.Enable_Disable_Clock_PortC) for [Anonymous Symbol]
    clock.o(.ARM.exidx.text.Enable_Disable_Clock_PortD) refers to clock.o(.text.Enable_Disable_Clock_PortD) for [Anonymous Symbol]
    clock.o(.ARM.exidx.text.Enable_Disable_Clock_PortE) refers to clock.o(.text.Enable_Disable_Clock_PortE) for [Anonymous Symbol]
    clock.o(.ARM.exidx.text.Enable_Disable_Clock_PortF) refers to clock.o(.text.Enable_Disable_Clock_PortF) for [Anonymous Symbol]
    clock.o(.ARM.exidx.text.Enable_Disable_Clock_PortG) refers to clock.o(.text.Enable_Disable_Clock_PortG) for [Anonymous Symbol]
    clock.o(.ARM.exidx.text.Clock_AFIO) refers to clock.o(.text.Clock_AFIO) for [Anonymous Symbol]
    clock.o(.ARM.exidx.text.Clock_SPI1) refers to clock.o(.text.Clock_SPI1) for [Anonymous Symbol]
    clock.o(.ARM.exidx.text.I2C1_EnableClock) refers to clock.o(.text.I2C1_EnableClock) for [Anonymous Symbol]
    clock.o(.ARM.exidx.text.I2C2_EnableClock) refers to clock.o(.text.I2C2_EnableClock) for [Anonymous Symbol]
    clock.o(.ARM.exidx.text.DMA1_EnableClock) refers to clock.o(.text.DMA1_EnableClock) for [Anonymous Symbol]
    clock.o(.ARM.exidx.text.DMA2_EnableClock) refers to clock.o(.text.DMA2_EnableClock) for [Anonymous Symbol]
    clock.o(.ARM.exidx.text.ADC_EnableClock) refers to clock.o(.text.ADC_EnableClock) for [Anonymous Symbol]
    exti.o(.text.MainTestEXTI) refers to clock.o(.text.InitClockHSE) for InitClockHSE
    exti.o(.text.MainTestEXTI) refers to clock.o(.text.Enable_Disable_Clock_PortA) for Enable_Disable_Clock_PortA
    exti.o(.text.MainTestEXTI) refers to clock.o(.text.Enable_Disable_Clock_PortC) for Enable_Disable_Clock_PortC
    exti.o(.text.MainTestEXTI) refers to gpio.o(.text.SetPinInput) for SetPinInput
    exti.o(.text.MainTestEXTI) refers to gpio.o(.text.SetPinOutput) for SetPinOutput
    exti.o(.text.MainTestEXTI) refers to exti.o(.text.Init_EXTI_PA1) for Init_EXTI_PA1
    exti.o(.text.MainTestEXTI) refers to exti.o(.text.Demo_Button_Led) for Demo_Button_Led
    exti.o(.ARM.exidx.text.MainTestEXTI) refers to exti.o(.text.MainTestEXTI) for [Anonymous Symbol]
    exti.o(.text.Init_EXTI_PA1) refers to nvic.o(.text.NVIC_SetPriority) for NVIC_SetPriority
    exti.o(.text.Init_EXTI_PA1) refers to nvic.o(.text.NVIC_ClearPendingFlag) for NVIC_ClearPendingFlag
    exti.o(.text.Init_EXTI_PA1) refers to nvic.o(.text.NVIC_EnableInterrupt) for NVIC_EnableInterrupt
[...]
    lc_numeric_c.o(locale$$data) refers (Special) to libinit2.o(.ARM.Collect$$libinit$$00000018) for __rt_lib_init_lc_numeric_2
    lc_numeric_c.o(locale$$code) refers (Special) to libinit2.o(.ARM.Collect$$libinit$$00000018) for __rt_lib_init_lc_numeric_2
    lc_numeric_c.o(locale$$code) refers to strcmpv7m.o(.text) for strcmp
    lc_numeric_c.o(locale$$code) refers to lc_numeric_c.o(locale$$data) for __lcnum_c_name
    exit.o(.text) refers to rtexit.o(.ARM.Collect$$rtexit$$00000000) for __rt_exit
    libinit.o(.ARM.Collect$$libinit$$00000000) refers (Special) to libinit2.o(.ARM.Collect$$libinit$$00000030) for __rt_lib_init_alloca_1
    libinit.o(.ARM.Collect$$libinit$$00000000) refers (Special) to libinit2.o(.ARM.Collect$$libinit$$0000002E) for __rt_lib_init_argv_1
    libinit.o(.ARM.Collect$$libinit$$00000000) refers (Special) to libinit2.o(.ARM.Collect$$libinit$$0000001D) for __rt_lib_init_atexit_1
    libinit.o(.ARM.Collect$$libinit$$00000000) refers (Special) to libinit2.o(.ARM.Collect$$libinit$$00000023) for __rt_lib_init_clock_1
    libinit.o(.ARM.Collect$$libinit$$00000000) refers (Special) to libinit2.o(.ARM.Collect$$libinit$$00000034) for __rt_lib_init_cpp_1
    libinit.o(.ARM.Collect$$libinit$$00000000) refers (Special) to libinit2.o(.ARM.Collect$$libinit$$00000032) for __rt_lib_init_exceptions_1
    libinit.o(.ARM.Collect$$libinit$$00000000) refers (Special) to libinit2.o(.ARM.Collect$$libinit$$00000002) for __rt_lib_init_fp_1
    libinit.o(.ARM.Collect$$libinit$$00000000) refers (Special) to libinit2.o(.ARM.Collect$$libinit$$00000021) for __rt_lib_init_fp_trap_1
    libinit.o(.ARM.Collect$$libinit$$00000000) refers (Special) to libinit2.o(.ARM.Collect$$libinit$$00000025) for __rt_lib_init_getenv_1
    libinit.o(.ARM.Collect$$libinit$$00000000) refers (Special) to libinit2.o(.ARM.Collect$$libinit$$0000000C) for __rt_lib_init_heap_1
    libinit.o(.ARM.Collect$$libinit$$00000000) refers (Special) to libinit2.o(.ARM.Collect$$libinit$$00000013) for __rt_lib_init_lc_collate_1
    libinit.o(.ARM.Collect$$libinit$$00000000) refers (Special) to libinit2.o(.ARM.Collect$$libinit$$00000015) for __rt_lib_init_lc_ctype_1
    libinit.o(.ARM.Collect$$libinit$$00000000) refers (Special) to libinit2.o(.ARM.Collect$$libinit$$00000017) for __rt_lib_init_lc_monetary_1
    libinit.o(.ARM.Collect$$libinit$$00000000) refers (Special) to libinit2.o(.ARM.Collect$$libinit$$00000019) for __rt_lib_init_lc_numeric_1
    libinit.o(.ARM.Collect$$libinit$$00000000) refers (Special) to libinit2.o(.ARM.Collect$$libinit$$0000001B) for __rt_lib_init_lc_time_1
    libinit.o(.ARM.Collect$$libinit$$00000000) refers (Special) to libinit2.o(.ARM.Collect$$libinit$$00000006) for __rt_lib_init_preinit_1
    libinit.o(.ARM.Collect$$libinit$$00000000) refers (Special) to libinit2.o(.ARM.Collect$$libinit$$00000010) for __rt_lib_init_rand_1
    libinit.o(.ARM.Collect$$libinit$$00000000) refers (Special) to libinit2.o(.ARM.Collect$$libinit$$00000004) for __rt_lib_init_relocate_pie_1
    libinit.o(.ARM.Collect$$libinit$$00000000) refers (Special) to libinit2.o(.ARM.Collect$$libinit$$00000035) for __rt_lib_init_return
    libinit.o(.ARM.Collect$$libinit$$00000000) refers (Special) to libinit2.o(.ARM.Collect$$libinit$$0000001F) for __rt_lib_init_signal_1
    libinit.o(.ARM.Collect$$libinit$$00000000) refers (Special) to libinit2.o(.ARM.Collect$$libinit$$00000027) for __rt_lib_init_stdio_1
    libinit.o(.ARM.Collect$$libinit$$00000000) refers (Special) to libinit2.o(.ARM.Collect$$libinit$$0000000E) for __rt_lib_init_user_alloc_1
    istatus.o(x$fpl$ieeestatus) refers (Special) to usenofp.o(x$fpl$usenofp) for __I$use$fp
    fpclassify.o(i.__ARM_fpclassify) refers (Special) to usenofp.o(x$fpl$usenofp) for __I$use$fp
    libspace.o(.text) refers to libspace.o(.bss) for __libspace_start
    rtexit.o(.ARM.Collect$$rtexit$$00000000) refers (Special) to rtexit2.o(.ARM.Collect$$rtexit$$00000004) for __rt_exit_exit
    rtexit.o(.ARM.Collect$$rtexit$$00000000) refers (Special) to rtexit2.o(.ARM.Collect$$rtexit$$00000003) for __rt_exit_ls
    rtexit.o(.ARM.Collect$$rtexit$$00000000) refers (Special) to rtexit2.o(.ARM.Collect$$rtexit$$00000002) for __rt_exit_prels_1
    rtexit.o(.ARM.exidx) refers (Special) to rtexit2.o(.ARM.Collect$$rtexit$$00000004) for __rt_exit_exit
    rtexit.o(.ARM.exidx) refers (Special) to rtexit2.o(.ARM.Collect$$rtexit$$00000003) for __rt_exit_ls
    rtexit.o(.ARM.exidx) refers (Special) to rtexit2.o(.ARM.Collect$$rtexit$$00000002) for __rt_exit_prels_1
    rtexit.o(.ARM.exidx) refers to rtexit.o(.ARM.Collect$$rtexit$$00000000) for .ARM.Collect$$rtexit$$00000000
    btod_accurate_common.o(.text) refers to llushr.o(.text) for __aeabi_llsr
    lc_ctype_c.o(locale$$data) refers (Special) to libinit2.o(.ARM.Collect$$libinit$$00000014) for __rt_lib_init_lc_ctype_2
    lc_ctype_c.o(locale$$code) refers (Special) to libinit2.o(.ARM.Collect$$libinit$$00000014) for __rt_lib_init_lc_ctype_2
    lc_ctype_c.o(locale$$code) refers to strcmpv7m.o(.text) for strcmp
    lc_ctype_c.o(locale$$code) refers to lc_ctype_c.o(locale$$data) for __lcctype_c_name
    libinit2.o(.ARM.Collect$$libinit$$00000011) refers (Weak) to rt_locale_intlibspace.o(.text) for __rt_locale
    libinit2.o(.ARM.Collect$$libinit$$00000012) refers to libinit2.o(.ARM.Collect$$libinit$$00000011) for .ARM.Collect$$libinit$$00000011
    libinit2.o(.ARM.Collect$$libinit$$00000014) refers to libinit2.o(.ARM.Collect$$libinit$$00000011) for .ARM.Collect$$libinit$$00000011
    libinit2.o(.ARM.Collect$$libinit$$00000014) refers (Weak) to lc_ctype_c.o(locale$$code) for _get_lc_ctype
    libinit2.o(.ARM.Collect$$libinit$$00000016) refers to libinit2.o(.ARM.Collect$$libinit$$00000011) for .ARM.Collect$$libinit$$00000011
    libinit2.o(.ARM.Collect$$libinit$$00000018) refers to libinit2.o(.ARM.Collect$$libinit$$00000011) for .ARM.Collect$$libinit$$00000011
    libinit2.o(.ARM.Collect$$libinit$$00000018) refers (Weak) to lc_numeric_c.o(locale$$code) for _get_lc_numeric
    libinit2.o(.ARM.Collect$$libinit$$0000001A) refers to libinit2.o(.ARM.Collect$$libinit$$00000011) for .ARM.Collect$$libinit$$00000011
    libinit2.o(.ARM.Collect$$libinit$$00000028) refers to argv_veneer.o(.emb_text) for __ARM_argv_veneer
    libinit2.o(.ARM.Collect$$libinit$$00000029) refers to argv_veneer.o(.emb_text) for __ARM_argv_veneer
    rtexit2.o(.ARM.Collect$$rtexit$$00000003) refers to libshutdown.o(.ARM.Collect$$libshutdown$$00000000) for __rt_lib_shutdown
    rtexit2.o(.ARM.Collect$$rtexit$$00000004) refers to sys_exit.o(.text) for _sys_exit
    rtexit2.o(.ARM.exidx) refers to rtexit2.o(.ARM.Collect$$rtexit$$00000001) for .ARM.Collect$$rtexit$$00000001
    rtexit2.o(.ARM.exidx) refers to rtexit2.o(.ARM.Collect$$rtexit$$00000003) for .ARM.Collect$$rtexit$$00000003
    rtexit2.o(.ARM.exidx) refers to rtexit2.o(.ARM.Collect$$rtexit$$00000004) for .ARM.Collect$$rtexit$$00000004
    argv_veneer.o(.emb_text) refers to no_argv.o(.text) for __ARM_get_argv
    sys_exit.o(.text) refers (Special) to use_no_semi.o(.text) for __I$use$semihosting
    sys_exit.o(.text) refers (Special) to indicate_semi.o(.text) for __semihosting_library_function
    sys_exit_hlt.o(.text) refers (Special) to use_no_semi.o(.text) for __I$use$semihosting
    sys_exit_hlt.o(.text) refers (Special) to indicate_semi.o(.text) for __semihosting_library_function
    _get_argv_nomalloc.o(.text) refers (Special) to hrguard.o(.text) for __heap_region$guard
    _get_argv_nomalloc.o(.text) refers to defsig_rtmem_outer.o(.text) for __rt_SIGRTMEM
    _get_argv_nomalloc.o(.text) refers to sys_command.o(.text) for _sys_command_string
    libshutdown.o(.ARM.Collect$$libshutdown$$00000000) refers (Special) to libshutdown2.o(.ARM.Collect$$libshutdown$$00000002) for __rt_lib_shutdown_cpp_1
    libshutdown.o(.ARM.Collect$$libshutdown$$00000000) refers (Special) to libshutdown2.o(.ARM.Collect$$libshutdown$$00000007) for __rt_lib_shutdown_fp_trap_1
    libshutdown.o(.ARM.Collect$$libshutdown$$00000000) refers (Special) to libshutdown2.o(.ARM.Collect$$libshutdown$$0000000F) for __rt_lib_shutdown_heap_1
    libshutdown.o(.ARM.Collect$$libshutdown$$00000000) refers (Special) to libshutdown2.o(.ARM.Collect$$libshutdown$$00000010) for __rt_lib_shutdown_return
    libshutdown.o(.ARM.Collect$$libshutdown$$00000000) refers (Special) to libshutdown2.o(.ARM.Collect$$libshutdown$$0000000A) for __rt_lib_shutdown_signal_1
    libshutdown.o(.ARM.Collect$$libshutdown$$00000000) refers (Special) to libshutdown2.o(.ARM.Collect$$libshutdown$$00000004) for __rt_lib_shutdown_stdio_1
    libshutdown.o(.ARM.Collect$$libshutdown$$00000000) refers (Special) to libshutdown2.o(.ARM.Collect$$libshutdown$$0000000C) for __rt_lib_shutdown_user_alloc_1
    sys_command.o(.text) refers (Special) to use_no_semi.o(.text) for __I$use$semihosting
    sys_command.o(.text) refers (Special) to indicate_semi.o(.text) for __semihosting_library_function
    sys_command_hlt.o(.text) refers (Special) to use_no_semi.o(.text) for __I$use$semihosting
    sys_command_hlt.o(.text) refers (Special) to indicate_semi.o(.text) for __semihosting_library_function
    defsig_rtmem_outer.o(.text) refers to defsig_rtmem_inner.o(.text) for __rt_SIGRTMEM_inner
    defsig_rtmem_outer.o(.text) refers to defsig_exit.o(.text) for __sig_exit
    defsig_rtmem_formal.o(.text) refers to rt_raise.o(.text) for __rt_raise
    rt_raise.o(.text) refers to __raise.o(.text) for __raise
    rt_raise.o(.text) refers to sys_exit.o(.text) for _sys_exit
    defsig_exit.o(.text) refers to sys_exit.o(.text) for _sys_exit
    defsig_rtmem_inner.o(.text) refers to defsig_general.o(.text) for __default_signal_display
    __raise.o(.text) refers to defsig.o(CL$$defsig) for __default_signal_handler
    defsig_general.o(.text) refers to sys_wrch.o(.text) for _ttywrch
    sys_wrch.o(.text) refers (Special) to use_no_semi.o(.text) for __I$use$semihosting
    sys_wrch.o(.text) refers (Special) to indicate_semi.o(.text) for __semihosting_library_function
    sys_wrch_hlt.o(.text) refers (Special) to use_no_semi.o(.text) for __I$use$semihosting
    sys_wrch_hlt.o(.text) refers (Special) to indicate_semi.o(.text) for __semihosting_library_function
    defsig.o(CL$$defsig) refers to defsig_rtmem_inner.o(.text) for __rt_SIGRTMEM_inner
    defsig_abrt_inner.o(.text) refers to defsig_general.o(.text) for __default_signal_display
    defsig_fpe_inner.o(.text) refers to defsig_general.o(.text) for __default_signal_display
    defsig_rtred_inner.o(.text) refers to defsig_general.o(.text) for __default_signal_display
    defsig_stak_inner.o(.text) refers to defsig_general.o(.text) for __default_signal_display
    defsig_pvfn_inner.o(.text) refers to defsig_general.o(.text) for __default_signal_display
    defsig_cppl_inner.o(.text) refers to defsig_general.o(.text) for __default_signal_display
    defsig_segv_inner.o(.text) refers to defsig_general.o(.text) for __default_signal_display
    defsig_other.o(.text) refers to defsig_general.o(.text) for __default_signal_display


==============================================================================

Removing Unused input sections from the image.

    Removing main.o(.text), (0 bytes).
    Removing main.o(.ARM.exidx.text.main), (8 bytes).
    Removing main.o(.ARM.use_no_argv), (4 bytes).
    Removing gpio.o(.text), (0 bytes).
    Removing gpio.o(.ARM.exidx.text.SetPinInput), (8 bytes).
    Removing gpio.o(.ARM.exidx.text.SetINPUT), (8 bytes).
    Removing gpio.o(.ARM.exidx.text.SetPullUpDown), (8 bytes).
    Removing gpio.o(.ARM.exidx.text.SetPinOutput), (8 bytes).
    Removing gpio.o(.ARM.exidx.text.SetOUTPUT), (8 bytes).
    Removing gpio.o(.text.WritePin), (532 bytes).
    Removing gpio.o(.ARM.exidx.text.WritePin), (8 bytes).
    Removing gpio.o(.ARM.exidx.text.ReadPin), (8 bytes).
    Removing gpio.o(.text.TogglePin), (264 bytes).
    Removing gpio.o(.ARM.exidx.text.TogglePin), (8 bytes).
    Removing gpio.o(.text.Init_PA8_MCO), (50 bytes).
    Removing gpio.o(.ARM.exidx.text.Init_PA8_MCO), (8 bytes).
    Removing gpio.o(.text.Blink_LED), (48 bytes).
    Removing gpio.o(.ARM.exidx.text.Blink_LED), (8 bytes).
    Removing gpio.o(.text.Delay), (64 bytes).
    Removing gpio.o(.ARM.exidx.text.Delay), (8 bytes).
    Removing gpio.o(.text.Button_Led), (40 bytes).
    Removing gpio.o(.ARM.exidx.text.Button_Led), (8 bytes).
    Removing clock.o(.text), (0 bytes).
    Removing clock.o(.ARM.exidx.text.InitClockHSE), (8 bytes).
    Removing clock.o(.ARM.exidx.text.Enable_Disable_Clock_PortA), (8 bytes).
    Removing clock.o(.ARM.exidx.text.Enable_Disable_Clock_PortB), (8 bytes).
    Removing clock.o(.text.Enable_Disable_Clock_PortC), (56 bytes).
    Removing clock.o(.ARM.exidx.text.Enable_Disable_Clock_PortC), (8 bytes).
    Removing clock.o(.text.Enable_Disable_Clock_PortD), (56 bytes).
    Removing clock.o(.ARM.exidx.text.Enable_Disable_Clock_PortD), (8 bytes).
    Removing clock.o(.text.Enable_Disable_Clock_PortE), (56 bytes).
    Removing clock.o(.ARM.exidx.text.Enable_Disable_Clock_PortE), (8 bytes).
    Removing clock.o(.text.Enable_Disable_Clock_PortF), (56 bytes).
    Removing clock.o(.ARM.exidx.text.Enable_Disable_Clock_PortF), (8 bytes).
    Removing clock.o(.text.Enable_Disable_Clock_PortG), (56 bytes).
    Removing clock.o(.ARM.exidx.text.Enable_Disable_Clock_PortG), (8 bytes).
    Removing clock.o(.text.Clock_AFIO), (56 bytes).
    Removing clock.o(.ARM.exidx.text.Clock_AFIO), (8 bytes).
    Removing clock.o(.text.Clock_SPI1), (56 bytes).
    Removing clock.o(.ARM.exidx.text.Clock_SPI1), (8 bytes).
    Removing clock.o(.text.I2C1_EnableClock), (56 bytes).
    Removing clock.o(.ARM.exidx.text.I2C1_EnableClock), (8 bytes).
    Removing clock.o(.text.I2C2_EnableClock), (56 bytes).
    Removing clock.o(.ARM.exidx.text.I2C2_EnableClock), (8 bytes).
    Removing clock.o(.text.DMA1_EnableClock), (56 bytes).
    Removing clock.o(.ARM.exidx.text.DMA1_EnableClock), (8 bytes).
    Removing clock.o(.text.DMA2_EnableClock), (56 bytes).
    Removing clock.o(.ARM.exidx.text.DMA2_EnableClock), (8 bytes).
    Removing clock.o(.text.ADC_EnableClock), (306 bytes).
    Removing clock.o(.ARM.exidx.text.ADC_EnableClock), (8 bytes).
    Removing exti.o(.text), (0 bytes).
    Removing exti.o(.text.MainTestEXTI), (60 bytes).
    Removing exti.o(.ARM.exidx.text.MainTestEXTI), (8 bytes).
    Removing exti.o(.text.Init_EXTI_PA1), (108 bytes).
    Removing exti.o(.ARM.exidx.text.Init_EXTI_PA1), (8 bytes).
    Removing exti.o(.text.Demo_Button_Led), (44 bytes).
    Removing exti.o(.ARM.exidx.text.Demo_Button_Led), (8 bytes).
    Removing exti.o(.ARM.exidx.text.EXTI1_IRQHandler), (8 bytes).
    Removing softtimer.o(.text), (0 bytes).
    Removing softtimer.o(.text.Function_PC13), (12 bytes).
    Removing softtimer.o(.ARM.exidx.text.Function_PC13), (8 bytes).
    Removing softtimer.o(.text.Function_PB5), (12 bytes).
    Removing softtimer.o(.ARM.exidx.text.Function_PB5), (8 bytes).
    Removing softtimer.o(.text.Function_PB6), (12 bytes).
    Removing softtimer.o(.ARM.exidx.text.Function_PB6), (8 bytes).
    Removing softtimer.o(.text.Main_Function), (142 bytes).
    Removing softtimer.o(.ARM.exidx.text.Main_Function), (8 bytes).
    Removing softtimer.o(.text.Softtimer_Init), (58 bytes).
    Removing softtimer.o(.ARM.exidx.text.Softtimer_Init), (8 bytes).
    Removing softtimer.o(.text.Softtimer_StartTimer), (100 bytes).
    Removing softtimer.o(.ARM.exidx.text.Softtimer_StartTimer), (8 bytes).
    Removing softtimer.o(.text.Softtimer_MainFunction), (202 bytes).
    Removing softtimer.o(.ARM.exidx.text.Softtimer_MainFunction), (8 bytes).
    Removing softtimer.o(.text.Softtimer_StopTimer), (30 bytes).
    Removing softtimer.o(.ARM.exidx.text.Softtimer_StopTimer), (8 bytes).
    Removing softtimer.o(.ARM.exidx.text.SysTick_Handler), (8 bytes).
    Removing softtimer.o(.bss.TIMER), (100 bytes).
    Removing systick.o(.text), (0 bytes).
    Removing systick.o(.text.SysTickDelay), (112 bytes).
    Removing systick.o(.ARM.exidx.text.SysTickDelay), (8 bytes).
    Removing timer.o(.text), (0 bytes).
    Removing timer.o(.text.Function_Test), (12 bytes).
    Removing timer.o(.ARM.exidx.text.Function_Test), (8 bytes).
    Removing timer.o(.text.Main_TIM2_BASE), (58 bytes).
    Removing timer.o(.ARM.exidx.text.Main_TIM2_BASE), (8 bytes).
    Removing timer.o(.ARM.exidx.text.Init_TIM2_Delay), (8 bytes).
    Removing timer.o(.text.Delay_TIM2_us), (44 bytes).
    Removing timer.o(.ARM.exidx.text.Delay_TIM2_us), (8 bytes).
    Removing timer.o(.ARM.exidx.text.Delay_TIM2_ms), (8 bytes).
    Removing timer.o(.ARM.exidx.text.TIM2_IRQHandler), (8 bytes).
    Removing timer.o(.text.Main_TIM2_PWM), (154 bytes).
    Removing timer.o(.ARM.exidx.text.Main_TIM2_PWM), (8 bytes).
    Removing timer.o(.text.Init_TIM2_PWM_CH1_PA0), (150 bytes).
    Removing timer.o(.ARM.exidx.text.Init_TIM2_PWM_CH1_PA0), (8 bytes).
    Removing timer.o(.text.TIM2_PWM_OUTPUT), (36 bytes).
    Removing timer.o(.ARM.exidx.text.TIM2_PWM_OUTPUT), (8 bytes).
    Removing usart.o(.text), (0 bytes).
    Removing usart.o(.ARM.exidx.text.USART1_SendData), (8 bytes).
    Removing usart.o(.text.FunctionMainUSART1), (72 bytes).
    Removing usart.o(.ARM.exidx.text.FunctionMainUSART1), (8 bytes).
    Removing usart.o(.text.USART1_Setup), (76 bytes).
    Removing usart.o(.ARM.exidx.text.USART1_Setup), (8 bytes).
    Removing usart.o(.text.USART1_ReceiveData), (80 bytes).
    Removing usart.o(.ARM.exidx.text.USART1_ReceiveData), (8 bytes).
    Removing usart.o(.text.Setup_GPIO_PA9TX_PA10RX), (56 bytes).
    Removing usart.o(.ARM.exidx.text.Setup_GPIO_PA9TX_PA10RX), (8 bytes).
    Removing usart.o(.text.USART1_Init_CLK), (18 bytes).
    Removing usart.o(.ARM.exidx.text.USART1_Init_CLK), (8 bytes).
    Removing usart.o(.text.FunctionMainUSART1_INT), (92 bytes).
    Removing usart.o(.ARM.exidx.text.FunctionMainUSART1_INT), (8 bytes).
    Removing usart.o(.text.USART1_Setup_INT_RX), (110 bytes).
    Removing usart.o(.ARM.exidx.text.USART1_Setup_INT_RX), (8 bytes).
    Removing usart.o(.text.MAIN_UART1_DMA), (96 bytes).
    Removing usart.o(.ARM.exidx.text.MAIN_UART1_DMA), (8 bytes).
    Removing usart.o(.text.UART1_DMA_Init), (100 bytes).
    Removing usart.o(.ARM.exidx.text.UART1_DMA_Init), (8 bytes).
    Removing usart.o(.bss.count), (1 bytes).
    Removing usart.o(.bss.BufferRead), (20 bytes).
    Removing usart.o(.data.SenData1), (5 bytes).
    Removing usart.o(.data.SenData2), (5 bytes).
    Removing usart.o(.bss.ReadData), (1 bytes).
    Removing nvic.o(.text), (0 bytes).
    Removing nvic.o(.ARM.exidx.text.NVIC_EnableInterrupt), (8 bytes).
    Removing nvic.o(.text.NVIC_DisableInterrupt), (50 bytes).
    Removing nvic.o(.ARM.exidx.text.NVIC_DisableInterrupt), (8 bytes).
    Removing nvic.o(.ARM.exidx.text.NVIC_ClearPendingFlag), (8 bytes).
    Removing nvic.o(.ARM.exidx.text.NVIC_SetPriority), (8 bytes).
    Removing i2c.o(.text), (0 bytes).
    Removing i2c.o(.text.Main_I2C1_Test), (54 bytes).
    Removing i2c.o(.ARM.exidx.text.Main_I2C1_Test), (8 bytes).
    Removing i2c.o(.text.I2C1_Init), (174 bytes).
    Removing i2c.o(.ARM.exidx.text.I2C1_Init), (8 bytes).
    Removing i2c.o(.text.I2C1_SendMultiData), (46 bytes).
    Removing i2c.o(.ARM.exidx.text.I2C1_SendMultiData), (8 bytes).
    Removing i2c.o(.text.I2C1_SetPin), (58 bytes).
    Removing i2c.o(.ARM.exidx.text.I2C1_SetPin), (8 bytes).
    Removing i2c.o(.text.I2C1_SendData), (42 bytes).
    Removing i2c.o(.ARM.exidx.text.I2C1_SendData), (8 bytes).
    Removing i2c.o(.text.I2C1_Start), (98 bytes).
    Removing i2c.o(.ARM.exidx.text.I2C1_Start), (8 bytes).
    Removing i2c.o(.text.I2C1_SendAdress), (136 bytes).
    Removing i2c.o(.ARM.exidx.text.I2C1_SendAdress), (8 bytes).
    Removing i2c.o(.text.I2C1_Write), (68 bytes).
    Removing i2c.o(.ARM.exidx.text.I2C1_Write), (8 bytes).
    Removing i2c.o(.text.I2C1_Stop), (40 bytes).
    Removing i2c.o(.ARM.exidx.text.I2C1_Stop), (8 bytes).
    Removing i2c.o(.text.I2C1_WriteMultiData), (140 bytes).
    Removing i2c.o(.ARM.exidx.text.I2C1_WriteMultiData), (8 bytes).
    Removing i2c.o(.text.I2C1_WriteMEM), (58 bytes).
    Removing i2c.o(.ARM.exidx.text.I2C1_WriteMEM), (8 bytes).
    Removing i2c.o(.text.I2C1_ReadData), (66 bytes).
    Removing i2c.o(.ARM.exidx.text.I2C1_ReadData), (8 bytes).
    Removing i2c.o(.text.I2C1_Read), (88 bytes).
    Removing i2c.o(.ARM.exidx.text.I2C1_Read), (8 bytes).
    Removing i2c.o(.text.I2C1_ReadMultiData), (108 bytes).
    Removing i2c.o(.ARM.exidx.text.I2C1_ReadMultiData), (8 bytes).
    Removing i2c.o(.text.I2C1_ReadMEM), (146 bytes).
    Removing i2c.o(.ARM.exidx.text.I2C1_ReadMEM), (8 bytes).
    Removing i2c.o(.rodata..L__const.Main_I2C1_Test.data1), (10 bytes).
    Removing pcf8574.o(.text), (0 bytes).
    Removing pcf8574.o(.text.PCF8574_Init), (30 bytes).
    Removing pcf8574.o(.ARM.exidx.text.PCF8574_Init), (8 bytes).
    Removing pcf8574.o(.text.PCF8574T_ReadPin), (60 bytes).
    Removing pcf8574.o(.ARM.exidx.text.PCF8574T_ReadPin), (8 bytes).
    Removing pcf8574.o(.text.PCF8574T_Read), (38 bytes).
    Removing pcf8574.o(.ARM.exidx.text.PCF8574T_Read), (8 bytes).
    Removing pcf8574.o(.text.PCF8574T_WritePin), (104 bytes).
    Removing pcf8574.o(.ARM.exidx.text.PCF8574T_WritePin), (8 bytes).
    Removing pcf8574.o(.text.PCF8574T_Write), (30 bytes).
    Removing pcf8574.o(.ARM.exidx.text.PCF8574T_Write), (8 bytes).
    Removing pcf8574.o(.text.PCF8574_WriteALL), (52 bytes).
    Removing pcf8574.o(.ARM.exidx.text.PCF8574_WriteALL), (8 bytes).
    Removing pcf8574.o(.text.PCF8574_MAIN), (54 bytes).
    Removing pcf8574.o(.ARM.exidx.text.PCF8574_MAIN), (8 bytes).
    Removing pcf8574.o(.bss.PCF8574T_ADDRESS), (1 bytes).
    Removing spi.o(.text), (0 bytes).
    Removing spi.o(.text.SPI_MAINTEST), (62 bytes).
    Removing spi.o(.ARM.exidx.text.SPI_MAINTEST), (8 bytes).
    Removing spi.o(.text.SPI1_Init), (196 bytes).
    Removing spi.o(.ARM.exidx.text.SPI1_Init), (8 bytes).
    Removing spi.o(.text.SPI1_Enable), (18 bytes).
    Removing spi.o(.ARM.exidx.text.SPI1_Enable), (8 bytes).
    Removing spi.o(.ARM.exidx.text.SPI1_DisableSlave), (8 bytes).
    Removing spi.o(.text.SPI1_Disable), (18 bytes).
    Removing spi.o(.ARM.exidx.text.SPI1_Disable), (8 bytes).
    Removing spi.o(.text.SPI1_EnableSlave), (18 bytes).
    Removing spi.o(.ARM.exidx.text.SPI1_EnableSlave), (8 bytes).
    Removing spi.o(.text.SPI1_SendData), (160 bytes).
    Removing spi.o(.ARM.exidx.text.SPI1_SendData), (8 bytes).
    Removing spi.o(.text.SPI1_ReadData), (112 bytes).
    Removing spi.o(.ARM.exidx.text.SPI1_ReadData), (8 bytes).
    Removing spi.o(.ARM.exidx.text.SPI1_IRQHandler), (8 bytes).
    Removing spi.o(.rodata..L__const.SPI_MAINTEST.data1), (10 bytes).
    Removing spi.o(.rodata..L__const.SPI_MAINTEST.data2), (10 bytes).
    Removing adc.o(.text), (0 bytes).
    Removing adc.o(.text.ADC_MAIN_TEST), (88 bytes).
    Removing adc.o(.ARM.exidx.text.ADC_MAIN_TEST), (8 bytes).
    Removing adc.o(.text.ADC1_Init_CH1), (78 bytes).
    Removing adc.o(.ARM.exidx.text.ADC1_Init_CH1), (8 bytes).
    Removing adc.o(.text.ADC1_GetVal), (14 bytes).
    Removing adc.o(.ARM.exidx.text.ADC1_GetVal), (8 bytes).
    Removing ds3231.o(.text), (0 bytes).
    Removing ds3231.o(.text.DS3231_MAIN_TEST), (126 bytes).
    Removing ds3231.o(.ARM.exidx.text.DS3231_MAIN_TEST), (8 bytes).
    Removing ds3231.o(.text.DS3231_Init), (24 bytes).
    Removing ds3231.o(.ARM.exidx.text.DS3231_Init), (8 bytes).
    Removing ds3231.o(.text.DS3231_GetTime), (120 bytes).
    Removing ds3231.o(.ARM.exidx.text.DS3231_GetTime), (8 bytes).
    Removing ds3231.o(.text.DS3231_SetTime), (228 bytes).
    Removing ds3231.o(.ARM.exidx.text.DS3231_SetTime), (8 bytes).
    Removing ds3231.o(.text.DECtoBCD), (46 bytes).
    Removing ds3231.o(.ARM.exidx.text.DECtoBCD), (8 bytes).
    Removing ds3231.o(.text.BCDtoDEC), (30 bytes).
    Removing ds3231.o(.ARM.exidx.text.BCDtoDEC), (8 bytes).
    Removing ds3231.o(.bss.TIME), (7 bytes).
    Removing ds3231.o(.rodata.str1.1), (31 bytes).
    Removing ds3231.o(.bss.DS3231_ADDRESS), (1 bytes).
    Removing dma.o(.text), (0 bytes).
    Removing dma.o(.text.DMA_MAIN_TEST), (26 bytes).
    Removing dma.o(.ARM.exidx.text.DMA_MAIN_TEST), (8 bytes).
    Removing dma.o(.text.DMA1_CH1_Init), (96 bytes).
    Removing dma.o(.ARM.exidx.text.DMA1_CH1_Init), (8 bytes).
    Removing dma.o(.text.DMA1_CH5_UART1_RX_Init), (122 bytes).
    Removing dma.o(.ARM.exidx.text.DMA1_CH5_UART1_RX_Init), (8 bytes).
    Removing dma.o(.text.DMA1_CH1), (60 bytes).
    Removing dma.o(.ARM.exidx.text.DMA1_CH1), (8 bytes).
    Removing dma.o(.text.DMA1_CH5), (60 bytes).
    Removing dma.o(.ARM.exidx.text.DMA1_CH5), (8 bytes).
    Removing dma.o(.ARM.exidx.text.DMA1_Channel5_IRQHandler), (8 bytes).
    Removing dma.o(.bss.DMA_Buffer), (50 bytes).
    Removing dma.o(.data.Buffer_1), (5 bytes).
    Removing dma.o(.data.Buffer_2), (5 bytes).
    Removing dma.o(.bss.Buffer_3), (5 bytes).
    Removing string.o(.text), (0 bytes).
    Removing string.o(.text.str_len), (48 bytes).
    Removing string.o(.ARM.exidx.text.str_len), (8 bytes).
    Removing string.o(.text.str_cpy), (54 bytes).
    Removing string.o(.ARM.exidx.text.str_cpy), (8 bytes).
    Removing string.o(.text.str_cat), (88 bytes).
    Removing string.o(.ARM.exidx.text.str_cat), (8 bytes).
    Removing string.o(.text.str_lwr), (86 bytes).
    Removing string.o(.ARM.exidx.text.str_lwr), (8 bytes).
    Removing string.o(.text.str_upr), (86 bytes).
    Removing string.o(.ARM.exidx.text.str_upr), (8 bytes).
    Removing string.o(.text.BufferClear), (50 bytes).
    Removing string.o(.ARM.exidx.text.BufferClear), (8 bytes).
    Removing uart_v2.o(.text), (0 bytes).
    Removing uart_v2.o(.ARM.exidx.text.USART1_Init), (8 bytes).
    Removing uart_v2.o(.ARM.exidx.text.Setup_GPIO_PA9TX_PA10RX), (8 bytes).
    Removing uart_v2.o(.ARM.exidx.text.USART1_Init_CLK), (8 bytes).
    Removing uart_v2.o(.ARM.exidx.text.USART1_IRQHandler), (8 bytes).
    Removing uart_v2.o(.ARM.exidx.text.Uart_RxMainFunction), (8 bytes).
    Removing uart_v2.o(.ARM.exidx.text.Uart_Transmit), (8 bytes).
    Removing uart_v2.o(.text.Uart_GetTransmitState), (12 bytes).
    Removing uart_v2.o(.ARM.exidx.text.Uart_GetTransmitState), (8 bytes).
    Removing uart_v2.o(.ARM.exidx.text.Uart_TxMainFunction), (8 bytes).
    Removing uart_v2.o(.ARM.exidx.text.Uart_GetReceiveData), (8 bytes).
    Removing uart_v2.o(.text.Uart_GetReceiveState), (12 bytes).
    Removing uart_v2.o(.ARM.exidx.text.Uart_GetReceiveState), (8 bytes).
    Removing uart_v2.o(.ARM.exidx.text.UART_V2_MAIN_TEST), (8 bytes).
    Removing uart_v2.o(.bss.CheckRead), (4 bytes).
    Removing system_stm32f10x.o(.text), (0 bytes).
    Removing system_stm32f10x.o(.ARM.exidx.text.SystemInit), (8 bytes).
    Removing system_stm32f10x.o(.ARM.exidx.text.SetSysClock), (8 bytes).
    Removing system_stm32f10x.o(.text.SystemCoreClockUpdate), (290 bytes).
    Removing system_stm32f10x.o(.ARM.exidx.text.SystemCoreClockUpdate), (8 bytes).
    Removing system_stm32f10x.o(.ARM.exidx.text.SetSysClockTo72), (8 bytes).
    Removing system_stm32f10x.o(.data.SystemCoreClock), (4 bytes).
    Removing system_stm32f10x.o(.rodata.AHBPrescTable), (16 bytes).

269 unused section(s) (total 9485 bytes) removed from the image.

==============================================================================

Image Symbol Table

    Local Symbols

    Symbol Name                              Value     Ov Type        Size  Object(Section)

    ../clib/angel/boardlib.s                 0x00000000   Number         0  boardinit1.o ABSOLUTE
    ../clib/angel/boardlib.s                 0x00000000   Number         0  boardinit2.o ABSOLUTE
    ../clib/angel/boardlib.s                 0x00000000   Number         0  boardinit3.o ABSOLUTE
    ../clib/angel/boardlib.s                 0x00000000   Number         0  boardshut.o ABSOLUTE
    ../clib/angel/handlers.s                 0x00000000   Number         0  __scatter_copy.o ABSOLUTE
    ../clib/angel/handlers.s                 0x00000000   Number         0  __scatter_zi.o ABSOLUTE
    ../clib/angel/kernel.s                   0x00000000   Number         0  __rtentry.o ABSOLUTE
    ../clib/angel/kernel.s                   0x00000000   Number         0  __rtentry2.o ABSOLUTE
    ../clib/angel/kernel.s                   0x00000000   Number         0  __rtentry4.o ABSOLUTE
    ../clib/angel/kernel.s                   0x00000000   Number         0  rtexit.o ABSOLUTE
    ../clib/angel/kernel.s                   0x00000000   Number         0  rtexit2.o ABSOLUTE
    ../clib/angel/rt.s                       0x00000000   Number         0  rt_ctype_table.o ABSOLUTE
    ../clib/angel/rt.s                       0x00000000   Number         0  rt_locale.o ABSOLUTE
    ../clib/angel/rt.s                       0x00000000   Number         0  rt_locale_intlibspace.o ABSOLUTE
    ../clib/angel/rt.s                       0x00000000   Number         0  rt_raise.o ABSOLUTE
    ../clib/angel/scatter.s                  0x00000000   Number         0  __scatter.o ABSOLUTE
    ../clib/angel/startup.s                  0x00000000   Number         0  __main.o ABSOLUTE
    ../clib/angel/sys.s                      0x00000000   Number         0  sys_stackheap_outer.o ABSOLUTE
    ../clib/angel/sys.s                      0x00000000   Number         0  libspace.o ABSOLUTE
    ../clib/angel/sys.s                      0x00000000   Number         0  use_no_semi.o ABSOLUTE
    ../clib/angel/sys.s                      0x00000000   Number         0  indicate_semi.o ABSOLUTE
    ../clib/angel/sysapp.c                   0x00000000   Number         0  sys_exit.o ABSOLUTE
    ../clib/angel/sysapp.c                   0x00000000   Number         0  sys_exit_hlt.o ABSOLUTE
    ../clib/angel/sysapp.c                   0x00000000   Number         0  sys_command.o ABSOLUTE
    ../clib/angel/sysapp.c                   0x00000000   Number         0  sys_command_hlt.o ABSOLUTE
    ../clib/angel/sysapp.c                   0x00000000   Number         0  sys_wrch.o ABSOLUTE
    ../clib/angel/sysapp.c                   0x00000000   Number         0  sys_wrch_hlt.o ABSOLUTE
    ../clib/armsys.c                         0x00000000   Number         0  argv_veneer.o ABSOLUTE
    ../clib/armsys.c                         0x00000000   Number         0  argv_veneer.o ABSOLUTE
    ../clib/armsys.c                         0x00000000   Number         0  _get_argv_nomalloc.o ABSOLUTE
    ../clib/armsys.c                         0x00000000   Number         0  no_argv.o ABSOLUTE
    ../clib/bigflt.c                         0x00000000   Number         0  bigflt0.o ABSOLUTE
    ../clib/btod.s                           0x00000000   Number         0  btod.o ABSOLUTE
    ../clib/btod_accurate.c                  0x00000000   Number         0  btod_accurate.o ABSOLUTE
    ../clib/btod_accurate.c                  0x00000000   Number         0  btod_accurate_common.o ABSOLUTE
    ../clib/heapalloc.c                      0x00000000   Number         0  hrguard.o ABSOLUTE
    ../clib/heapaux.c                        0x00000000   Number         0  heapauxi.o ABSOLUTE
    ../clib/libinit.s                        0x00000000   Number         0  libinit.o ABSOLUTE
    ../clib/libinit.s                        0x00000000   Number         0  libinit2.o ABSOLUTE
    ../clib/libinit.s                        0x00000000   Number         0  libshutdown.o ABSOLUTE
    ../clib/libinit.s                        0x00000000   Number         0  libshutdown2.o ABSOLUTE
    ../clib/locale.c                         0x00000000   Number         0  _c16rtomb.o ABSOLUTE
    ../clib/locale.s                         0x00000000   Number         0  lc_numeric_c.o ABSOLUTE
    ../clib/locale.s                         0x00000000   Number         0  lc_ctype_c.o ABSOLUTE
    ../clib/longlong.s                       0x00000000   Number         0  lludiv10.o ABSOLUTE
    ../clib/longlong.s                       0x00000000   Number         0  llushr.o ABSOLUTE
    ../clib/memcpset.s                       0x00000000   Number         0  rt_memclr.o ABSOLUTE
    ../clib/memcpset.s                       0x00000000   Number         0  rt_memclr_w.o ABSOLUTE
    ../clib/memcpset.s                       0x00000000   Number         0  strcmpv7m.o ABSOLUTE
    ../clib/misc.s                           0x00000000   Number         0  printf_stubs.o ABSOLUTE
    ../clib/printf.c                         0x00000000   Number         0  sprintf.o ABSOLUTE
    ../clib/printf.c                         0x00000000   Number         0  __printf.o ABSOLUTE
    ../clib/printf.c                         0x00000000   Number         0  _printf_pad.o ABSOLUTE
    ../clib/printf.c                         0x00000000   Number         0  _printf_truncate.o ABSOLUTE
    ../clib/printf.c                         0x00000000   Number         0  _printf_str.o ABSOLUTE
    ../clib/printf.c                         0x00000000   Number         0  _printf_dec.o ABSOLUTE
    ../clib/printf.c                         0x00000000   Number         0  _printf_charcount.o ABSOLUTE
    ../clib/printf.c                         0x00000000   Number         0  _printf_char_common.o ABSOLUTE
    ../clib/printf.c                         0x00000000   Number         0  _sputc.o ABSOLUTE
    ../clib/printf.c                         0x00000000   Number         0  _printf_wctomb.o ABSOLUTE
    ../clib/printf.c                         0x00000000   Number         0  _printf_longlong_dec.o ABSOLUTE
    ../clib/printf.c                         0x00000000   Number         0  _printf_oct_ll.o ABSOLUTE
    ../clib/printf.c                         0x00000000   Number         0  _printf_oct_int.o ABSOLUTE
    ../clib/printf.c                         0x00000000   Number         0  _printf_oct_int_ll.o ABSOLUTE
    ../clib/printf.c                         0x00000000   Number         0  _printf_hex_ll.o ABSOLUTE
    ../clib/printf.c                         0x00000000   Number         0  _printf_hex_int.o ABSOLUTE
    ../clib/printf.c                         0x00000000   Number         0  _printf_hex_int_ll.o ABSOLUTE
    ../clib/printf.c                         0x00000000   Number         0  _printf_hex_ptr.o ABSOLUTE
    ../clib/printf.c                         0x00000000   Number         0  _printf_hex_int_ptr.o ABSOLUTE
    ../clib/printf.c                         0x00000000   Number         0  _printf_hex_ll_ptr.o ABSOLUTE
    ../clib/printf.c                         0x00000000   Number         0  _printf_hex_int_ll_ptr.o ABSOLUTE
    ../clib/printf.c                         0x00000000   Number         0  __printf_flags.o ABSOLUTE
    ../clib/printf.c                         0x00000000   Number         0  __printf_ss.o ABSOLUTE
    ../clib/printf.c                         0x00000000   Number         0  __printf_flags_ss.o ABSOLUTE
    ../clib/printf.c                         0x00000000   Number         0  __printf_wp.o ABSOLUTE
    ../clib/printf.c                         0x00000000   Number         0  __printf_flags_wp.o ABSOLUTE
    ../clib/printf.c                         0x00000000   Number         0  __printf_ss_wp.o ABSOLUTE
    ../clib/printf.c                         0x00000000   Number         0  __printf_flags_ss_wp.o ABSOLUTE
    ../clib/printf.c                         0x00000000   Number         0  _printf_intcommon.o ABSOLUTE
    ../clib/printf.c                         0x00000000   Number         0  _printf_fp_dec.o ABSOLUTE
    ../clib/printf.c                         0x00000000   Number         0  _printf_fp_dec_accurate.o ABSOLUTE
    ../clib/printf.c                         0x00000000   Number         0  _printf_fp_hex.o ABSOLUTE
    ../clib/printf.c                         0x00000000   Number         0  __printf_nopercent.o ABSOLUTE
    ../clib/printf.c                         0x00000000   Number         0  _printf_char.o ABSOLUTE
    ../clib/printf.c                         0x00000000   Number         0  _printf_wchar.o ABSOLUTE
    ../clib/printf.c                         0x00000000   Number         0  _printf_fp_infnan.o ABSOLUTE
    ../clib/printf_percent.s                 0x00000000   Number         0  _printf_c.o ABSOLUTE
    ../clib/printf_percent.s                 0x00000000   Number         0  _printf_s.o ABSOLUTE
    ../clib/printf_percent.s                 0x00000000   Number         0  _printf_n.o ABSOLUTE
    ../clib/printf_percent.s                 0x00000000   Number         0  _printf_x.o ABSOLUTE
    ../clib/printf_percent.s                 0x00000000   Number         0  _printf_p.o ABSOLUTE
    ../clib/printf_percent.s                 0x00000000   Number         0  _printf_o.o ABSOLUTE
    ../clib/printf_percent.s                 0x00000000   Number         0  _printf_i.o ABSOLUTE
    ../clib/printf_percent.s                 0x00000000   Number         0  _printf_d.o ABSOLUTE
    ../clib/printf_percent.s                 0x00000000   Number         0  _printf_u.o ABSOLUTE
    ../clib/printf_percent.s                 0x00000000   Number         0  _printf_f.o ABSOLUTE
    ../clib/printf_percent.s                 0x00000000   Number         0  _printf_e.o ABSOLUTE
    ../clib/printf_percent.s                 0x00000000   Number         0  _printf_g.o ABSOLUTE
    ../clib/printf_percent.s                 0x00000000   Number         0  _printf_a.o ABSOLUTE
    ../clib/printf_percent.s                 0x00000000   Number         0  _printf_percent.o ABSOLUTE
    ../clib/printf_percent.s                 0x00000000   Number         0  _printf_lli.o ABSOLUTE
    ../clib/printf_percent.s                 0x00000000   Number         0  _printf_lld.o ABSOLUTE
    ../clib/printf_percent.s                 0x00000000   Number         0  _printf_llu.o ABSOLUTE
    ../clib/printf_percent.s                 0x00000000   Number         0  _printf_ll.o ABSOLUTE
    ../clib/printf_percent.s                 0x00000000   Number         0  _printf_l.o ABSOLUTE
    ../clib/printf_percent.s                 0x00000000   Number         0  _printf_lc.o ABSOLUTE
    ../clib/printf_percent.s                 0x00000000   Number         0  _printf_ls.o ABSOLUTE
    ../clib/printf_percent.s                 0x00000000   Number         0  _printf_llo.o ABSOLUTE
    ../clib/printf_percent.s                 0x00000000   Number         0  _printf_llx.o ABSOLUTE
    ../clib/printf_percent.s                 0x00000000   Number         0  _printf_percent_end.o ABSOLUTE
    ../clib/signal.c                         0x00000000   Number         0  defsig_rtmem_outer.o ABSOLUTE
    ../clib/signal.c                         0x00000000   Number         0  defsig_rtmem_formal.o ABSOLUTE
    ../clib/signal.c                         0x00000000   Number         0  defsig_exit.o ABSOLUTE
    ../clib/signal.c                         0x00000000   Number         0  defsig_rtmem_inner.o ABSOLUTE
    ../clib/signal.c                         0x00000000   Number         0  __raise.o ABSOLUTE
    ../clib/signal.c                         0x00000000   Number         0  defsig_general.o ABSOLUTE
    ../clib/signal.c                         0x00000000   Number         0  defsig_abrt_inner.o ABSOLUTE
    ../clib/signal.c                         0x00000000   Number         0  defsig_fpe_inner.o ABSOLUTE
    ../clib/signal.c                         0x00000000   Number         0  defsig_rtred_inner.o ABSOLUTE
    ../clib/signal.c                         0x00000000   Number         0  defsig_stak_inner.o ABSOLUTE
    ../clib/signal.c                         0x00000000   Number         0  defsig_pvfn_inner.o ABSOLUTE
    ../clib/signal.c                         0x00000000   Number         0  defsig_cppl_inner.o ABSOLUTE
    ../clib/signal.c                         0x00000000   Number         0  defsig_segv_inner.o ABSOLUTE
    ../clib/signal.c                         0x00000000   Number         0  defsig_other.o ABSOLUTE
    ../clib/signal.s                         0x00000000   Number         0  defsig.o ABSOLUTE
    ../clib/stdlib.c                         0x00000000   Number         0  exit.o ABSOLUTE
    ../fplib/fpinit.s                        0x00000000   Number         0  fpinit.o ABSOLUTE
    ../fplib/fpinit_empty.s                  0x00000000   Number         0  fpinit_empty.o ABSOLUTE
    ../fplib/istatus.s                       0x00000000   Number         0  istatus.o ABSOLUTE
    ../fplib/printf1.s                       0x00000000   Number         0  printf1.o ABSOLUTE
    ../fplib/printf2.s                       0x00000000   Number         0  printf2.o ABSOLUTE
    ../fplib/printf2a.s                      0x00000000   Number         0  printf2a.o ABSOLUTE
    ../fplib/printf2b.s                      0x00000000   Number         0  printf2b.o ABSOLUTE
    ../fplib/usenofp.s                       0x00000000   Number         0  usenofp.o ABSOLUTE
    ../mathlib/fpclassify.c                  0x00000000   Number         0  fpclassify.o ABSOLUTE
    ADC.c                                    0x00000000   Number         0  adc.o ABSOLUTE
    CLOCK.c                                  0x00000000   Number         0  clock.o ABSOLUTE
    DMA.c                                    0x00000000   Number         0  dma.o ABSOLUTE
    DS3231.c                                 0x00000000   Number         0  ds3231.o ABSOLUTE
    EXTI.c                                   0x00000000   Number         0  exti.o ABSOLUTE
    GPIO.c                                   0x00000000   Number         0  gpio.o ABSOLUTE
    I2C.c                                    0x00000000   Number         0  i2c.o ABSOLUTE
    NVIC.c                                   0x00000000   Number         0  nvic.o ABSOLUTE
    PCF8574.c                                0x00000000   Number         0  pcf8574.o ABSOLUTE
    RTE/Device/STM32F103C8/startup_stm32f10x_md.s 0x00000000   Number         0  startup_stm32f10x_md.o ABSOLUTE
    SPI.c                                    0x00000000   Number         0  spi.o ABSOLUTE
    SYSTICK.c                                0x00000000   Number         0  systick.o ABSOLUTE
    Softtimer.c                              0x00000000   Number         0  softtimer.o ABSOLUTE
    String.c                                 0x00000000   Number         0  string.o ABSOLUTE
    Timer.c                                  0x00000000   Number         0  timer.o ABSOLUTE
    UART_V2.c                                0x00000000   Number         0  uart_v2.o ABSOLUTE
    USART.c                                  0x00000000   Number         0  usart.o ABSOLUTE
    dc.s                                     0x00000000   Number         0  dc.o ABSOLUTE
    main.c                                   0x00000000   Number         0  main.o ABSOLUTE
    system_stm32f10x.c                       0x00000000   Number         0  system_stm32f10x.o ABSOLUTE
    RESET                                    0x08000000   Section      236  startup_stm32f10x_md.o(RESET)
    !!!main                                  0x080000ec   Section        8  __main.o(!!!main)
    !!!scatter                               0x080000f4   Section       52  __scatter.o(!!!scatter)
    !!handler_copy                           0x08000128   Section       26  __scatter_copy.o(!!handler_copy)
    !!handler_zi                             0x08000144   Section       28  __scatter_zi.o(!!handler_zi)
    .ARM.Collect$$libinit$$00000000          0x08000160   Section        2  libinit.o(.ARM.Collect$$libinit$$00000000)
    .ARM.Collect$$libinit$$00000002          0x08000162   Section        0  libinit2.o(.ARM.Collect$$libinit$$00000002)
    .ARM.Collect$$libinit$$00000004          0x08000162   Section        0  libinit2.o(.ARM.Collect$$libinit$$00000004)
    .ARM.Collect$$libinit$$00000006          0x08000162   Section        0  libinit2.o(.ARM.Collect$$libinit$$00000006)
    .ARM.Collect$$libinit$$0000000C          0x08000162   Section        0  libinit2.o(.ARM.Collect$$libinit$$0000000C)
    .ARM.Collect$$libinit$$0000000E          0x08000162   Section        0  libinit2.o(.ARM.Collect$$libinit$$0000000E)
    .ARM.Collect$$libinit$$00000010          0x08000162   Section        0  libinit2.o(.ARM.Collect$$libinit$$00000010)
    .ARM.Collect$$libinit$$00000013          0x08000162   Section        0  libinit2.o(.ARM.Collect$$libinit$$00000013)
    .ARM.Collect$$libinit$$00000015          0x08000162   Section        0  libinit2.o(.ARM.Collect$$libinit$$00000015)
    .ARM.Collect$$libinit$$00000017          0x08000162   Section        0  libinit2.o(.ARM.Collect$$libinit$$00000017)
    .ARM.Collect$$libinit$$00000019          0x08000162   Section        0  libinit2.o(.ARM.Collect$$libinit$$00000019)
    .ARM.Collect$$libinit$$0000001B          0x08000162   Section        0  libinit2.o(.ARM.Collect$$libinit$$0000001B)
    .ARM.Collect$$libinit$$0000001D          0x08000162   Section        0  libinit2.o(.ARM.Collect$$libinit$$0000001D)
    .ARM.Collect$$libinit$$0000001F          0x08000162   Section        0  libinit2.o(.ARM.Collect$$libinit$$0000001F)
    .ARM.Collect$$libinit$$00000021          0x08000162   Section        0  libinit2.o(.ARM.Collect$$libinit$$00000021)
    .ARM.Collect$$libinit$$00000023          0x08000162   Section        0  libinit2.o(.ARM.Collect$$libinit$$00000023)
    .ARM.Collect$$libinit$$00000025          0x08000162   Section        0  libinit2.o(.ARM.Collect$$libinit$$00000025)
    .ARM.Collect$$libinit$$00000027          0x08000162   Section        0  libinit2.o(.ARM.Collect$$libinit$$00000027)
    .ARM.Collect$$libinit$$0000002E          0x08000162   Section        0  libinit2.o(.ARM.Collect$$libinit$$0000002E)
    .ARM.Collect$$libinit$$00000030          0x08000162   Section        0  libinit2.o(.ARM.Collect$$libinit$$00000030)
    .ARM.Collect$$libinit$$00000032          0x08000162   Section        0  libinit2.o(.ARM.Collect$$libinit$$00000032)
    .ARM.Collect$$libinit$$00000034          0x08000162   Section        0  libinit2.o(.ARM.Collect$$libinit$$00000034)
    .ARM.Collect$$libinit$$00000035          0x08000162   Section        2  libinit2.o(.ARM.Collect$$libinit$$00000035)
    .ARM.Collect$$libshutdown$$00000000      0x08000164   Section        2  libshutdown.o(.ARM.Collect$$libshutdown$$00000000)
    .ARM.Collect$$libshutdown$$00000002      0x08000166   Section        0  libshutdown2.o(.ARM.Collect$$libshutdown$$00000002)
    .ARM.Collect$$libshutdown$$00000004      0x08000166   Section        0  libshutdown2.o(.ARM.Collect$$libshutdown$$00000004)
    .ARM.Collect$$libshutdown$$00000007      0x08000166   Section        0  libshutdown2.o(.ARM.Collect$$libshutdown$$00000007)
    .ARM.Collect$$libshutdown$$0000000A      0x08000166   Section        0  libshutdown2.o(.ARM.Collect$$libshutdown$$0000000A)
    .ARM.Collect$$libshutdown$$0000000C      0x08000166   Section        0  libshutdown2.o(.ARM.Collect$$libshutdown$$0000000C)
    .ARM.Collect$$libshutdown$$0000000F      0x08000166   Section        0  libshutdown2.o(.ARM.Collect$$libshutdown$$0000000F)
    .ARM.Collect$$libshutdown$$00000010      0x08000166   Section        2  libshutdown2.o(.ARM.Collect$$libshutdown$$00000010)
    .ARM.Collect$$rtentry$$00000000          0x08000168   Section        0  __rtentry.o(.ARM.Collect$$rtentry$$00000000)
    .ARM.Collect$$rtentry$$00000002          0x08000168   Section        0  __rtentry2.o(.ARM.Collect$$rtentry$$00000002)
    .ARM.Collect$$rtentry$$00000004          0x08000168   Section        6  __rtentry4.o(.ARM.Collect$$rtentry$$00000004)
    .ARM.Collect$$rtentry$$00000009          0x0800016e   Section        0  __rtentry2.o(.ARM.Collect$$rtentry$$00000009)
    .ARM.Collect$$rtentry$$0000000A          0x0800016e   Section        4  __rtentry2.o(.ARM.Collect$$rtentry$$0000000A)
    .ARM.Collect$$rtentry$$0000000C          0x08000172   Section        0  __rtentry2.o(.ARM.Collect$$rtentry$$0000000C)
    .ARM.Collect$$rtentry$$0000000D          0x08000172   Section        8  __rtentry2.o(.ARM.Collect$$rtentry$$0000000D)
    .ARM.Collect$$rtexit$$00000000           0x0800017a   Section        2  rtexit.o(.ARM.Collect$$rtexit$$00000000)
    .ARM.Collect$$rtexit$$00000002           0x0800017c   Section        0  rtexit2.o(.ARM.Collect$$rtexit$$00000002)
    .ARM.Collect$$rtexit$$00000003           0x0800017c   Section        4  rtexit2.o(.ARM.Collect$$rtexit$$00000003)
    .ARM.Collect$$rtexit$$00000004           0x08000180   Section        6  rtexit2.o(.ARM.Collect$$rtexit$$00000004)
    .text                                    0x08000188   Section       64  startup_stm32f10x_md.o(.text)
    .text                                    0x080001c8   Section        0  heapauxi.o(.text)
    .text                                    0x080001ce   Section       74  sys_stackheap_outer.o(.text)
    .text                                    0x08000218   Section        0  exit.o(.text)
    .text                                    0x0800022c   Section        8  libspace.o(.text)
    .text                                    0x08000234   Section        0  sys_exit.o(.text)
    .text                                    0x08000240   Section        2  use_no_semi.o(.text)
    .text                                    0x08000242   Section        0  indicate_semi.o(.text)
    [Anonymous Symbol]                       0x08000244   Section        0  dma.o(.text.DMA1_Channel5_IRQHandler)
    [Anonymous Symbol]                       0x0800027c   Section        0  timer.o(.text.Delay_TIM2_ms)
    [Anonymous Symbol]                       0x080002b0   Section        0  exti.o(.text.EXTI1_IRQHandler)
    [Anonymous Symbol]                       0x08000308   Section        0  clock.o(.text.Enable_Disable_Clock_PortA)
    [Anonymous Symbol]                       0x08000340   Section        0  clock.o(.text.Enable_Disable_Clock_PortB)
    [Anonymous Symbol]                       0x08000378   Section        0  clock.o(.text.InitClockHSE)
    [Anonymous Symbol]                       0x08000474   Section        0  timer.o(.text.Init_TIM2_Delay)
    [Anonymous Symbol]                       0x080004f8   Section        0  nvic.o(.text.NVIC_ClearPendingFlag)
    [Anonymous Symbol]                       0x0800052c   Section        0  nvic.o(.text.NVIC_EnableInterrupt)
    [Anonymous Symbol]                       0x08000560   Section        0  nvic.o(.text.NVIC_SetPriority)
    [Anonymous Symbol]                       0x08000598   Section        0  gpio.o(.text.ReadPin)
    [Anonymous Symbol]                       0x08000694   Section        0  spi.o(.text.SPI1_DisableSlave)
    [Anonymous Symbol]                       0x080006a8   Section        0  spi.o(.text.SPI1_IRQHandler)
    SetINPUT                                 0x080006d5   Thumb Code   118  gpio.o(.text.SetINPUT)
    [Anonymous Symbol]                       0x080006d4   Section        0  gpio.o(.text.SetINPUT)
    SetOUTPUT                                0x0800074d   Thumb Code   150  gpio.o(.text.SetOUTPUT)
    [Anonymous Symbol]                       0x0800074c   Section        0  gpio.o(.text.SetOUTPUT)
    [Anonymous Symbol]                       0x080007e4   Section        0  gpio.o(.text.SetPinInput)
    [Anonymous Symbol]                       0x08000b48   Section        0  gpio.o(.text.SetPinOutput)
    SetPullUpDown                            0x08000d91   Thumb Code    66  gpio.o(.text.SetPullUpDown)
    [Anonymous Symbol]                       0x08000d90   Section        0  gpio.o(.text.SetPullUpDown)
    SetSysClock                              0x08000dd5   Thumb Code     8  system_stm32f10x.o(.text.SetSysClock)
    [Anonymous Symbol]                       0x08000dd4   Section        0  system_stm32f10x.o(.text.SetSysClock)
    SetSysClockTo72                          0x08000ddd   Thumb Code   290  system_stm32f10x.o(.text.SetSysClockTo72)
    [Anonymous Symbol]                       0x08000ddc   Section        0  system_stm32f10x.o(.text.SetSysClockTo72)
    Setup_GPIO_PA9TX_PA10RX                  0x08000f01   Thumb Code    56  uart_v2.o(.text.Setup_GPIO_PA9TX_PA10RX)
    [Anonymous Symbol]                       0x08000f00   Section        0  uart_v2.o(.text.Setup_GPIO_PA9TX_PA10RX)
    [Anonymous Symbol]                       0x08000f38   Section        0  softtimer.o(.text.SysTick_Handler)
    [Anonymous Symbol]                       0x08000f48   Section        0  system_stm32f10x.o(.text.SystemInit)
    [Anonymous Symbol]                       0x08000fb0   Section        0  timer.o(.text.TIM2_IRQHandler)
    [Anonymous Symbol]                       0x08000fd0   Section        0  uart_v2.o(.text.UART_V2_MAIN_TEST)
    [Anonymous Symbol]                       0x08001038   Section        0  uart_v2.o(.text.USART1_IRQHandler)
    [Anonymous Symbol]                       0x08001054   Section        0  uart_v2.o(.text.USART1_Init)
    USART1_Init_CLK                          0x080010dd   Thumb Code    18  uart_v2.o(.text.USART1_Init_CLK)
    [Anonymous Symbol]                       0x080010dc   Section        0  uart_v2.o(.text.USART1_Init_CLK)
    [Anonymous Symbol]                       0x080010f0   Section        0  usart.o(.text.USART1_SendData)
    [Anonymous Symbol]                       0x08001158   Section        0  uart_v2.o(.text.Uart_GetReceiveData)
    [Anonymous Symbol]                       0x08001220   Section        0  uart_v2.o(.text.Uart_RxMainFunction)
    [Anonymous Symbol]                       0x08001268   Section        0  uart_v2.o(.text.Uart_Transmit)
    [Anonymous Symbol]                       0x080012d8   Section        0  uart_v2.o(.text.Uart_TxMainFunction)
    [Anonymous Symbol]                       0x0800135c   Section        0  main.o(.text.main)
    TestDataSend                             0x20000000   Data           5  uart_v2.o(.data.TestDataSend)
    [Anonymous Symbol]                       0x20000000   Section        0  uart_v2.o(.data.TestDataSend)
    .bss                                     0x20000008   Section       96  libspace.o(.bss)
    Count                                    0x20000068   Data           4  timer.o(.bss.Count)
    [Anonymous Symbol]                       0x20000068   Section        0  timer.o(.bss.Count)
    Index_Read                               0x2000006d   Data           1  uart_v2.o(.bss.Index_Read)
    [Anonymous Symbol]                       0x2000006d   Section        0  uart_v2.o(.bss.Index_Read)
    Index_Write                              0x2000006e   Data           1  uart_v2.o(.bss.Index_Write)
    [Anonymous Symbol]                       0x2000006e   Section        0  uart_v2.o(.bss.Index_Write)
    LengthBufferRead                         0x20000070   Data           4  uart_v2.o(.bss.LengthBufferRead)
    [Anonymous Symbol]                       0x20000070   Section        0  uart_v2.o(.bss.LengthBufferRead)
    LengthBufferSend                         0x20000074   Data           4  uart_v2.o(.bss.LengthBufferSend)
    [Anonymous Symbol]                       0x20000074   Section        0  uart_v2.o(.bss.LengthBufferSend)
    Receive_State                            0x20000078   Data           1  uart_v2.o(.bss.Receive_State)
    [Anonymous Symbol]                       0x20000078   Section        0  uart_v2.o(.bss.Receive_State)
    Software_Buffer_Read                     0x2000007a   Data          10  uart_v2.o(.bss.Software_Buffer_Read)
    [Anonymous Symbol]                       0x2000007a   Section        0  uart_v2.o(.bss.Software_Buffer_Read)
    Software_Buffer_Send                     0x20000084   Data          10  uart_v2.o(.bss.Software_Buffer_Send)
    [Anonymous Symbol]                       0x20000084   Section        0  uart_v2.o(.bss.Software_Buffer_Send)
    TestReadData                             0x2000008e   Data          20  uart_v2.o(.bss.TestReadData)
    [Anonymous Symbol]                       0x2000008e   Section        0  uart_v2.o(.bss.TestReadData)
    Transmit_State                           0x200000a8   Data           1  uart_v2.o(.bss.Transmit_State)
    [Anonymous Symbol]                       0x200000a8   Section        0  uart_v2.o(.bss.Transmit_State)
    Uart_TxMainFunction.idex                 0x200000ac   Data           4  uart_v2.o(.bss.Uart_TxMainFunction.idex)
    [Anonymous Symbol]                       0x200000ac   Section        0  uart_v2.o(.bss.Uart_TxMainFunction.idex)
    flag                                     0x200000b0   Data           1  exti.o(.bss.flag)
    [Anonymous Symbol]                       0x200000b0   Section        0  exti.o(.bss.flag)
    Heap_Mem                                 0x200000b8   Data         512  startup_stm32f10x_md.o(HEAP)
    HEAP                                     0x200000b8   Section      512  startup_stm32f10x_md.o(HEAP)
    Stack_Mem                                0x200002b8   Data        1024  startup_stm32f10x_md.o(STACK)
    STACK                                    0x200002b8   Section     1024  startup_stm32f10x_md.o(STACK)
    __initial_sp                             0x200006b8   Data           0  startup_stm32f10x_md.o(STACK)

    Global Symbols

    Symbol Name                              Value     Ov Type        Size  Object(Section)

    BuildAttributes$$THM_ISAv4$P$D$K$B$S$PE$A:L22UL41UL21$X:L11$S22US41US21$IEEE1$IW$~IW$USESV6$~STKCKD$USESV7$~SHL$OTIME$ROPI$IEEEJ$EBA8$UX$STANDARDLIB$REQ8$PRES8$EABIv2 0x00000000   Number         0  anon$$obj.o ABSOLUTE
    __fp_init_empty                          0x00000000   Number         0  fpinit_empty.o ABSOLUTE
    _printf_flags                            0x00000000   Number         0  printf_stubs.o ABSOLUTE
    _printf_return_value                     0x00000000   Number         0  printf_stubs.o ABSOLUTE
    _printf_sizespec                         0x00000000   Number         0  printf_stubs.o ABSOLUTE
    _printf_widthprec                        0x00000000   Number         0  printf_stubs.o ABSOLUTE
    __ARM_exceptions_init                     - Undefined Weak Reference
    __alloca_initialize                       - Undefined Weak Reference
    __arm_preinit_                            - Undefined Weak Reference
    __arm_relocate_pie_                       - Undefined Weak Reference
    __cpp_initialize__aeabi_                  - Undefined Weak Reference
    __cxa_finalize                            - Undefined Weak Reference
    __sigvec_lookup                           - Undefined Weak Reference
    _atexit_init                              - Undefined Weak Reference
    _call_atexit_fns                          - Undefined Weak Reference
    _clock_init                               - Undefined Weak Reference
    _fp_trap_init                             - Undefined Weak Reference
    _fp_trap_shutdown                         - Undefined Weak Reference
    _get_lc_collate                           - Undefined Weak Reference
    _get_lc_monetary                          - Undefined Weak Reference
    _get_lc_time                              - Undefined Weak Reference
    _getenv_init                              - Undefined Weak Reference
    _handle_redirection                       - Undefined Weak Reference
    _init_alloc                               - Undefined Weak Reference
    _init_user_alloc                          - Undefined Weak Reference
    _initio                                   - Undefined Weak Reference
    _printf_mbtowc                            - Undefined Weak Reference
    _printf_wc                                - Undefined Weak Reference
    _rand_init                                - Undefined Weak Reference
    _signal_finish                            - Undefined Weak Reference
    _signal_init                              - Undefined Weak Reference
    _terminate_alloc                          - Undefined Weak Reference
    _terminate_user_alloc                     - Undefined Weak Reference
    _terminateio                              - Undefined Weak Reference
    __Vectors_Size                           0x000000ec   Number         0  startup_stm32f10x_md.o ABSOLUTE
    __Vectors                                0x08000000   Data           4  startup_stm32f10x_md.o(RESET)
    __Vectors_End                            0x080000ec   Data           0  startup_stm32f10x_md.o(RESET)
    __main                                   0x080000ed   Thumb Code     8  __main.o(!!!main)
    __scatterload                            0x080000f5   Thumb Code     0  __scatter.o(!!!scatter)
    __scatterload_rt2                        0x080000f5   Thumb Code    44  __scatter.o(!!!scatter)
    __scatterload_rt2_thumb_only             0x080000f5   Thumb Code     0  __scatter.o(!!!scatter)
    __scatterload_null                       0x08000103   Thumb Code     0  __scatter.o(!!!scatter)
    __scatterload_copy                       0x08000129   Thumb Code    26  __scatter_copy.o(!!handler_copy)
    __scatterload_zeroinit                   0x08000145   Thumb Code    28  __scatter_zi.o(!!handler_zi)
    __rt_lib_init                            0x08000161   Thumb Code     0  libinit.o(.ARM.Collect$$libinit$$00000000)
    __rt_lib_init_alloca_1                   0x08000163   Thumb Code     0  libinit2.o(.ARM.Collect$$libinit$$00000030)
    __rt_lib_init_argv_1                     0x08000163   Thumb Code     0  libinit2.o(.ARM.Collect$$libinit$$0000002E)
    __rt_lib_init_atexit_1                   0x08000163   Thumb Code     0  libinit2.o(.ARM.Collect$$libinit$$0000001D)
    __rt_lib_init_clock_1                    0x08000163   Thumb Code     0  libinit2.o(.ARM.Collect$$libinit$$00000023)
    __rt_lib_init_cpp_1                      0x08000163   Thumb Code     0  libinit2.o(.ARM.Collect$$libinit$$00000034)
    __rt_lib_init_exceptions_1               0x08000163   Thumb Code     0  libinit2.o(.ARM.Collect$$libinit$$00000032)
    __rt_lib_init_fp_1                       0x08000163   Thumb Code     0  libinit2.o(.ARM.Collect$$libinit$$00000002)
    __rt_lib_init_fp_trap_1                  0x08000163   Thumb Code     0  libinit2.o(.ARM.Collect$$libinit$$00000021)
    __rt_lib_init_getenv_1                   0x08000163   Thumb Code     0  libinit2.o(.ARM.Collect$$libinit$$00000025)
    __rt_lib_init_heap_1                     0x08000163   Thumb Code     0  libinit2.o(.ARM.Collect$$libinit$$0000000C)
    __rt_lib_init_lc_collate_1               0x08000163   Thumb Code     0  libinit2.o(.ARM.Collect$$libinit$$00000013)
    __rt_lib_init_lc_ctype_1                 0x08000163   Thumb Code     0  libinit2.o(.ARM.Collect$$libinit$$00000015)
    __rt_lib_init_lc_monetary_1              0x08000163   Thumb Code     0  libinit2.o(.ARM.Collect$$libinit$$00000017)
    __rt_lib_init_lc_numeric_1               0x08000163   Thumb Code     0  libinit2.o(.ARM.Collect$$libinit$$00000019)
    __rt_lib_init_lc_time_1                  0x08000163   Thumb Code     0  libinit2.o(.ARM.Collect$$libinit$$0000001B)
    __rt_lib_init_preinit_1                  0x08000163   Thumb Code     0  libinit2.o(.ARM.Collect$$libinit$$00000006)
    __rt_lib_init_rand_1                     0x08000163   Thumb Code     0  libinit2.o(.ARM.Collect$$libinit$$00000010)
    __rt_lib_init_relocate_pie_1             0x08000163   Thumb Code     0  libinit2.o(.ARM.Collect$$libinit$$00000004)
    __rt_lib_init_return                     0x08000163   Thumb Code     0  libinit2.o(.ARM.Collect$$libinit$$00000035)
    __rt_lib_init_signal_1                   0x08000163   Thumb Code     0  libinit2.o(.ARM.Collect$$libinit$$0000001F)
    __rt_lib_init_stdio_1                    0x08000163   Thumb Code     0  libinit2.o(.ARM.Collect$$libinit$$00000027)
    __rt_lib_init_user_alloc_1               0x08000163   Thumb Code     0  libinit2.o(.ARM.Collect$$libinit$$0000000E)
    __rt_lib_shutdown                        0x08000165   Thumb Code     0  libshutdown.o(.ARM.Collect$$libshutdown$$00000000)
    __rt_lib_shutdown_cpp_1                  0x08000167   Thumb Code     0  libshutdown2.o(.ARM.Collect$$libshutdown$$00000002)
    __rt_lib_shutdown_fp_trap_1              0x08000167   Thumb Code     0  libshutdown2.o(.ARM.Collect$$libshutdown$$00000007)
    __rt_lib_shutdown_heap_1                 0x08000167   Thumb Code     0  libshutdown2.o(.ARM.Collect$$libshutdown$$0000000F)
    __rt_lib_shutdown_return                 0x08000167   Thumb Code     0  libshutdown2.o(.ARM.Collect$$libshutdown$$00000010)
    __rt_lib_shutdown_signal_1               0x08000167   Thumb Code     0  libshutdown2.o(.ARM.Collect$$libshutdown$$0000000A)
    __rt_lib_shutdown_stdio_1                0x08000167   Thumb Code     0  libshutdown2.o(.ARM.Collect$$libshutdown$$00000004)
    __rt_lib_shutdown_user_alloc_1           0x08000167   Thumb Code     0  libshutdown2.o(.ARM.Collect$$libshutdown$$0000000C)
    __rt_entry                               0x08000169   Thumb Code     0  __rtentry.o(.ARM.Collect$$rtentry$$00000000)
    __rt_entry_presh_1                       0x08000169   Thumb Code     0  __rtentry2.o(.ARM.Collect$$rtentry$$00000002)
    __rt_entry_sh                            0x08000169   Thumb Code     0  __rtentry4.o(.ARM.Collect$$rtentry$$00000004)
    __rt_entry_li                            0x0800016f   Thumb Code     0  __rtentry2.o(.ARM.Collect$$rtentry$$0000000A)
    __rt_entry_postsh_1                      0x0800016f   Thumb Code     0  __rtentry2.o(.ARM.Collect$$rtentry$$00000009)
    __rt_entry_main                          0x08000173   Thumb Code     0  __rtentry2.o(.ARM.Collect$$rtentry$$0000000D)
    __rt_entry_postli_1                      0x08000173   Thumb Code     0  __rtentry2.o(.ARM.Collect$$rtentry$$0000000C)
    __rt_exit                                0x0800017b   Thumb Code     0  rtexit.o(.ARM.Collect$$rtexit$$00000000)
    __rt_exit_ls                             0x0800017d   Thumb Code     0  rtexit2.o(.ARM.Collect$$rtexit$$00000003)
    __rt_exit_prels_1                        0x0800017d   Thumb Code     0  rtexit2.o(.ARM.Collect$$rtexit$$00000002)
    __rt_exit_exit                           0x08000181   Thumb Code     0  rtexit2.o(.ARM.Collect$$rtexit$$00000004)
    Reset_Handler                            0x08000189   Thumb Code     8  startup_stm32f10x_md.o(.text)
    NMI_Handler                              0x08000191   Thumb Code     2  startup_stm32f10x_md.o(.text)
    HardFault_Handler                        0x08000193   Thumb Code     2  startup_stm32f10x_md.o(.text)
    MemManage_Handler                        0x08000195   Thumb Code     2  startup_stm32f10x_md.o(.text)
    BusFault_Handler                         0x08000197   Thumb Code     2  startup_stm32f10x_md.o(.text)
    UsageFault_Handler                       0x08000199   Thumb Code     2  startup_stm32f10x_md.o(.text)
    SVC_Handler                              0x0800019b   Thumb Code     2  startup_stm32f10x_md.o(.text)
    DebugMon_Handler                         0x0800019d   Thumb Code     2  startup_stm32f10x_md.o(.text)
    PendSV_Handler                           0x0800019f   Thumb Code     2  startup_stm32f10x_md.o(.text)
    ADC1_2_IRQHandler                        0x080001a3   Thumb Code     0  startup_stm32f10x_md.o(.text)
    CAN1_RX1_IRQHandler                      0x080001a3   Thumb Code     0  startup_stm32f10x_md.o(.text)
    CAN1_SCE_IRQHandler                      0x080001a3   Thumb Code     0  startup_stm32f10x_md.o(.text)
    DMA1_Channel1_IRQHandler                 0x080001a3   Thumb Code     0  startup_stm32f10x_md.o(.text)
    DMA1_Channel2_IRQHandler                 0x080001a3   Thumb Code     0  startup_stm32f10x_md.o(.text)
    DMA1_Channel3_IRQHandler                 0x080001a3   Thumb Code     0  startup_stm32f10x_md.o(.text)
    DMA1_Channel4_IRQHandler                 0x080001a3   Thumb Code     0  startup_stm32f10x_md.o(.text)
    DMA1_Channel6_IRQHandler                 0x080001a3   Thumb Code     0  startup_stm32f10x_md.o(.text)
    DMA1_Channel7_IRQHandler                 0x080001a3   Thumb Code     0  startup_stm32f10x_md.o(.text)
    EXTI0_IRQHandler                         0x080001a3   Thumb Code     0  startup_stm32f10x_md.o(.text)
    EXTI15_10_IRQHandler                     0x080001a3   Thumb Code     0  startup_stm32f10x_md.o(.text)
    EXTI2_IRQHandler                         0x080001a3   Thumb Code     0  startup_stm32f10x_md.o(.text)
    EXTI3_IRQHandler                         0x080001a3   Thumb Code     0  startup_stm32f10x_md.o(.text)
    EXTI4_IRQHandler                         0x080001a3   Thumb Code     0  startup_stm32f10x_md.o(.text)
    EXTI9_5_IRQHandler                       0x080001a3   Thumb Code     0  startup_stm32f10x_md.o(.text)
    FLASH_IRQHandler                         0x080001a3   Thumb Code     0  startup_stm32f10x_md.o(.text)
    I2C1_ER_IRQHandler                       0x080001a3   Thumb Code     0  startup_stm32f10x_md.o(.text)
    I2C1_EV_IRQHandler                       0x080001a3   Thumb Code     0  startup_stm32f10x_md.o(.text)
    I2C2_ER_IRQHandler                       0x080001a3   Thumb Code     0  startup_stm32f10x_md.o(.text)
    I2C2_EV_IRQHandler                       0x080001a3   Thumb Code     0  startup_stm32f10x_md.o(.text)
    PVD_IRQHandler                           0x080001a3   Thumb Code     0  startup_stm32f10x_md.o(.text)
    RCC_IRQHandler                           0x080001a3   Thumb Code     0  startup_stm32f10x_md.o(.text)
    RTCAlarm_IRQHandler                      0x080001a3   Thumb Code     0  startup_stm32f10x_md.o(.text)
    RTC_IRQHandler                           0x080001a3   Thumb Code     0  startup_stm32f10x_md.o(.text)
    SPI2_IRQHandler                          0x080001a3   Thumb Code     0  startup_stm32f10x_md.o(.text)
    TAMPER_IRQHandler                        0x080001a3   Thumb Code     0  startup_stm32f10x_md.o(.text)
    TIM1_BRK_IRQHandler                      0x080001a3   Thumb Code     0  startup_stm32f10x_md.o(.text)
    TIM1_CC_IRQHandler                       0x080001a3   Thumb Code     0  startup_stm32f10x_md.o(.text)
    TIM1_TRG_COM_IRQHandler                  0x080001a3   Thumb Code     0  startup_stm32f10x_md.o(.text)
    TIM1_UP_IRQHandler                       0x080001a3   Thumb Code     0  startup_stm32f10x_md.o(.text)
    TIM3_IRQHandler                          0x080001a3   Thumb Code     0  startup_stm32f10x_md.o(.text)
    TIM4_IRQHandler                          0x080001a3   Thumb Code     0  startup_stm32f10x_md.o(.text)
    USART2_IRQHandler                        0x080001a3   Thumb Code     0  startup_stm32f10x_md.o(.text)
    USART3_IRQHandler                        0x080001a3   Thumb Code     0  startup_stm32f10x_md.o(.text)
    USBWakeUp_IRQHandler                     0x080001a3   Thumb Code     0  startup_stm32f10x_md.o(.text)
    USB_HP_CAN1_TX_IRQHandler                0x080001a3   Thumb Code     0  startup_stm32f10x_md.o(.text)
    USB_LP_CAN1_RX0_IRQHandler               0x080001a3   Thumb Code     0  startup_stm32f10x_md.o(.text)
    WWDG_IRQHandler                          0x080001a3   Thumb Code     0  startup_stm32f10x_md.o(.text)
    __user_initial_stackheap                 0x080001a5   Thumb Code     0  startup_stm32f10x_md.o(.text)
    __use_two_region_memory                  0x080001c9   Thumb Code     2  heapauxi.o(.text)
    __rt_heap_escrow$2region                 0x080001cb   Thumb Code     2  heapauxi.o(.text)
    __rt_heap_expand$2region                 0x080001cd   Thumb Code     2  heapauxi.o(.text)
    __user_setup_stackheap                   0x080001cf   Thumb Code    74  sys_stackheap_outer.o(.text)
    exit                                     0x08000219   Thumb Code    18  exit.o(.text)
    __user_libspace                          0x0800022d   Thumb Code     8  libspace.o(.text)
    __user_perproc_libspace                  0x0800022d   Thumb Code     0  libspace.o(.text)
    __user_perthread_libspace                0x0800022d   Thumb Code     0  libspace.o(.text)
    _sys_exit                                0x08000235   Thumb Code     8  sys_exit.o(.text)
    __I$use$semihosting                      0x08000241   Thumb Code     0  use_no_semi.o(.text)
    __use_no_semihosting_swi                 0x08000241   Thumb Code     2  use_no_semi.o(.text)
    __semihosting_library_function           0x08000243   Thumb Code     0  indicate_semi.o(.text)
    DMA1_Channel5_IRQHandler                 0x08000245   Thumb Code    56  dma.o(.text.DMA1_Channel5_IRQHandler)
    Delay_TIM2_ms                            0x0800027d   Thumb Code    52  timer.o(.text.Delay_TIM2_ms)
    EXTI1_IRQHandler                         0x080002b1   Thumb Code    88  exti.o(.text.EXTI1_IRQHandler)
    Enable_Disable_Clock_PortA               0x08000309   Thumb Code    56  clock.o(.text.Enable_Disable_Clock_PortA)
    Enable_Disable_Clock_PortB               0x08000341   Thumb Code    56  clock.o(.text.Enable_Disable_Clock_PortB)
    InitClockHSE                             0x08000379   Thumb Code   252  clock.o(.text.InitClockHSE)
    Init_TIM2_Delay                          0x08000475   Thumb Code   130  timer.o(.text.Init_TIM2_Delay)
    NVIC_ClearPendingFlag                    0x080004f9   Thumb Code    50  nvic.o(.text.NVIC_ClearPendingFlag)
    NVIC_EnableInterrupt                     0x0800052d   Thumb Code    50  nvic.o(.text.NVIC_EnableInterrupt)
    NVIC_SetPriority                         0x08000561   Thumb Code    54  nvic.o(.text.NVIC_SetPriority)
    ReadPin                                  0x08000599   Thumb Code   252  gpio.o(.text.ReadPin)
    SPI1_DisableSlave                        0x08000695   Thumb Code    18  spi.o(.text.SPI1_DisableSlave)
    SPI1_IRQHandler                          0x080006a9   Thumb Code    42  spi.o(.text.SPI1_IRQHandler)
    SetPinInput                              0x080007e5   Thumb Code   866  gpio.o(.text.SetPinInput)
    SetPinOutput                             0x08000b49   Thumb Code   582  gpio.o(.text.SetPinOutput)
    SysTick_Handler                          0x08000f39   Thumb Code    16  softtimer.o(.text.SysTick_Handler)
    SystemInit                               0x08000f49   Thumb Code   102  system_stm32f10x.o(.text.SystemInit)
    TIM2_IRQHandler                          0x08000fb1   Thumb Code    30  timer.o(.text.TIM2_IRQHandler)
    UART_V2_MAIN_TEST                        0x08000fd1   Thumb Code   104  uart_v2.o(.text.UART_V2_MAIN_TEST)
    USART1_IRQHandler                        0x08001039   Thumb Code    26  uart_v2.o(.text.USART1_IRQHandler)
    USART1_Init                              0x08001055   Thumb Code   134  uart_v2.o(.text.USART1_Init)
    USART1_SendData                          0x080010f1   Thumb Code   102  usart.o(.text.USART1_SendData)
    Uart_GetReceiveData                      0x08001159   Thumb Code   200  uart_v2.o(.text.Uart_GetReceiveData)
    Uart_RxMainFunction                      0x08001221   Thumb Code    70  uart_v2.o(.text.Uart_RxMainFunction)
    Uart_Transmit                            0x08001269   Thumb Code   110  uart_v2.o(.text.Uart_Transmit)
    Uart_TxMainFunction                      0x080012d9   Thumb Code   130  uart_v2.o(.text.Uart_TxMainFunction)
    main                                     0x0800135d   Thumb Code    10  main.o(.text.main)
    Region$$Table$$Base                      0x08001368   Number         0  anon$$obj.o(Region$$Table)
    Region$$Table$$Limit                     0x08001388   Number         0  anon$$obj.o(Region$$Table)
    __libspace_start                         0x20000008   Data          96  libspace.o(.bss)
    __temporary_stack_top$libspace           0x20000068   Data           0  libspace.o(.bss)
    DMA1_CH5_Transfer_Complete_Flag          0x2000006c   Data           1  dma.o(.bss.DMA1_CH5_Transfer_Complete_Flag)
    SPI_ReadData                             0x20000079   Data           1  spi.o(.bss.SPI_ReadData)
    TimeCountMs                              0x200000a4   Data           4  softtimer.o(.bss.TimeCountMs)



==============================================================================

Memory Map of the image

  Image Entry point : 0x080000ed

  Load Region LR_IROM1 (Base: 0x08000000, Size: 0x00001390, Max: 0x00010000, ABSOLUTE)

    Execution Region ER_IROM1 (Exec base: 0x08000000, Load base: 0x08000000, Size: 0x00001388, Max: 0x00010000, ABSOLUTE)

    Exec Addr    Load Addr    Size         Type   Attr      Idx    E Section Name        Object

    0x08000000   0x08000000   0x000000ec   Data   RO          411    RESET               startup_stm32f10x_md.o
    0x080000ec   0x080000ec   0x00000008   Code   RO          443  * !!!main             c_w.l(__main.o)
    0x080000f4   0x080000f4   0x00000034   Code   RO          782    !!!scatter          c_w.l(__scatter.o)
    0x08000128   0x08000128   0x0000001a   Code   RO          784    !!handler_copy      c_w.l(__scatter_copy.o)
    0x08000142   0x08000142   0x00000002   PAD
    0x08000144   0x08000144   0x0000001c   Code   RO          786    !!handler_zi        c_w.l(__scatter_zi.o)
    0x08000160   0x08000160   0x00000002   Code   RO          630    .ARM.Collect$$libinit$$00000000  c_w.l(libinit.o)
    0x08000162   0x08000162   0x00000000   Code   RO          649    .ARM.Collect$$libinit$$00000002  c_w.l(libinit2.o)
    0x08000162   0x08000162   0x00000000   Code   RO          651    .ARM.Collect$$libinit$$00000004  c_w.l(libinit2.o)
    0x08000162   0x08000162   0x00000000   Code   RO          653    .ARM.Collect$$libinit$$00000006  c_w.l(libinit2.o)
    0x08000162   0x08000162   0x00000000   Code   RO          656    .ARM.Collect$$libinit$$0000000C  c_w.l(libinit2.o)
    0x08000162   0x08000162   0x00000000   Code   RO          658    .ARM.Collect$$libinit$$0000000E  c_w.l(libinit2.o)
    0x08000162   0x08000162   0x00000000   Code   RO          660    .ARM.Collect$$libinit$$00000010  c_w.l(libinit2.o)
    0x08000162   0x08000162   0x00000000   Code   RO          663    .ARM.Collect$$libinit$$00000013  c_w.l(libinit2.o)
    0x08000162   0x08000162   0x00000000   Code   RO          665    .ARM.Collect$$libinit$$00000015  c_w.l(libinit2.o)
    0x08000162   0x08000162   0x00000000   Code   RO          667    .ARM.Collect$$libinit$$00000017  c_w.l(libinit2.o)
    0x08000162   0x08000162   0x00000000   Code   RO          669    .ARM.Collect$$libinit$$00000019  c_w.l(libinit2.o)
    0x08000162   0x08000162   0x00000000   Code   RO          671    .ARM.Collect$$libinit$$0000001B  c_w.l(libinit2.o)
    0x08000162   0x08000162   0x00000000   Code   RO          673    .ARM.Collect$$libinit$$0000001D  c_w.l(libinit2.o)
    0x08000162   0x08000162   0x00000000   Code   RO          675    .ARM.Collect$$libinit$$0000001F  c_w.l(libinit2.o)
    0x08000162   0x08000162   0x00000000   Code   RO          677    .ARM.Collect$$libinit$$00000021  c_w.l(libinit2.o)
    0x08000162   0x08000162   0x00000000   Code   RO          679    .ARM.Collect$$libinit$$00000023  c_w.l(libinit2.o)
    0x08000162   0x08000162   0x00000000   Code   RO          681    .ARM.Collect$$libinit$$00000025  c_w.l(libinit2.o)
    0x08000162   0x08000162   0x00000000   Code   RO          683    .ARM.Collect$$libinit$$00000027  c_w.l(libinit2.o)
    0x08000162   0x08000162   0x00000000   Code   RO          687    .ARM.Collect$$libinit$$0000002E  c_w.l(libinit2.o)
    0x08000162   0x08000162   0x00000000   Code   RO          689    .ARM.Collect$$libinit$$00000030  c_w.l(libinit2.o)
    0x08000162   0x08000162   0x00000000   Code   RO          691    .ARM.Collect$$libinit$$00000032  c_w.l(libinit2.o)
    0x08000162   0x08000162   0x00000000   Code   RO          693    .ARM.Collect$$libinit$$00000034  c_w.l(libinit2.o)
    0x08000162   0x08000162   0x00000002   Code   RO          694    .ARM.Collect$$libinit$$00000035  c_w.l(libinit2.o)
    0x08000164   0x08000164   0x00000002   Code   RO          718    .ARM.Collect$$libshutdown$$00000000  c_w.l(libshutdown.o)
    0x08000166   0x08000166   0x00000000   Code   RO          733    .ARM.Collect$$libshutdown$$00000002  c_w.l(libshutdown2.o)
    0x08000166   0x08000166   0x00000000   Code   RO          735    .ARM.Collect$$libshutdown$$00000004  c_w.l(libshutdown2.o)
    0x08000166   0x08000166   0x00000000   Code   RO          738    .ARM.Collect$$libshutdown$$00000007  c_w.l(libshutdown2.o)
    0x08000166   0x08000166   0x00000000   Code   RO          741    .ARM.Collect$$libshutdown$$0000000A  c_w.l(libshutdown2.o)
    0x08000166   0x08000166   0x00000000   Code   RO          743    .ARM.Collect$$libshutdown$$0000000C  c_w.l(libshutdown2.o)
    0x08000166   0x08000166   0x00000000   Code   RO          746    .ARM.Collect$$libshutdown$$0000000F  c_w.l(libshutdown2.o)
    0x08000166   0x08000166   0x00000002   Code   RO          747    .ARM.Collect$$libshutdown$$00000010  c_w.l(libshutdown2.o)
    0x08000168   0x08000168   0x00000000   Code   RO          445    .ARM.Collect$$rtentry$$00000000  c_w.l(__rtentry.o)
    0x08000168   0x08000168   0x00000000   Code   RO          548    .ARM.Collect$$rtentry$$00000002  c_w.l(__rtentry2.o)
    0x08000168   0x08000168   0x00000006   Code   RO          560    .ARM.Collect$$rtentry$$00000004  c_w.l(__rtentry4.o)
    0x0800016e   0x0800016e   0x00000000   Code   RO          550    .ARM.Collect$$rtentry$$00000009  c_w.l(__rtentry2.o)
    0x0800016e   0x0800016e   0x00000004   Code   RO          551    .ARM.Collect$$rtentry$$0000000A  c_w.l(__rtentry2.o)
    0x08000172   0x08000172   0x00000000   Code   RO          553    .ARM.Collect$$rtentry$$0000000C  c_w.l(__rtentry2.o)
    0x08000172   0x08000172   0x00000008   Code   RO          554    .ARM.Collect$$rtentry$$0000000D  c_w.l(__rtentry2.o)
    0x0800017a   0x0800017a   0x00000002   Code   RO          639    .ARM.Collect$$rtexit$$00000000  c_w.l(rtexit.o)
    0x0800017c   0x0800017c   0x00000000   Code   RO          696    .ARM.Collect$$rtexit$$00000002  c_w.l(rtexit2.o)
    0x0800017c   0x0800017c   0x00000004   Code   RO          697    .ARM.Collect$$rtexit$$00000003  c_w.l(rtexit2.o)
    0x08000180   0x08000180   0x00000006   Code   RO          698    .ARM.Collect$$rtexit$$00000004  c_w.l(rtexit2.o)
    0x08000186   0x08000186   0x00000002   PAD
    0x08000188   0x08000188   0x00000040   Code   RO          412    .text               startup_stm32f10x_md.o
    0x080001c8   0x080001c8   0x00000006   Code   RO          441    .text               c_w.l(heapauxi.o)
    0x080001ce   0x080001ce   0x0000004a   Code   RO          582    .text               c_w.l(sys_stackheap_outer.o)
    0x08000218   0x08000218   0x00000012   Code   RO          623    .text               c_w.l(exit.o)
    0x0800022a   0x0800022a   0x00000002   PAD
    0x0800022c   0x0800022c   0x00000008   Code   RO          636    .text               c_w.l(libspace.o)
    0x08000234   0x08000234   0x0000000c   Code   RO          708    .text               c_w.l(sys_exit.o)
    0x08000240   0x08000240   0x00000002   Code   RO          723    .text               c_w.l(use_no_semi.o)
    0x08000242   0x08000242   0x00000000   Code   RO          725    .text               c_w.l(indicate_semi.o)
    0x08000242   0x08000242   0x00000002   PAD
    0x08000244   0x08000244   0x00000038   Code   RO          336    .text.DMA1_Channel5_IRQHandler  dma.o
    0x0800027c   0x0800027c   0x00000034   Code   RO          138    .text.Delay_TIM2_ms  timer.o
    0x080002b0   0x080002b0   0x00000058   Code   RO           85    .text.EXTI1_IRQHandler  exti.o
    0x08000308   0x08000308   0x00000038   Code   RO           44    .text.Enable_Disable_Clock_PortA  clock.o
    0x08000340   0x08000340   0x00000038   Code   RO           46    .text.Enable_Disable_Clock_PortB  clock.o
    0x08000378   0x08000378   0x000000fc   Code   RO           42    .text.InitClockHSE  clock.o
    0x08000474   0x08000474   0x00000082   Code   RO          134    .text.Init_TIM2_Delay  timer.o
    0x080004f6   0x080004f6   0x00000002   PAD
    0x080004f8   0x080004f8   0x00000032   Code   RO          192    .text.NVIC_ClearPendingFlag  nvic.o
    0x0800052a   0x0800052a   0x00000002   PAD
    0x0800052c   0x0800052c   0x00000032   Code   RO          188    .text.NVIC_EnableInterrupt  nvic.o
    0x0800055e   0x0800055e   0x00000002   PAD
    0x08000560   0x08000560   0x00000036   Code   RO          194    .text.NVIC_SetPriority  nvic.o
    0x08000596   0x08000596   0x00000002   PAD
    0x08000598   0x08000598   0x000000fc   Code   RO           23    .text.ReadPin       gpio.o
    0x08000694   0x08000694   0x00000012   Code   RO          269    .text.SPI1_DisableSlave  spi.o
    0x080006a6   0x080006a6   0x00000002   PAD
    0x080006a8   0x080006a8   0x0000002a   Code   RO          279    .text.SPI1_IRQHandler  spi.o
    0x080006d2   0x080006d2   0x00000002   PAD
    0x080006d4   0x080006d4   0x00000076   Code   RO           13    .text.SetINPUT      gpio.o
    0x0800074a   0x0800074a   0x00000002   PAD
    0x0800074c   0x0800074c   0x00000096   Code   RO           19    .text.SetOUTPUT     gpio.o
    0x080007e2   0x080007e2   0x00000002   PAD
    0x080007e4   0x080007e4   0x00000362   Code   RO           11    .text.SetPinInput   gpio.o
    0x08000b46   0x08000b46   0x00000002   PAD
    0x08000b48   0x08000b48   0x00000246   Code   RO           17    .text.SetPinOutput  gpio.o
    0x08000d8e   0x08000d8e   0x00000002   PAD
    0x08000d90   0x08000d90   0x00000042   Code   RO           15    .text.SetPullUpDown  gpio.o
    0x08000dd2   0x08000dd2   0x00000002   PAD
    0x08000dd4   0x08000dd4   0x00000008   Code   RO          421    .text.SetSysClock   system_stm32f10x.o
    0x08000ddc   0x08000ddc   0x00000122   Code   RO          425    .text.SetSysClockTo72  system_stm32f10x.o
    0x08000efe   0x08000efe   0x00000002   PAD
    0x08000f00   0x08000f00   0x00000038   Code   RO          371    .text.Setup_GPIO_PA9TX_PA10RX  uart_v2.o
    0x08000f38   0x08000f38   0x00000010   Code   RO          111    .text.SysTick_Handler  softtimer.o
    0x08000f48   0x08000f48   0x00000066   Code   RO          419    .text.SystemInit    system_stm32f10x.o
    0x08000fae   0x08000fae   0x00000002   PAD
    0x08000fb0   0x08000fb0   0x0000001e   Code   RO          140    .text.TIM2_IRQHandler  timer.o
    0x08000fce   0x08000fce   0x00000002   PAD
    0x08000fd0   0x08000fd0   0x00000068   Code   RO          389    .text.UART_V2_MAIN_TEST  uart_v2.o
    0x08001038   0x08001038   0x0000001a   Code   RO          375    .text.USART1_IRQHandler  uart_v2.o
    0x08001052   0x08001052   0x00000002   PAD
    0x08001054   0x08001054   0x00000086   Code   RO          369    .text.USART1_Init   uart_v2.o
    0x080010da   0x080010da   0x00000002   PAD
    0x080010dc   0x080010dc   0x00000012   Code   RO          373    .text.USART1_Init_CLK  uart_v2.o
    0x080010ee   0x080010ee   0x00000002   PAD
    0x080010f0   0x080010f0   0x00000066   Code   RO          156    .text.USART1_SendData  usart.o
    0x08001156   0x08001156   0x00000002   PAD
    0x08001158   0x08001158   0x000000c8   Code   RO          385    .text.Uart_GetReceiveData  uart_v2.o
    0x08001220   0x08001220   0x00000046   Code   RO          377    .text.Uart_RxMainFunction  uart_v2.o
    0x08001266   0x08001266   0x00000002   PAD
    0x08001268   0x08001268   0x0000006e   Code   RO          379    .text.Uart_Transmit  uart_v2.o
    0x080012d6   0x080012d6   0x00000002   PAD
    0x080012d8   0x080012d8   0x00000082   Code   RO          383    .text.Uart_TxMainFunction  uart_v2.o
    0x0800135a   0x0800135a   0x00000002   PAD
    0x0800135c   0x0800135c   0x0000000a   Code   RO            2    .text.main          main.o
    0x08001366   0x08001366   0x00000002   PAD
    0x08001368   0x08001368   0x00000020   Data   RO          781    Region$$Table       anon$$obj.o


    Execution Region RW_IRAM1 (Exec base: 0x20000000, Load base: 0x08001388, Size: 0x000006b8, Max: 0x00005000, ABSOLUTE)

    Exec Addr    Load Addr    Size         Type   Attr      Idx    E Section Name        Object

    0x20000000   0x08001388   0x00000005   Data   RW          401    .data.TestDataSend  uart_v2.o
    0x20000005   0x0800138d   0x00000003   PAD
    0x20000008        -       0x00000060   Zero   RW          637    .bss                c_w.l(libspace.o)
    0x20000068        -       0x00000004   Zero   RW          148    .bss.Count          timer.o
    0x2000006c        -       0x00000001   Zero   RW          342    .bss.DMA1_CH5_Transfer_Complete_Flag  dma.o
    0x2000006d        -       0x00000001   Zero   RW          396    .bss.Index_Read     uart_v2.o
    0x2000006e        -       0x00000001   Zero   RW          397    .bss.Index_Write    uart_v2.o
    0x2000006f   0x0800138d   0x00000001   PAD
    0x20000070        -       0x00000004   Zero   RW          398    .bss.LengthBufferRead  uart_v2.o
    0x20000074        -       0x00000004   Zero   RW          393    .bss.LengthBufferSend  uart_v2.o
    0x20000078        -       0x00000001   Zero   RW          392    .bss.Receive_State  uart_v2.o
    0x20000079        -       0x00000001   Zero   RW          283    .bss.SPI_ReadData   spi.o
    0x2000007a        -       0x0000000a   Zero   RW          399    .bss.Software_Buffer_Read  uart_v2.o
    0x20000084        -       0x0000000a   Zero   RW          394    .bss.Software_Buffer_Send  uart_v2.o
    0x2000008e        -       0x00000014   Zero   RW          402    .bss.TestReadData   uart_v2.o
    0x200000a2   0x0800138d   0x00000002   PAD
    0x200000a4        -       0x00000004   Zero   RW          113    .bss.TimeCountMs    softtimer.o
    0x200000a8        -       0x00000001   Zero   RW          391    .bss.Transmit_State  uart_v2.o
    0x200000a9   0x0800138d   0x00000003   PAD
    0x200000ac        -       0x00000004   Zero   RW          395    .bss.Uart_TxMainFunction.idex  uart_v2.o
    0x200000b0        -       0x00000001   Zero   RW           87    .bss.flag           exti.o
    0x200000b1   0x0800138d   0x00000007   PAD
    0x200000b8        -       0x00000200   Zero   RW          410    HEAP                startup_stm32f10x_md.o
    0x200002b8        -       0x00000400   Zero   RW          409    STACK               startup_stm32f10x_md.o


==============================================================================

Image component sizes


      Code (inc. data)   RO Data    RW Data    ZI Data      Debug   Object Name

       364          0          0          0          0       3016   clock.o
        56          0          0          0          1       3329   dma.o
        88          0          0          0          1       3261   exti.o
      2034          0          0          0          0       4702   gpio.o
        10          0          0          0          0        344   main.o
       154          0          0          0          0       2460   nvic.o
        16          0          0          0          4       2586   softtimer.o
        60          0          0          0          1       3811   spi.o
        64         26        236          0       1536        824   startup_stm32f10x_md.o
       400          0          0          0          0       2846   system_stm32f10x.o
       212          0          0          0          4       4167   timer.o
       848          0          0          5         56       4918   uart_v2.o
       102          0          0          0          0       4333   usart.o

    ----------------------------------------------------------------------
      4452         26        268          8       1616      40597   Object Totals
         0          0         32          0          0          0   (incl. Generated)
        44          0          0          3         13          0   (incl. Padding)

    ----------------------------------------------------------------------

      Code (inc. data)   RO Data    RW Data    ZI Data      Debug   Library Member Name

         8          0          0          0          0         68   __main.o
         0          0          0          0          0          0   __rtentry.o
        12          0          0          0          0          0   __rtentry2.o
         6          0          0          0          0          0   __rtentry4.o
        52          8          0          0          0          0   __scatter.o
        26          0          0          0          0          0   __scatter_copy.o
        28          0          0          0          0          0   __scatter_zi.o
        18          0          0          0          0         80   exit.o
         6          0          0          0          0        152   heapauxi.o
         0          0          0          0          0          0   indicate_semi.o
         2          0          0          0          0          0   libinit.o
         2          0          0          0          0          0   libinit2.o
         2          0          0          0          0          0   libshutdown.o
         2          0          0          0          0          0   libshutdown2.o
         8          4          0          0         96         68   libspace.o
         2          0          0          0          0          0   rtexit.o
        10          0          0          0          0          0   rtexit2.o
        12          4          0          0          0         68   sys_exit.o
        74          0          0          0          0         80   sys_stackheap_outer.o
         2          0          0          0          0         68   use_no_semi.o

    ----------------------------------------------------------------------
       280         16          0          0         96        584   Library Totals
         8          0          0          0          0          0   (incl. Padding)

    ----------------------------------------------------------------------

      Code (inc. data)   RO Data    RW Data    ZI Data      Debug   Library Name

       272         16          0          0         96        584   c_w.l

    ----------------------------------------------------------------------
       280         16          0          0         96        584   Library Totals

    ----------------------------------------------------------------------

==============================================================================


      Code (inc. data)   RO Data    RW Data    ZI Data      Debug   

      4732         42        268          8       1712      40853   Grand Totals
      4732         42        268          8       1712      40853   ELF Image Totals
      4732         42        268          8          0          0   ROM Totals

==============================================================================

    Total RO  Size (Code + RO Data)                 5000 (   4.88kB)
    Total RW  Size (RW Data + ZI Data)              1720 (   1.68kB)
    Total ROM Size (Code + RO Data + RW Data)       5008 (   4.89kB)

==============================================================================

