Component: Arm Compiler for Embedded 6.19 Tool: armlink [5e73cb00]

==============================================================================

Section Cross References

    main.o(.text.main) refers to ds3231.o(.text.DS3231_MAIN_TEST) for DS3231_MAIN_TEST
    main.o(.ARM.exidx.text.main) refers to main.o(.text.main) for [Anonymous Symbol]
    gpio.o(.text.SetPinInput) refers to gpio.o(.text.SetINPUT) for SetINPUT
    gpio.o(.text.SetPinInput) refers to gpio.o(.text.SetPullUpDown) for SetPullUpDown
    gpio.o(.ARM.exidx.text.SetPinInput) refers to gpio.o(.text.SetPinInput) for [Anonymous Symbol]
    gpio.o(.ARM.exidx.text.SetINPUT) refers to gpio.o(.text.SetINPUT) for [Anonymous Symbol]
    gpio.o(.ARM.exidx.text.SetPullUpDown) refers to gpio.o(.text.SetPullUpDown) for [Anonymous Symbol]
    gpio.o(.text.SetPinOutput) refers to gpio.o(.text.SetOUTPUT) for SetOUTPUT
    gpio.o(.ARM.exidx.text.SetPinOutput) refers to gpio.o(.text.SetPinOutput) for [Anonymous Symbol]
    gpio.o(.ARM.exidx.text.SetOUTPUT) refers to gpio.o(.text.SetOUTPUT) for [Anonymous Symbol]
    gpio.o(.ARM.exidx.text.WritePin) refers to gpio.o(.text.WritePin) for [Anonymous Symbol]
    gpio.o(.ARM.exidx.text.ReadPin) refers to gpio.o(.text.ReadPin) for [Anonymous Symbol]
    gpio.o(.ARM.exidx.text.TogglePin) refers to gpio.o(.text.TogglePin) for [Anonymous Symbol]
    gpio.o(.text.Init_PA8_MCO) refers to clock.o(.text.Enable_Disable_Clock_PortA) for Enable_Disable_Clock_PortA
    gpio.o(.ARM.exidx.text.Init_PA8_MCO) refers to gpio.o(.text.Init_PA8_MCO) for [Anonymous Symbol]
    gpio.o(.text.Blink_LED) refers to gpio.o(.text.WritePin) for WritePin
    gpio.o(.text.Blink_LED) refers to gpio.o(.text.Delay) for Delay
    gpio.o(.ARM.exidx.text.Blink_LED) refers to gpio.o(.text.Blink_LED) for [Anonymous Symbol]
    gpio.o(.ARM.exidx.text.Delay) refers to gpio.o(.text.Delay) for [Anonymous Symbol]
    gpio.o(.text.Button_Led) refers to gpio.o(.text.ReadPin) for ReadPin
    gpio.o(.text.Button_Led) refers to gpio.o(.text.WritePin) for WritePin
    gpio.o(.ARM.exidx.text.Button_Led) refers to gpio.o(.text.Button_Led) for [Anonymous Symbol]
    clock.o(.ARM.exidx.text.InitClockHSE) refers to clock.o(.text.InitClockHSE) for [Anonymous Symbol]
    clock.o(.ARM.exidx.text.Enable_Disable_Clock_PortA) refers to clock.o(.text.Enable_Disable_Clock_PortA) for [Anonymous Symbol]
    clock.o(.ARM.exidx.text.Enable_Disable_Clock_PortB) refers to clock.o(.text.Enable_Disable_Clock_PortB) for [Anonymous Symbol]
    clock.o(.ARM.exidx.text.Enable_Disable_Clock_PortC) refers to clock.o(.text.Enable_Disable_Clock_PortC) for [Anonymous Symbol]
    clock.o(.ARM.exidx.text.Enable_Disable_Clock_PortD) refers to clock.o(.text.Enable_Disable_Clock_PortD) for [Anonymous Symbol]
    clock.o(.ARM.exidx.text.Enable_Disable_Clock_PortE) refers to clock.o(.text.Enable_Disable_Clock_PortE) for [Anonymous Symbol]
    clock.o(.ARM.exidx.text.Enable_Disable_Clock_PortF) refers to clock.o(.text.Enable_Disable_Clock_PortF) for [Anonymous Symbol]
    clock.o(.ARM.exidx.text.Enable_Disable_Clock_PortG) refers to clock.o(.text.Enable_Disable_Clock_PortG) for [Anonymous Symbol]
    clock.o(.ARM.exidx.text.Clock_AFIO) refers to clock.o(.text.Clock_AFIO) for [Anonymous Symbol]
    clock.o(.ARM.exidx.text.Clock_SPI1) refers to clock.o(.text.Clock_SPI1) for [Anonymous Symbol]
    clock.o(.ARM.exidx.text.I2C1_EnableClock) refers to clock.o(.text.I2C1_EnableClock) for [Anonymous Symbol]
    clock.o(.ARM.exidx.text.I2C2_EnableClock) refers to clock.o(.text.I2C2_EnableClock) for [Anonymous Symbol]
    exti.o(.text.MainTestEXTI) refers to clock.o(.text.InitClockHSE) for InitClockHSE
    exti.o(.text.MainTestEXTI) refers to clock.o(.text.Enable_Disable_Clock_PortA) for Enable_Disable_Clock_PortA
    exti.o(.text.MainTestEXTI) refers to clock.o(.text.Enable_Disable_Clock_PortC) for Enable_Disable_Clock_PortC
    exti.o(.text.MainTestEXTI) refers to gpio.o(.text.SetPinInput) for SetPinInput
    exti.o(.text.MainTestEXTI) refers to gpio.o(.text.SetPinOutput) for SetPinOutput
    exti.o(.text.MainTestEXTI) refers to exti.o(.text.Init_EXTI_PA1) for Init_EXTI_PA1
    exti.o(.text.MainTestEXTI) refers to exti.o(.text.Demo_Button_Led) for Demo_Button_Led
    exti.o(.ARM.exidx.text.MainTestEXTI) refers to exti.o(.text.MainTestEXTI) for [Anonymous Symbol]
    exti.o(.text.Init_EXTI_PA1) refers to nvic.o(.text.NVIC_SetPriority) for NVIC_SetPriority
    exti.o(.text.Init_EXTI_PA1) refers to nvic.o(.text.NVIC_ClearPendingFlag) for NVIC_ClearPendingFlag
    exti.o(.text.Init_EXTI_PA1) refers to nvic.o(.text.NVIC_EnableInterrupt) for NVIC_EnableInterrupt
    exti.o(.ARM.exidx.text.Init_EXTI_PA1) refers to exti.o(.text.Init_EXTI_PA1) for [Anonymous Symbol]
    exti.o(.text.Demo_Button_Led) refers to exti.o(.bss.flag) for flag
    exti.o(.text.Demo_Button_Led) refers to gpio.o(.text.WritePin) for WritePin
[...]
    ../clib/printf.c                         0x00000000   Number         0  _printf_charcount.o ABSOLUTE
    ../clib/printf.c                         0x00000000   Number         0  _printf_char_common.o ABSOLUTE
    ../clib/printf.c                         0x00000000   Number         0  _sputc.o ABSOLUTE
    ../clib/printf.c                         0x00000000   Number         0  _printf_wctomb.o ABSOLUTE
    ../clib/printf.c                         0x00000000   Number         0  _printf_longlong_dec.o ABSOLUTE
    ../clib/printf.c                         0x00000000   Number         0  _printf_oct_ll.o ABSOLUTE
    ../clib/printf.c                         0x00000000   Number         0  _printf_oct_int.o ABSOLUTE
    ../clib/printf.c                         0x00000000   Number         0  _printf_oct_int_ll.o ABSOLUTE
    ../clib/printf.c                         0x00000000   Number         0  _printf_hex_ll.o ABSOLUTE
    ../clib/printf.c                         0x00000000   Number         0  _printf_hex_int.o ABSOLUTE
    ../clib/printf.c                         0x00000000   Number         0  _printf_hex_int_ll.o ABSOLUTE
    ../clib/printf.c                         0x00000000   Number         0  _printf_hex_ptr.o ABSOLUTE
    ../clib/printf.c                         0x00000000   Number         0  _printf_hex_int_ptr.o ABSOLUTE
    ../clib/printf.c                         0x00000000   Number         0  _printf_hex_ll_ptr.o ABSOLUTE
    ../clib/printf.c                         0x00000000   Number         0  _printf_hex_int_ll_ptr.o ABSOLUTE
    ../clib/printf.c                         0x00000000   Number         0  __printf_flags.o ABSOLUTE
    ../clib/printf.c                         0x00000000   Number         0  __printf_ss.o ABSOLUTE
    ../clib/printf.c                         0x00000000   Number         0  __printf_flags_ss.o ABSOLUTE
    ../clib/printf.c                         0x00000000   Number         0  __printf_wp.o ABSOLUTE
    ../clib/printf.c                         0x00000000   Number         0  __printf_flags_wp.o ABSOLUTE
    ../clib/printf.c                         0x00000000   Number         0  __printf_ss_wp.o ABSOLUTE
    ../clib/printf.c                         0x00000000   Number         0  __printf_flags_ss_wp.o ABSOLUTE
    ../clib/printf.c                         0x00000000   Number         0  _printf_intcommon.o ABSOLUTE
    ../clib/printf.c                         0x00000000   Number         0  _printf_fp_dec.o ABSOLUTE
    ../clib/printf.c                         0x00000000   Number         0  _printf_fp_dec_accurate.o ABSOLUTE
    ../clib/printf.c                         0x00000000   Number         0  _printf_fp_hex.o ABSOLUTE
    ../clib/printf.c                         0x00000000   Number         0  __printf_nopercent.o ABSOLUTE
    ../clib/printf.c                         0x00000000   Number         0  _printf_char.o ABSOLUTE
    ../clib/printf.c                         0x00000000   Number         0  _printf_wchar.o ABSOLUTE
    ../clib/printf.c                         0x00000000   Number         0  _printf_fp_infnan.o ABSOLUTE
    ../clib/printf_percent.s                 0x00000000   Number         0  _printf_c.o ABSOLUTE
    ../clib/printf_percent.s                 0x00000000   Number         0  _printf_s.o ABSOLUTE
    ../clib/printf_percent.s                 0x00000000   Number         0  _printf_n.o ABSOLUTE
    ../clib/printf_percent.s                 0x00000000   Number         0  _printf_x.o ABSOLUTE
    ../clib/printf_percent.s                 0x00000000   Number         0  _printf_p.o ABSOLUTE
    ../clib/printf_percent.s                 0x00000000   Number         0  _printf_o.o ABSOLUTE
    ../clib/printf_percent.s                 0x00000000   Number         0  _printf_i.o ABSOLUTE
    ../clib/printf_percent.s                 0x00000000   Number         0  _printf_d.o ABSOLUTE
    ../clib/printf_percent.s                 0x00000000   Number         0  _printf_u.o ABSOLUTE
    ../clib/printf_percent.s                 0x00000000   Number         0  _printf_f.o ABSOLUTE
    ../clib/printf_percent.s                 0x00000000   Number         0  _printf_e.o ABSOLUTE
    ../clib/printf_percent.s                 0x00000000   Number         0  _printf_g.o ABSOLUTE
    ../clib/printf_percent.s                 0x00000000   Number         0  _printf_a.o ABSOLUTE
    ../clib/printf_percent.s                 0x00000000   Number         0  _printf_percent.o ABSOLUTE
    ../clib/printf_percent.s                 0x00000000   Number         0  _printf_lli.o ABSOLUTE
    ../clib/printf_percent.s                 0x00000000   Number         0  _printf_lld.o ABSOLUTE
    ../clib/printf_percent.s                 0x00000000   Number         0  _printf_llu.o ABSOLUTE
    ../clib/printf_percent.s                 0x00000000   Number         0  _printf_ll.o ABSOLUTE
    ../clib/printf_percent.s                 0x00000000   Number         0  _printf_l.o ABSOLUTE
    ../clib/printf_percent.s                 0x00000000   Number         0  _printf_lc.o ABSOLUTE
    ../clib/printf_percent.s                 0x00000000   Number         0  _printf_ls.o ABSOLUTE
    ../clib/printf_percent.s                 0x00000000   Number         0  _printf_llo.o ABSOLUTE
    ../clib/printf_percent.s                 0x00000000   Number         0  _printf_llx.o ABSOLUTE
    ../clib/printf_percent.s                 0x00000000   Number         0  _printf_percent_end.o ABSOLUTE
    ../clib/signal.c                         0x00000000   Number         0  defsig_rtmem_outer.o ABSOLUTE
    ../clib/signal.c                         0x00000000   Number         0  defsig_rtmem_formal.o ABSOLUTE
    ../clib/signal.c                         0x00000000   Number         0  defsig_exit.o ABSOLUTE
    ../clib/signal.c                         0x00000000   Number         0  defsig_rtmem_inner.o ABSOLUTE
    ../clib/signal.c                         0x00000000   Number         0  __raise.o ABSOLUTE
    ../clib/signal.c                         0x00000000   Number         0  defsig_general.o ABSOLUTE
    ../clib/signal.c                         0x00000000   Number         0  defsig_abrt_inner.o ABSOLUTE
    ../clib/signal.c                         0x00000000   Number         0  defsig_fpe_inner.o ABSOLUTE
    ../clib/signal.c                         0x00000000   Number         0  defsig_rtred_inner.o ABSOLUTE
    ../clib/signal.c                         0x00000000   Number         0  defsig_stak_inner.o ABSOLUTE
    ../clib/signal.c                         0x00000000   Number         0  defsig_pvfn_inner.o ABSOLUTE
    ../clib/signal.c                         0x00000000   Number         0  defsig_cppl_inner.o ABSOLUTE
    ../clib/signal.c                         0x00000000   Number         0  defsig_segv_inner.o ABSOLUTE
    ../clib/signal.c                         0x00000000   Number         0  defsig_other.o ABSOLUTE
    ../clib/signal.s                         0x00000000   Number         0  defsig.o ABSOLUTE
    ../clib/stdlib.c                         0x00000000   Number         0  exit.o ABSOLUTE
    ../fplib/fpinit.s                        0x00000000   Number         0  fpinit.o ABSOLUTE
    ../fplib/fpinit_empty.s                  0x00000000   Number         0  fpinit_empty.o ABSOLUTE
    ../fplib/istatus.s                       0x00000000   Number         0  istatus.o ABSOLUTE
    ../fplib/printf1.s                       0x00000000   Number         0  printf1.o ABSOLUTE
    ../fplib/printf2.s                       0x00000000   Number         0  printf2.o ABSOLUTE
    ../fplib/printf2a.s                      0x00000000   Number         0  printf2a.o ABSOLUTE
    ../fplib/printf2b.s                      0x00000000   Number         0  printf2b.o ABSOLUTE
    ../fplib/usenofp.s                       0x00000000   Number         0  usenofp.o ABSOLUTE
    ../mathlib/fpclassify.c                  0x00000000   Number         0  fpclassify.o ABSOLUTE
    ADC.c                                    0x00000000   Number         0  adc.o ABSOLUTE
    CLOCK.c                                  0x00000000   Number         0  clock.o ABSOLUTE
    DS3231.c                                 0x00000000   Number         0  ds3231.o ABSOLUTE
    EXTI.c                                   0x00000000   Number         0  exti.o ABSOLUTE
    GPIO.c                                   0x00000000   Number         0  gpio.o ABSOLUTE
    I2C.c                                    0x00000000   Number         0  i2c.o ABSOLUTE
    NVIC.c                                   0x00000000   Number         0  nvic.o ABSOLUTE
    PCF8574.c                                0x00000000   Number         0  pcf8574.o ABSOLUTE
    RTE/Device/STM32F103C8/startup_stm32f10x_md.s 0x00000000   Number         0  startup_stm32f10x_md.o ABSOLUTE
    SPI.c                                    0x00000000   Number         0  spi.o ABSOLUTE
    SYSTICK.c                                0x00000000   Number         0  systick.o ABSOLUTE
    Softtimer.c                              0x00000000   Number         0  softtimer.o ABSOLUTE
    Timer.c                                  0x00000000   Number         0  timer.o ABSOLUTE
    USART.c                                  0x00000000   Number         0  usart.o ABSOLUTE
    dc.s                                     0x00000000   Number         0  dc.o ABSOLUTE
    main.c                                   0x00000000   Number         0  main.o ABSOLUTE
    system_stm32f10x.c                       0x00000000   Number         0  system_stm32f10x.o ABSOLUTE
    RESET                                    0x08000000   Section      236  startup_stm32f10x_md.o(RESET)
    !!!main                                  0x080000ec   Section        8  __main.o(!!!main)
    !!!scatter                               0x080000f4   Section       52  __scatter.o(!!!scatter)
    !!handler_zi                             0x08000128   Section       28  __scatter_zi.o(!!handler_zi)
    .ARM.Collect$$_printf_percent$$00000000  0x08000144   Section        0  _printf_percent.o(.ARM.Collect$$_printf_percent$$00000000)
    .ARM.Collect$$_printf_percent$$00000001  0x08000144   Section        6  _printf_n.o(.ARM.Collect$$_printf_percent$$00000001)
    .ARM.Collect$$_printf_percent$$00000002  0x0800014a   Section        6  _printf_p.o(.ARM.Collect$$_printf_percent$$00000002)
    .ARM.Collect$$_printf_percent$$00000003  0x08000150   Section        6  _printf_f.o(.ARM.Collect$$_printf_percent$$00000003)
    .ARM.Collect$$_printf_percent$$00000004  0x08000156   Section        6  _printf_e.o(.ARM.Collect$$_printf_percent$$00000004)
    .ARM.Collect$$_printf_percent$$00000005  0x0800015c   Section        6  _printf_g.o(.ARM.Collect$$_printf_percent$$00000005)
    .ARM.Collect$$_printf_percent$$00000006  0x08000162   Section        6  _printf_a.o(.ARM.Collect$$_printf_percent$$00000006)
    .ARM.Collect$$_printf_percent$$00000007  0x08000168   Section       10  _printf_ll.o(.ARM.Collect$$_printf_percent$$00000007)
    .ARM.Collect$$_printf_percent$$00000008  0x08000172   Section        6  _printf_i.o(.ARM.Collect$$_printf_percent$$00000008)
    .ARM.Collect$$_printf_percent$$00000009  0x08000178   Section        6  _printf_d.o(.ARM.Collect$$_printf_percent$$00000009)
    .ARM.Collect$$_printf_percent$$0000000A  0x0800017e   Section        6  _printf_u.o(.ARM.Collect$$_printf_percent$$0000000A)
    .ARM.Collect$$_printf_percent$$0000000B  0x08000184   Section        6  _printf_o.o(.ARM.Collect$$_printf_percent$$0000000B)
    .ARM.Collect$$_printf_percent$$0000000C  0x0800018a   Section        6  _printf_x.o(.ARM.Collect$$_printf_percent$$0000000C)
    .ARM.Collect$$_printf_percent$$0000000D  0x08000190   Section        6  _printf_lli.o(.ARM.Collect$$_printf_percent$$0000000D)
    .ARM.Collect$$_printf_percent$$0000000E  0x08000196   Section        6  _printf_lld.o(.ARM.Collect$$_printf_percent$$0000000E)
    .ARM.Collect$$_printf_percent$$0000000F  0x0800019c   Section        6  _printf_llu.o(.ARM.Collect$$_printf_percent$$0000000F)
    .ARM.Collect$$_printf_percent$$00000010  0x080001a2   Section        6  _printf_llo.o(.ARM.Collect$$_printf_percent$$00000010)
    .ARM.Collect$$_printf_percent$$00000011  0x080001a8   Section        6  _printf_llx.o(.ARM.Collect$$_printf_percent$$00000011)
    .ARM.Collect$$_printf_percent$$00000012  0x080001ae   Section       10  _printf_l.o(.ARM.Collect$$_printf_percent$$00000012)
    .ARM.Collect$$_printf_percent$$00000013  0x080001b8   Section        6  _printf_c.o(.ARM.Collect$$_printf_percent$$00000013)
    .ARM.Collect$$_printf_percent$$00000014  0x080001be   Section        6  _printf_s.o(.ARM.Collect$$_printf_percent$$00000014)
    .ARM.Collect$$_printf_percent$$00000015  0x080001c4   Section        6  _printf_lc.o(.ARM.Collect$$_printf_percent$$00000015)
    .ARM.Collect$$_printf_percent$$00000016  0x080001ca   Section        6  _printf_ls.o(.ARM.Collect$$_printf_percent$$00000016)
    .ARM.Collect$$_printf_percent$$00000017  0x080001d0   Section        4  _printf_percent_end.o(.ARM.Collect$$_printf_percent$$00000017)
    .ARM.Collect$$libinit$$00000000          0x080001d4   Section        2  libinit.o(.ARM.Collect$$libinit$$00000000)
    .ARM.Collect$$libinit$$00000002          0x080001d6   Section        0  libinit2.o(.ARM.Collect$$libinit$$00000002)
    .ARM.Collect$$libinit$$00000004          0x080001d6   Section        0  libinit2.o(.ARM.Collect$$libinit$$00000004)
    .ARM.Collect$$libinit$$00000006          0x080001d6   Section        0  libinit2.o(.ARM.Collect$$libinit$$00000006)
    .ARM.Collect$$libinit$$0000000C          0x080001d6   Section        0  libinit2.o(.ARM.Collect$$libinit$$0000000C)
    .ARM.Collect$$libinit$$0000000E          0x080001d6   Section        0  libinit2.o(.ARM.Collect$$libinit$$0000000E)
    .ARM.Collect$$libinit$$00000010          0x080001d6   Section        0  libinit2.o(.ARM.Collect$$libinit$$00000010)
    .ARM.Collect$$libinit$$00000011          0x080001d6   Section        6  libinit2.o(.ARM.Collect$$libinit$$00000011)
    .ARM.Collect$$libinit$$00000013          0x080001dc   Section        0  libinit2.o(.ARM.Collect$$libinit$$00000013)
    .ARM.Collect$$libinit$$00000014          0x080001dc   Section       12  libinit2.o(.ARM.Collect$$libinit$$00000014)
    .ARM.Collect$$libinit$$00000015          0x080001e8   Section        0  libinit2.o(.ARM.Collect$$libinit$$00000015)
    .ARM.Collect$$libinit$$00000017          0x080001e8   Section        0  libinit2.o(.ARM.Collect$$libinit$$00000017)
    .ARM.Collect$$libinit$$00000018          0x080001e8   Section       10  libinit2.o(.ARM.Collect$$libinit$$00000018)
    .ARM.Collect$$libinit$$00000019          0x080001f2   Section        0  libinit2.o(.ARM.Collect$$libinit$$00000019)
    .ARM.Collect$$libinit$$0000001B          0x080001f2   Section        0  libinit2.o(.ARM.Collect$$libinit$$0000001B)
    .ARM.Collect$$libinit$$0000001D          0x080001f2   Section        0  libinit2.o(.ARM.Collect$$libinit$$0000001D)
    .ARM.Collect$$libinit$$0000001F          0x080001f2   Section        0  libinit2.o(.ARM.Collect$$libinit$$0000001F)
    .ARM.Collect$$libinit$$00000021          0x080001f2   Section        0  libinit2.o(.ARM.Collect$$libinit$$00000021)
    .ARM.Collect$$libinit$$00000023          0x080001f2   Section        0  libinit2.o(.ARM.Collect$$libinit$$00000023)
    .ARM.Collect$$libinit$$00000025          0x080001f2   Section        0  libinit2.o(.ARM.Collect$$libinit$$00000025)
    .ARM.Collect$$libinit$$00000027          0x080001f2   Section        0  libinit2.o(.ARM.Collect$$libinit$$00000027)
    .ARM.Collect$$libinit$$0000002E          0x080001f2   Section        0  libinit2.o(.ARM.Collect$$libinit$$0000002E)
    .ARM.Collect$$libinit$$00000030          0x080001f2   Section        0  libinit2.o(.ARM.Collect$$libinit$$00000030)
    .ARM.Collect$$libinit$$00000032          0x080001f2   Section        0  libinit2.o(.ARM.Collect$$libinit$$00000032)
    .ARM.Collect$$libinit$$00000034          0x080001f2   Section        0  libinit2.o(.ARM.Collect$$libinit$$00000034)
    .ARM.Collect$$libinit$$00000035          0x080001f2   Section        2  libinit2.o(.ARM.Collect$$libinit$$00000035)
    .ARM.Collect$$libshutdown$$00000000      0x080001f4   Section        2  libshutdown.o(.ARM.Collect$$libshutdown$$00000000)
    .ARM.Collect$$libshutdown$$00000002      0x080001f6   Section        0  libshutdown2.o(.ARM.Collect$$libshutdown$$00000002)
    .ARM.Collect$$libshutdown$$00000004      0x080001f6   Section        0  libshutdown2.o(.ARM.Collect$$libshutdown$$00000004)
    .ARM.Collect$$libshutdown$$00000007      0x080001f6   Section        0  libshutdown2.o(.ARM.Collect$$libshutdown$$00000007)
    .ARM.Collect$$libshutdown$$0000000A      0x080001f6   Section        0  libshutdown2.o(.ARM.Collect$$libshutdown$$0000000A)
    .ARM.Collect$$libshutdown$$0000000C      0x080001f6   Section        0  libshutdown2.o(.ARM.Collect$$libshutdown$$0000000C)
    .ARM.Collect$$libshutdown$$0000000F      0x080001f6   Section        0  libshutdown2.o(.ARM.Collect$$libshutdown$$0000000F)
    .ARM.Collect$$libshutdown$$00000010      0x080001f6   Section        2  libshutdown2.o(.ARM.Collect$$libshutdown$$00000010)
    .ARM.Collect$$rtentry$$00000000          0x080001f8   Section        0  __rtentry.o(.ARM.Collect$$rtentry$$00000000)
    .ARM.Collect$$rtentry$$00000002          0x080001f8   Section        0  __rtentry2.o(.ARM.Collect$$rtentry$$00000002)
    .ARM.Collect$$rtentry$$00000004          0x080001f8   Section        6  __rtentry4.o(.ARM.Collect$$rtentry$$00000004)
    .ARM.Collect$$rtentry$$00000009          0x080001fe   Section        0  __rtentry2.o(.ARM.Collect$$rtentry$$00000009)
    .ARM.Collect$$rtentry$$0000000A          0x080001fe   Section        4  __rtentry2.o(.ARM.Collect$$rtentry$$0000000A)
    .ARM.Collect$$rtentry$$0000000C          0x08000202   Section        0  __rtentry2.o(.ARM.Collect$$rtentry$$0000000C)
    .ARM.Collect$$rtentry$$0000000D          0x08000202   Section        8  __rtentry2.o(.ARM.Collect$$rtentry$$0000000D)
    .ARM.Collect$$rtexit$$00000000           0x0800020a   Section        2  rtexit.o(.ARM.Collect$$rtexit$$00000000)
    .ARM.Collect$$rtexit$$00000002           0x0800020c   Section        0  rtexit2.o(.ARM.Collect$$rtexit$$00000002)
    .ARM.Collect$$rtexit$$00000003           0x0800020c   Section        4  rtexit2.o(.ARM.Collect$$rtexit$$00000003)
    .ARM.Collect$$rtexit$$00000004           0x08000210   Section        6  rtexit2.o(.ARM.Collect$$rtexit$$00000004)
    .text                                    0x08000218   Section       64  startup_stm32f10x_md.o(.text)
    .text                                    0x08000258   Section        0  sprintf.o(.text)
    .text                                    0x08000284   Section       68  rt_memclr.o(.text)
    .text                                    0x080002c8   Section        0  heapauxi.o(.text)
    .text                                    0x080002ce   Section        0  _printf_pad.o(.text)
    .text                                    0x0800031c   Section        0  _printf_truncate.o(.text)
    .text                                    0x08000340   Section        0  _printf_str.o(.text)
    .text                                    0x08000394   Section        0  _printf_dec.o(.text)
    .text                                    0x0800040c   Section        0  _printf_charcount.o(.text)
    _printf_input_char                       0x08000435   Thumb Code    10  _printf_char_common.o(.text)
    .text                                    0x08000434   Section        0  _printf_char_common.o(.text)
    .text                                    0x08000464   Section        0  _sputc.o(.text)
    .text                                    0x08000470   Section        0  _printf_wctomb.o(.text)
    .text                                    0x0800052c   Section        0  _printf_longlong_dec.o(.text)
    _printf_longlong_oct_internal            0x080005a9   Thumb Code     0  _printf_oct_int_ll.o(.text)
    .text                                    0x080005a8   Section        0  _printf_oct_int_ll.o(.text)
    _printf_hex_common                       0x08000619   Thumb Code     0  _printf_hex_int_ll_ptr.o(.text)
    .text                                    0x08000618   Section        0  _printf_hex_int_ll_ptr.o(.text)
    .text                                    0x080006ac   Section        0  __printf_flags_ss_wp.o(.text)
    .text                                    0x08000834   Section       78  rt_memclr_w.o(.text)
    .text                                    0x08000882   Section      138  lludiv10.o(.text)
    .text                                    0x0800090c   Section        0  _printf_intcommon.o(.text)
    _fp_digits                               0x080009bf   Thumb Code   432  _printf_fp_dec.o(.text)
    .text                                    0x080009be   Section        0  _printf_fp_dec.o(.text)
    .text                                    0x08000ddc   Section        0  _printf_fp_hex.o(.text)
    .text                                    0x080010d8   Section        0  _printf_char.o(.text)
    .text                                    0x08001104   Section        0  _printf_wchar.o(.text)
    .text                                    0x08001130   Section        0  _c16rtomb.o(.text)
    .text                                    0x08001178   Section       74  sys_stackheap_outer.o(.text)
    .text                                    0x080011c4   Section       16  rt_ctype_table.o(.text)
    .text                                    0x080011d4   Section        8  rt_locale_intlibspace.o(.text)
    .text                                    0x080011dc   Section        0  _printf_fp_infnan.o(.text)
    .text                                    0x0800125c   Section        0  bigflt0.o(.text)
    .text                                    0x08001340   Section        0  exit.o(.text)
    .text                                    0x08001354   Section        8  libspace.o(.text)
    .text                                    0x0800135c   Section      128  strcmpv7m.o(.text)
    .text                                    0x080013dc   Section        0  sys_exit.o(.text)
    .text                                    0x080013e8   Section        2  use_no_semi.o(.text)
    .text                                    0x080013ea   Section        0  indicate_semi.o(.text)
    BCDtoDEC                                 0x080013ed   Thumb Code    30  ds3231.o(.text.BCDtoDEC)
    [Anonymous Symbol]                       0x080013ec   Section        0  ds3231.o(.text.BCDtoDEC)
    [Anonymous Symbol]                       0x0800140c   Section        0  clock.o(.text.Clock_AFIO)
    [Anonymous Symbol]                       0x08001444   Section        0  ds3231.o(.text.DS3231_GetTime)
    [Anonymous Symbol]                       0x080014bc   Section        0  ds3231.o(.text.DS3231_Init)
    [Anonymous Symbol]                       0x080014d4   Section        0  ds3231.o(.text.DS3231_MAIN_TEST)
    [Anonymous Symbol]                       0x08001554   Section        0  timer.o(.text.Delay_TIM2_ms)
    [Anonymous Symbol]                       0x08001588   Section        0  exti.o(.text.EXTI1_IRQHandler)
    [Anonymous Symbol]                       0x080015e0   Section        0  clock.o(.text.Enable_Disable_Clock_PortA)
    [Anonymous Symbol]                       0x08001618   Section        0  clock.o(.text.Enable_Disable_Clock_PortB)
    [Anonymous Symbol]                       0x08001650   Section        0  clock.o(.text.I2C1_EnableClock)
    [Anonymous Symbol]                       0x08001688   Section        0  i2c.o(.text.I2C1_Init)
    I2C1_Read                                0x08001739   Thumb Code    88  i2c.o(.text.I2C1_Read)
    [Anonymous Symbol]                       0x08001738   Section        0  i2c.o(.text.I2C1_Read)
    [Anonymous Symbol]                       0x08001790   Section        0  i2c.o(.text.I2C1_ReadMEM)
    I2C1_SendAdress                          0x08001825   Thumb Code   136  i2c.o(.text.I2C1_SendAdress)
    [Anonymous Symbol]                       0x08001824   Section        0  i2c.o(.text.I2C1_SendAdress)
    I2C1_SetPin                              0x080018ad   Thumb Code    58  i2c.o(.text.I2C1_SetPin)
    [Anonymous Symbol]                       0x080018ac   Section        0  i2c.o(.text.I2C1_SetPin)
    I2C1_Start                               0x080018e9   Thumb Code    98  i2c.o(.text.I2C1_Start)
    [Anonymous Symbol]                       0x080018e8   Section        0  i2c.o(.text.I2C1_Start)
    I2C1_Stop                                0x0800194d   Thumb Code    40  i2c.o(.text.I2C1_Stop)
    [Anonymous Symbol]                       0x0800194c   Section        0  i2c.o(.text.I2C1_Stop)
    I2C1_Write                               0x08001975   Thumb Code    68  i2c.o(.text.I2C1_Write)
    [Anonymous Symbol]                       0x08001974   Section        0  i2c.o(.text.I2C1_Write)
    [Anonymous Symbol]                       0x080019b8   Section        0  clock.o(.text.InitClockHSE)
    [Anonymous Symbol]                       0x08001ab4   Section        0  timer.o(.text.Init_TIM2_Delay)
    [Anonymous Symbol]                       0x08001b38   Section        0  nvic.o(.text.NVIC_ClearPendingFlag)
    [Anonymous Symbol]                       0x08001b6c   Section        0  nvic.o(.text.NVIC_EnableInterrupt)
    [Anonymous Symbol]                       0x08001ba0   Section        0  nvic.o(.text.NVIC_SetPriority)
    [Anonymous Symbol]                       0x08001bd8   Section        0  spi.o(.text.SPI1_DisableSlave)
    [Anonymous Symbol]                       0x08001bec   Section        0  spi.o(.text.SPI1_IRQHandler)
    SetINPUT                                 0x08001c19   Thumb Code   118  gpio.o(.text.SetINPUT)
    [Anonymous Symbol]                       0x08001c18   Section        0  gpio.o(.text.SetINPUT)
    SetOUTPUT                                0x08001c91   Thumb Code   150  gpio.o(.text.SetOUTPUT)
    [Anonymous Symbol]                       0x08001c90   Section        0  gpio.o(.text.SetOUTPUT)
    [Anonymous Symbol]                       0x08001d28   Section        0  gpio.o(.text.SetPinInput)
    [Anonymous Symbol]                       0x0800208c   Section        0  gpio.o(.text.SetPinOutput)
    SetPullUpDown                            0x080022d5   Thumb Code    66  gpio.o(.text.SetPullUpDown)
    [Anonymous Symbol]                       0x080022d4   Section        0  gpio.o(.text.SetPullUpDown)
    SetSysClock                              0x08002319   Thumb Code     8  system_stm32f10x.o(.text.SetSysClock)
    [Anonymous Symbol]                       0x08002318   Section        0  system_stm32f10x.o(.text.SetSysClock)
    SetSysClockTo72                          0x08002321   Thumb Code   290  system_stm32f10x.o(.text.SetSysClockTo72)
    [Anonymous Symbol]                       0x08002320   Section        0  system_stm32f10x.o(.text.SetSysClockTo72)
    [Anonymous Symbol]                       0x08002444   Section        0  usart.o(.text.Setup_GPIO_PA9TX_PA10RX)
    [Anonymous Symbol]                       0x0800247c   Section        0  softtimer.o(.text.SysTick_Handler)
    [Anonymous Symbol]                       0x0800248c   Section        0  system_stm32f10x.o(.text.SystemInit)
    [Anonymous Symbol]                       0x080024f4   Section        0  timer.o(.text.TIM2_IRQHandler)
    [Anonymous Symbol]                       0x08002514   Section        0  usart.o(.text.USART1_IRQHandler)
    [Anonymous Symbol]                       0x08002538   Section        0  usart.o(.text.USART1_Init_CLK)
    [Anonymous Symbol]                       0x0800254c   Section        0  usart.o(.text.USART1_SendData)
    [Anonymous Symbol]                       0x080025b4   Section        0  usart.o(.text.USART1_Setup_INT_RX)
    [Anonymous Symbol]                       0x08002624   Section        0  main.o(.text.main)
    CL$$btod_d2e                             0x0800262e   Section       62  btod.o(CL$$btod_d2e)
    CL$$btod_d2e_denorm_low                  0x0800266c   Section       70  btod.o(CL$$btod_d2e_denorm_low)
    CL$$btod_d2e_norm_op1                    0x080026b2   Section       96  btod.o(CL$$btod_d2e_norm_op1)
    CL$$btod_div_common                      0x08002714   Section      824  btod.o(CL$$btod_div_common)
    CL$$btod_e2e                             0x08002a4c   Section      220  btod.o(CL$$btod_e2e)
    CL$$btod_ediv                            0x08002b28   Section       42  btod.o(CL$$btod_ediv)
    CL$$btod_emul                            0x08002b52   Section       42  btod.o(CL$$btod_emul)
    CL$$btod_mult_common                     0x08002b7c   Section      580  btod.o(CL$$btod_mult_common)
    i.__ARM_fpclassify                       0x08002dc0   Section        0  fpclassify.o(i.__ARM_fpclassify)
    i._is_digit                              0x08002de8   Section        0  __printf_wp.o(i._is_digit)
    locale$$code                             0x08002df8   Section       44  lc_numeric_c.o(locale$$code)
    locale$$code                             0x08002e24   Section       44  lc_ctype_c.o(locale$$code)
    x$fpl$printf1                            0x08002e50   Section        4  printf1.o(x$fpl$printf1)
    x$fpl$printf2                            0x08002e54   Section        4  printf2.o(x$fpl$printf2)
    initial_mbstate                          0x08002e58   Data           8  _printf_wctomb.o(.constdata)
    .constdata                               0x08002e58   Section        8  _printf_wctomb.o(.constdata)
    x$fpl$usenofp                            0x08002e58   Section        0  usenofp.o(x$fpl$usenofp)
    uc_hextab                                0x08002e60   Data          20  _printf_hex_int_ll_ptr.o(.constdata)
    .constdata                               0x08002e60   Section       40  _printf_hex_int_ll_ptr.o(.constdata)
    lc_hextab                                0x08002e74   Data          20  _printf_hex_int_ll_ptr.o(.constdata)
    maptable                                 0x08002e88   Data          17  __printf_flags_ss_wp.o(.constdata)
    .constdata                               0x08002e88   Section       17  __printf_flags_ss_wp.o(.constdata)
    lc_hextab                                0x08002e99   Data          19  _printf_fp_hex.o(.constdata)
    .constdata                               0x08002e99   Section       38  _printf_fp_hex.o(.constdata)
    uc_hextab                                0x08002eac   Data          19  _printf_fp_hex.o(.constdata)
    tenpwrs_x                                0x08002ec0   Data          60  bigflt0.o(.constdata)
    .constdata                               0x08002ec0   Section      148  bigflt0.o(.constdata)
    tenpwrs_i                                0x08002efc   Data          64  bigflt0.o(.constdata)
    .L.str                                   0x08002f54   Data          31  ds3231.o(.rodata.str1.1)
    [Anonymous Symbol]                       0x08002f54   Section        0  ds3231.o(.rodata.str1.1)
    locale$$data                             0x08002f84   Section       28  lc_numeric_c.o(locale$$data)
    __lcnum_c_name                           0x08002f88   Data           2  lc_numeric_c.o(locale$$data)
    __lcnum_c_start                          0x08002f90   Data           0  lc_numeric_c.o(locale$$data)
    __lcnum_c_point                          0x08002f9c   Data           0  lc_numeric_c.o(locale$$data)
    __lcnum_c_thousands                      0x08002f9e   Data           0  lc_numeric_c.o(locale$$data)
    __lcnum_c_grouping                       0x08002f9f   Data           0  lc_numeric_c.o(locale$$data)
    __lcnum_c_end                            0x08002fa0   Data           0  lc_numeric_c.o(locale$$data)
    locale$$data                             0x08002fa0   Section      272  lc_ctype_c.o(locale$$data)
    __lcctype_c_name                         0x08002fa4   Data           2  lc_ctype_c.o(locale$$data)
    __lcctype_c_start                        0x08002fac   Data           0  lc_ctype_c.o(locale$$data)
    __lcctype_c_end                          0x080030b0   Data           0  lc_ctype_c.o(locale$$data)
    .bss                                     0x20000000   Section       96  libspace.o(.bss)
    Count                                    0x20000060   Data           4  timer.o(.bss.Count)
    [Anonymous Symbol]                       0x20000060   Section        0  timer.o(.bss.Count)
    DS3231_ADDRESS                           0x20000064   Data           1  ds3231.o(.bss.DS3231_ADDRESS)
    [Anonymous Symbol]                       0x20000064   Section        0  ds3231.o(.bss.DS3231_ADDRESS)
    flag                                     0x20000074   Data           1  exti.o(.bss.flag)
    [Anonymous Symbol]                       0x20000074   Section        0  exti.o(.bss.flag)
    Heap_Mem                                 0x20000078   Data         512  startup_stm32f10x_md.o(HEAP)
    HEAP                                     0x20000078   Section      512  startup_stm32f10x_md.o(HEAP)
    Stack_Mem                                0x20000278   Data        1024  startup_stm32f10x_md.o(STACK)
    STACK                                    0x20000278   Section     1024  startup_stm32f10x_md.o(STACK)
    __initial_sp                             0x20000678   Data           0  startup_stm32f10x_md.o(STACK)

    Global Symbols

    Symbol Name                              Value     Ov Type        Size  Object(Section)

    BuildAttributes$$THM_ISAv4$P$D$K$B$S$PE$A:L22UL41UL21$X:L11$S22US41US21$IEEE1$IW$~IW$USESV6$~STKCKD$USESV7$~SHL$OTIME$ROPI$IEEEJ$EBA8$UX$STANDARDLIB$REQ8$PRES8$EABIv2 0x00000000   Number         0  anon$$obj.o ABSOLUTE
    __fp_init_empty                          0x00000000   Number         0  fpinit_empty.o ABSOLUTE
    _printf_flags                            0x00000000   Number         0  printf_stubs.o ABSOLUTE
    _printf_return_value                     0x00000000   Number         0  printf_stubs.o ABSOLUTE
    _printf_sizespec                         0x00000000   Number         0  printf_stubs.o ABSOLUTE
    _printf_widthprec                        0x00000000   Number         0  printf_stubs.o ABSOLUTE
    __ARM_exceptions_init                     - Undefined Weak Reference
    __alloca_initialize                       - Undefined Weak Reference
    __arm_preinit_                            - Undefined Weak Reference
    __arm_relocate_pie_                       - Undefined Weak Reference
    __cpp_initialize__aeabi_                  - Undefined Weak Reference
    __cxa_finalize                            - Undefined Weak Reference
    __sigvec_lookup                           - Undefined Weak Reference
    _atexit_init                              - Undefined Weak Reference
    _call_atexit_fns                          - Undefined Weak Reference
    _clock_init                               - Undefined Weak Reference
    _fp_trap_init                             - Undefined Weak Reference
    _fp_trap_shutdown                         - Undefined Weak Reference
    _get_lc_collate                           - Undefined Weak Reference
    _get_lc_monetary                          - Undefined Weak Reference
    _get_lc_time                              - Undefined Weak Reference
    _getenv_init                              - Undefined Weak Reference
    _handle_redirection                       - Undefined Weak Reference
    _init_alloc                               - Undefined Weak Reference
    _init_user_alloc                          - Undefined Weak Reference
    _initio                                   - Undefined Weak Reference
    _printf_mbtowc                            - Undefined Weak Reference
    _printf_wc                                - Undefined Weak Reference
    _rand_init                                - Undefined Weak Reference
    _signal_finish                            - Undefined Weak Reference
    _signal_init                              - Undefined Weak Reference
    _terminate_alloc                          - Undefined Weak Reference
    _terminate_user_alloc                     - Undefined Weak Reference
    _terminateio                              - Undefined Weak Reference
    __Vectors_Size                           0x000000ec   Number         0  startup_stm32f10x_md.o ABSOLUTE
    __Vectors                                0x08000000   Data           4  startup_stm32f10x_md.o(RESET)
    __Vectors_End                            0x080000ec   Data           0  startup_stm32f10x_md.o(RESET)
    __main                                   0x080000ed   Thumb Code     8  __main.o(!!!main)
    __scatterload                            0x080000f5   Thumb Code     0  __scatter.o(!!!scatter)
    __scatterload_rt2                        0x080000f5   Thumb Code    44  __scatter.o(!!!scatter)
    __scatterload_rt2_thumb_only             0x080000f5   Thumb Code     0  __scatter.o(!!!scatter)
    __scatterload_null                       0x08000103   Thumb Code     0  __scatter.o(!!!scatter)
    __scatterload_zeroinit                   0x08000129   Thumb Code    28  __scatter_zi.o(!!handler_zi)
    _printf_n                                0x08000145   Thumb Code     0  _printf_n.o(.ARM.Collect$$_printf_percent$$00000001)
    _printf_percent                          0x08000145   Thumb Code     0  _printf_percent.o(.ARM.Collect$$_printf_percent$$00000000)
    _printf_p                                0x0800014b   Thumb Code     0  _printf_p.o(.ARM.Collect$$_printf_percent$$00000002)
    _printf_f                                0x08000151   Thumb Code     0  _printf_f.o(.ARM.Collect$$_printf_percent$$00000003)
    _printf_e                                0x08000157   Thumb Code     0  _printf_e.o(.ARM.Collect$$_printf_percent$$00000004)
    _printf_g                                0x0800015d   Thumb Code     0  _printf_g.o(.ARM.Collect$$_printf_percent$$00000005)
    _printf_a                                0x08000163   Thumb Code     0  _printf_a.o(.ARM.Collect$$_printf_percent$$00000006)
    _printf_ll                               0x08000169   Thumb Code     0  _printf_ll.o(.ARM.Collect$$_printf_percent$$00000007)
    _printf_i                                0x08000173   Thumb Code     0  _printf_i.o(.ARM.Collect$$_printf_percent$$00000008)
    _printf_d                                0x08000179   Thumb Code     0  _printf_d.o(.ARM.Collect$$_printf_percent$$00000009)
    _printf_u                                0x0800017f   Thumb Code     0  _printf_u.o(.ARM.Collect$$_printf_percent$$0000000A)
    _printf_o                                0x08000185   Thumb Code     0  _printf_o.o(.ARM.Collect$$_printf_percent$$0000000B)
    _printf_x                                0x0800018b   Thumb Code     0  _printf_x.o(.ARM.Collect$$_printf_percent$$0000000C)
    _printf_lli                              0x08000191   Thumb Code     0  _printf_lli.o(.ARM.Collect$$_printf_percent$$0000000D)
    _printf_lld                              0x08000197   Thumb Code     0  _printf_lld.o(.ARM.Collect$$_printf_percent$$0000000E)
    _printf_llu                              0x0800019d   Thumb Code     0  _printf_llu.o(.ARM.Collect$$_printf_percent$$0000000F)
    _printf_llo                              0x080001a3   Thumb Code     0  _printf_llo.o(.ARM.Collect$$_printf_percent$$00000010)
    _printf_llx                              0x080001a9   Thumb Code     0  _printf_llx.o(.ARM.Collect$$_printf_percent$$00000011)
    _printf_l                                0x080001af   Thumb Code     0  _printf_l.o(.ARM.Collect$$_printf_percent$$00000012)
    _printf_c                                0x080001b9   Thumb Code     0  _printf_c.o(.ARM.Collect$$_printf_percent$$00000013)
    _printf_s                                0x080001bf   Thumb Code     0  _printf_s.o(.ARM.Collect$$_printf_percent$$00000014)
    _printf_lc                               0x080001c5   Thumb Code     0  _printf_lc.o(.ARM.Collect$$_printf_percent$$00000015)
    _printf_ls                               0x080001cb   Thumb Code     0  _printf_ls.o(.ARM.Collect$$_printf_percent$$00000016)
    _printf_percent_end                      0x080001d1   Thumb Code     0  _printf_percent_end.o(.ARM.Collect$$_printf_percent$$00000017)
    __rt_lib_init                            0x080001d5   Thumb Code     0  libinit.o(.ARM.Collect$$libinit$$00000000)
    __rt_lib_init_fp_1                       0x080001d7   Thumb Code     0  libinit2.o(.ARM.Collect$$libinit$$00000002)
    __rt_lib_init_heap_1                     0x080001d7   Thumb Code     0  libinit2.o(.ARM.Collect$$libinit$$0000000C)
    __rt_lib_init_lc_common                  0x080001d7   Thumb Code     0  libinit2.o(.ARM.Collect$$libinit$$00000011)
    __rt_lib_init_preinit_1                  0x080001d7   Thumb Code     0  libinit2.o(.ARM.Collect$$libinit$$00000006)
    __rt_lib_init_rand_1                     0x080001d7   Thumb Code     0  libinit2.o(.ARM.Collect$$libinit$$00000010)
    __rt_lib_init_relocate_pie_1             0x080001d7   Thumb Code     0  libinit2.o(.ARM.Collect$$libinit$$00000004)
    __rt_lib_init_user_alloc_1               0x080001d7   Thumb Code     0  libinit2.o(.ARM.Collect$$libinit$$0000000E)
    __rt_lib_init_lc_collate_1               0x080001dd   Thumb Code     0  libinit2.o(.ARM.Collect$$libinit$$00000013)
    __rt_lib_init_lc_ctype_2                 0x080001dd   Thumb Code     0  libinit2.o(.ARM.Collect$$libinit$$00000014)
    __rt_lib_init_lc_ctype_1                 0x080001e9   Thumb Code     0  libinit2.o(.ARM.Collect$$libinit$$00000015)
    __rt_lib_init_lc_monetary_1              0x080001e9   Thumb Code     0  libinit2.o(.ARM.Collect$$libinit$$00000017)
    __rt_lib_init_lc_numeric_2               0x080001e9   Thumb Code     0  libinit2.o(.ARM.Collect$$libinit$$00000018)
    __rt_lib_init_alloca_1                   0x080001f3   Thumb Code     0  libinit2.o(.ARM.Collect$$libinit$$00000030)
    __rt_lib_init_argv_1                     0x080001f3   Thumb Code     0  libinit2.o(.ARM.Collect$$libinit$$0000002E)
    __rt_lib_init_atexit_1                   0x080001f3   Thumb Code     0  libinit2.o(.ARM.Collect$$libinit$$0000001D)
    __rt_lib_init_clock_1                    0x080001f3   Thumb Code     0  libinit2.o(.ARM.Collect$$libinit$$00000023)
    __rt_lib_init_cpp_1                      0x080001f3   Thumb Code     0  libinit2.o(.ARM.Collect$$libinit$$00000034)
    __rt_lib_init_exceptions_1               0x080001f3   Thumb Code     0  libinit2.o(.ARM.Collect$$libinit$$00000032)
    __rt_lib_init_fp_trap_1                  0x080001f3   Thumb Code     0  libinit2.o(.ARM.Collect$$libinit$$00000021)
    __rt_lib_init_getenv_1                   0x080001f3   Thumb Code     0  libinit2.o(.ARM.Collect$$libinit$$00000025)
    __rt_lib_init_lc_numeric_1               0x080001f3   Thumb Code     0  libinit2.o(.ARM.Collect$$libinit$$00000019)
    __rt_lib_init_lc_time_1                  0x080001f3   Thumb Code     0  libinit2.o(.ARM.Collect$$libinit$$0000001B)
    __rt_lib_init_return                     0x080001f3   Thumb Code     0  libinit2.o(.ARM.Collect$$libinit$$00000035)
    __rt_lib_init_signal_1                   0x080001f3   Thumb Code     0  libinit2.o(.ARM.Collect$$libinit$$0000001F)
    __rt_lib_init_stdio_1                    0x080001f3   Thumb Code     0  libinit2.o(.ARM.Collect$$libinit$$00000027)
    __rt_lib_shutdown                        0x080001f5   Thumb Code     0  libshutdown.o(.ARM.Collect$$libshutdown$$00000000)
    __rt_lib_shutdown_cpp_1                  0x080001f7   Thumb Code     0  libshutdown2.o(.ARM.Collect$$libshutdown$$00000002)
    __rt_lib_shutdown_fp_trap_1              0x080001f7   Thumb Code     0  libshutdown2.o(.ARM.Collect$$libshutdown$$00000007)
    __rt_lib_shutdown_heap_1                 0x080001f7   Thumb Code     0  libshutdown2.o(.ARM.Collect$$libshutdown$$0000000F)
    __rt_lib_shutdown_return                 0x080001f7   Thumb Code     0  libshutdown2.o(.ARM.Collect$$libshutdown$$00000010)
    __rt_lib_shutdown_signal_1               0x080001f7   Thumb Code     0  libshutdown2.o(.ARM.Collect$$libshutdown$$0000000A)
    __rt_lib_shutdown_stdio_1                0x080001f7   Thumb Code     0  libshutdown2.o(.ARM.Collect$$libshutdown$$00000004)
    __rt_lib_shutdown_user_alloc_1           0x080001f7   Thumb Code     0  libshutdown2.o(.ARM.Collect$$libshutdown$$0000000C)
    __rt_entry                               0x080001f9   Thumb Code     0  __rtentry.o(.ARM.Collect$$rtentry$$00000000)
    __rt_entry_presh_1                       0x080001f9   Thumb Code     0  __rtentry2.o(.ARM.Collect$$rtentry$$00000002)
    __rt_entry_sh                            0x080001f9   Thumb Code     0  __rtentry4.o(.ARM.Collect$$rtentry$$00000004)
    __rt_entry_li                            0x080001ff   Thumb Code     0  __rtentry2.o(.ARM.Collect$$rtentry$$0000000A)
    __rt_entry_postsh_1                      0x080001ff   Thumb Code     0  __rtentry2.o(.ARM.Collect$$rtentry$$00000009)
    __rt_entry_main                          0x08000203   Thumb Code     0  __rtentry2.o(.ARM.Collect$$rtentry$$0000000D)
    __rt_entry_postli_1                      0x08000203   Thumb Code     0  __rtentry2.o(.ARM.Collect$$rtentry$$0000000C)
    __rt_exit                                0x0800020b   Thumb Code     0  rtexit.o(.ARM.Collect$$rtexit$$00000000)
    __rt_exit_ls                             0x0800020d   Thumb Code     0  rtexit2.o(.ARM.Collect$$rtexit$$00000003)
    __rt_exit_prels_1                        0x0800020d   Thumb Code     0  rtexit2.o(.ARM.Collect$$rtexit$$00000002)
    __rt_exit_exit                           0x08000211   Thumb Code     0  rtexit2.o(.ARM.Collect$$rtexit$$00000004)
    Reset_Handler                            0x08000219   Thumb Code     8  startup_stm32f10x_md.o(.text)
    NMI_Handler                              0x08000221   Thumb Code     2  startup_stm32f10x_md.o(.text)
    HardFault_Handler                        0x08000223   Thumb Code     2  startup_stm32f10x_md.o(.text)
    MemManage_Handler                        0x08000225   Thumb Code     2  startup_stm32f10x_md.o(.text)
    BusFault_Handler                         0x08000227   Thumb Code     2  startup_stm32f10x_md.o(.text)
    UsageFault_Handler                       0x08000229   Thumb Code     2  startup_stm32f10x_md.o(.text)
    SVC_Handler                              0x0800022b   Thumb Code     2  startup_stm32f10x_md.o(.text)
    DebugMon_Handler                         0x0800022d   Thumb Code     2  startup_stm32f10x_md.o(.text)
    PendSV_Handler                           0x0800022f   Thumb Code     2  startup_stm32f10x_md.o(.text)
    ADC1_2_IRQHandler                        0x08000233   Thumb Code     0  startup_stm32f10x_md.o(.text)
    CAN1_RX1_IRQHandler                      0x08000233   Thumb Code     0  startup_stm32f10x_md.o(.text)
    CAN1_SCE_IRQHandler                      0x08000233   Thumb Code     0  startup_stm32f10x_md.o(.text)
    DMA1_Channel1_IRQHandler                 0x08000233   Thumb Code     0  startup_stm32f10x_md.o(.text)
    DMA1_Channel2_IRQHandler                 0x08000233   Thumb Code     0  startup_stm32f10x_md.o(.text)
    DMA1_Channel3_IRQHandler                 0x08000233   Thumb Code     0  startup_stm32f10x_md.o(.text)
    DMA1_Channel4_IRQHandler                 0x08000233   Thumb Code     0  startup_stm32f10x_md.o(.text)
    DMA1_Channel5_IRQHandler                 0x08000233   Thumb Code     0  startup_stm32f10x_md.o(.text)
    DMA1_Channel6_IRQHandler                 0x08000233   Thumb Code     0  startup_stm32f10x_md.o(.text)
    DMA1_Channel7_IRQHandler                 0x08000233   Thumb Code     0  startup_stm32f10x_md.o(.text)
    EXTI0_IRQHandler                         0x08000233   Thumb Code     0  startup_stm32f10x_md.o(.text)
    EXTI15_10_IRQHandler                     0x08000233   Thumb Code     0  startup_stm32f10x_md.o(.text)
    EXTI2_IRQHandler                         0x08000233   Thumb Code     0  startup_stm32f10x_md.o(.text)
    EXTI3_IRQHandler                         0x08000233   Thumb Code     0  startup_stm32f10x_md.o(.text)
    EXTI4_IRQHandler                         0x08000233   Thumb Code     0  startup_stm32f10x_md.o(.text)
    EXTI9_5_IRQHandler                       0x08000233   Thumb Code     0  startup_stm32f10x_md.o(.text)
    FLASH_IRQHandler                         0x08000233   Thumb Code     0  startup_stm32f10x_md.o(.text)
    I2C1_ER_IRQHandler                       0x08000233   Thumb Code     0  startup_stm32f10x_md.o(.text)
    I2C1_EV_IRQHandler                       0x08000233   Thumb Code     0  startup_stm32f10x_md.o(.text)
    I2C2_ER_IRQHandler                       0x08000233   Thumb Code     0  startup_stm32f10x_md.o(.text)
    I2C2_EV_IRQHandler                       0x08000233   Thumb Code     0  startup_stm32f10x_md.o(.text)
    PVD_IRQHandler                           0x08000233   Thumb Code     0  startup_stm32f10x_md.o(.text)
    RCC_IRQHandler                           0x08000233   Thumb Code     0  startup_stm32f10x_md.o(.text)
    RTCAlarm_IRQHandler                      0x08000233   Thumb Code     0  startup_stm32f10x_md.o(.text)
    RTC_IRQHandler                           0x08000233   Thumb Code     0  startup_stm32f10x_md.o(.text)
    SPI2_IRQHandler                          0x08000233   Thumb Code     0  startup_stm32f10x_md.o(.text)
    TAMPER_IRQHandler                        0x08000233   Thumb Code     0  startup_stm32f10x_md.o(.text)
    TIM1_BRK_IRQHandler                      0x08000233   Thumb Code     0  startup_stm32f10x_md.o(.text)
    TIM1_CC_IRQHandler                       0x08000233   Thumb Code     0  startup_stm32f10x_md.o(.text)
    TIM1_TRG_COM_IRQHandler                  0x08000233   Thumb Code     0  startup_stm32f10x_md.o(.text)
    TIM1_UP_IRQHandler                       0x08000233   Thumb Code     0  startup_stm32f10x_md.o(.text)
    TIM3_IRQHandler                          0x08000233   Thumb Code     0  startup_stm32f10x_md.o(.text)
    TIM4_IRQHandler                          0x08000233   Thumb Code     0  startup_stm32f10x_md.o(.text)
    USART2_IRQHandler                        0x08000233   Thumb Code     0  startup_stm32f10x_md.o(.text)
    USART3_IRQHandler                        0x08000233   Thumb Code     0  startup_stm32f10x_md.o(.text)
    USBWakeUp_IRQHandler                     0x08000233   Thumb Code     0  startup_stm32f10x_md.o(.text)
    USB_HP_CAN1_TX_IRQHandler                0x08000233   Thumb Code     0  startup_stm32f10x_md.o(.text)
    USB_LP_CAN1_RX0_IRQHandler               0x08000233   Thumb Code     0  startup_stm32f10x_md.o(.text)
    WWDG_IRQHandler                          0x08000233   Thumb Code     0  startup_stm32f10x_md.o(.text)
    __user_initial_stackheap                 0x08000235   Thumb Code     0  startup_stm32f10x_md.o(.text)
    sprintf                                  0x08000259   Thumb Code    38  sprintf.o(.text)
    __aeabi_memclr                           0x08000285   Thumb Code     0  rt_memclr.o(.text)
    __rt_memclr                              0x08000285   Thumb Code     0  rt_memclr.o(.text)
    _memset                                  0x08000289   Thumb Code    64  rt_memclr.o(.text)
    __use_two_region_memory                  0x080002c9   Thumb Code     2  heapauxi.o(.text)
    __rt_heap_escrow$2region                 0x080002cb   Thumb Code     2  heapauxi.o(.text)
    __rt_heap_expand$2region                 0x080002cd   Thumb Code     2  heapauxi.o(.text)
    _printf_pre_padding                      0x080002cf   Thumb Code    44  _printf_pad.o(.text)
    _printf_post_padding                     0x080002fb   Thumb Code    34  _printf_pad.o(.text)
    _printf_truncate_signed                  0x0800031d   Thumb Code    18  _printf_truncate.o(.text)
    _printf_truncate_unsigned                0x0800032f   Thumb Code    18  _printf_truncate.o(.text)
    _printf_str                              0x08000341   Thumb Code    82  _printf_str.o(.text)
    _printf_int_dec                          0x08000395   Thumb Code   104  _printf_dec.o(.text)
    _printf_charcount                        0x0800040d   Thumb Code    40  _printf_charcount.o(.text)
    _printf_char_common                      0x0800043f   Thumb Code    32  _printf_char_common.o(.text)
    _sputc                                   0x08000465   Thumb Code    10  _sputc.o(.text)
    _printf_wctomb                           0x08000471   Thumb Code   182  _printf_wctomb.o(.text)
    _printf_longlong_dec                     0x0800052d   Thumb Code   108  _printf_longlong_dec.o(.text)
    _printf_longlong_oct                     0x080005a9   Thumb Code    68  _printf_oct_int_ll.o(.text)
    _printf_int_oct                          0x080005ed   Thumb Code    24  _printf_oct_int_ll.o(.text)
    _printf_ll_oct                           0x08000605   Thumb Code    12  _printf_oct_int_ll.o(.text)
    _printf_longlong_hex                     0x08000619   Thumb Code    86  _printf_hex_int_ll_ptr.o(.text)
    _printf_int_hex                          0x0800066f   Thumb Code    28  _printf_hex_int_ll_ptr.o(.text)
    _printf_ll_hex                           0x0800068b   Thumb Code    12  _printf_hex_int_ll_ptr.o(.text)
    _printf_hex_ptr                          0x08000697   Thumb Code    18  _printf_hex_int_ll_ptr.o(.text)
    __printf                                 0x080006ad   Thumb Code   388  __printf_flags_ss_wp.o(.text)
    __aeabi_memclr4                          0x08000835   Thumb Code     0  rt_memclr_w.o(.text)
    __aeabi_memclr8                          0x08000835   Thumb Code     0  rt_memclr_w.o(.text)
    __rt_memclr_w                            0x08000835   Thumb Code     0  rt_memclr_w.o(.text)
    _memset_w                                0x08000839   Thumb Code    74  rt_memclr_w.o(.text)
    _ll_udiv10                               0x08000883   Thumb Code   138  lludiv10.o(.text)
    _printf_int_common                       0x0800090d   Thumb Code   178  _printf_intcommon.o(.text)
    _printf_fp_dec_real                      0x08000b6f   Thumb Code   620  _printf_fp_dec.o(.text)
    _printf_fp_hex_real                      0x08000ddd   Thumb Code   756  _printf_fp_hex.o(.text)
    _printf_cs_common                        0x080010d9   Thumb Code    20  _printf_char.o(.text)
    _printf_char                             0x080010ed   Thumb Code    16  _printf_char.o(.text)
    _printf_string                           0x080010fd   Thumb Code     8  _printf_char.o(.text)
    _printf_lcs_common                       0x08001105   Thumb Code    20  _printf_wchar.o(.text)
    _printf_wchar                            0x08001119   Thumb Code    16  _printf_wchar.o(.text)
    _printf_wstring                          0x08001129   Thumb Code     8  _printf_wchar.o(.text)
    _c16rtomb                                0x08001131   Thumb Code    72  _c16rtomb.o(.text)
    _wcrtomb                                 0x08001131   Thumb Code     0  _c16rtomb.o(.text)
    __user_setup_stackheap                   0x08001179   Thumb Code    74  sys_stackheap_outer.o(.text)
    __rt_ctype_table                         0x080011c5   Thumb Code    16  rt_ctype_table.o(.text)
    __rt_locale                              0x080011d5   Thumb Code     8  rt_locale_intlibspace.o(.text)
    _printf_fp_infnan                        0x080011dd   Thumb Code   112  _printf_fp_infnan.o(.text)
    _btod_etento                             0x0800125d   Thumb Code   224  bigflt0.o(.text)
    exit                                     0x08001341   Thumb Code    18  exit.o(.text)
    __user_libspace                          0x08001355   Thumb Code     8  libspace.o(.text)
    __user_perproc_libspace                  0x08001355   Thumb Code     0  libspace.o(.text)
    __user_perthread_libspace                0x08001355   Thumb Code     0  libspace.o(.text)
    strcmp                                   0x0800135d   Thumb Code   128  strcmpv7m.o(.text)
    _sys_exit                                0x080013dd   Thumb Code     8  sys_exit.o(.text)
    __I$use$semihosting                      0x080013e9   Thumb Code     0  use_no_semi.o(.text)
    __use_no_semihosting_swi                 0x080013e9   Thumb Code     2  use_no_semi.o(.text)
    __semihosting_library_function           0x080013eb   Thumb Code     0  indicate_semi.o(.text)
    Clock_AFIO                               0x0800140d   Thumb Code    56  clock.o(.text.Clock_AFIO)
    DS3231_GetTime                           0x08001445   Thumb Code   120  ds3231.o(.text.DS3231_GetTime)
    DS3231_Init                              0x080014bd   Thumb Code    24  ds3231.o(.text.DS3231_Init)
    DS3231_MAIN_TEST                         0x080014d5   Thumb Code   126  ds3231.o(.text.DS3231_MAIN_TEST)
    Delay_TIM2_ms                            0x08001555   Thumb Code    52  timer.o(.text.Delay_TIM2_ms)
    EXTI1_IRQHandler                         0x08001589   Thumb Code    88  exti.o(.text.EXTI1_IRQHandler)
    Enable_Disable_Clock_PortA               0x080015e1   Thumb Code    56  clock.o(.text.Enable_Disable_Clock_PortA)
    Enable_Disable_Clock_PortB               0x08001619   Thumb Code    56  clock.o(.text.Enable_Disable_Clock_PortB)
    I2C1_EnableClock                         0x08001651   Thumb Code    56  clock.o(.text.I2C1_EnableClock)
    I2C1_Init                                0x08001689   Thumb Code   174  i2c.o(.text.I2C1_Init)
    I2C1_ReadMEM                             0x08001791   Thumb Code   146  i2c.o(.text.I2C1_ReadMEM)
    InitClockHSE                             0x080019b9   Thumb Code   252  clock.o(.text.InitClockHSE)
    Init_TIM2_Delay                          0x08001ab5   Thumb Code   130  timer.o(.text.Init_TIM2_Delay)
    NVIC_ClearPendingFlag                    0x08001b39   Thumb Code    50  nvic.o(.text.NVIC_ClearPendingFlag)
    NVIC_EnableInterrupt                     0x08001b6d   Thumb Code    50  nvic.o(.text.NVIC_EnableInterrupt)
    NVIC_SetPriority                         0x08001ba1   Thumb Code    54  nvic.o(.text.NVIC_SetPriority)
    SPI1_DisableSlave                        0x08001bd9   Thumb Code    18  spi.o(.text.SPI1_DisableSlave)
    SPI1_IRQHandler                          0x08001bed   Thumb Code    42  spi.o(.text.SPI1_IRQHandler)
    SetPinInput                              0x08001d29   Thumb Code   866  gpio.o(.text.SetPinInput)
    SetPinOutput                             0x0800208d   Thumb Code   582  gpio.o(.text.SetPinOutput)
    Setup_GPIO_PA9TX_PA10RX                  0x08002445   Thumb Code    56  usart.o(.text.Setup_GPIO_PA9TX_PA10RX)
    SysTick_Handler                          0x0800247d   Thumb Code    16  softtimer.o(.text.SysTick_Handler)
    SystemInit                               0x0800248d   Thumb Code   102  system_stm32f10x.o(.text.SystemInit)
    TIM2_IRQHandler                          0x080024f5   Thumb Code    30  timer.o(.text.TIM2_IRQHandler)
    USART1_IRQHandler                        0x08002515   Thumb Code    36  usart.o(.text.USART1_IRQHandler)
    USART1_Init_CLK                          0x08002539   Thumb Code    18  usart.o(.text.USART1_Init_CLK)
    USART1_SendData                          0x0800254d   Thumb Code   102  usart.o(.text.USART1_SendData)
    USART1_Setup_INT_RX                      0x080025b5   Thumb Code   110  usart.o(.text.USART1_Setup_INT_RX)
    main                                     0x08002625   Thumb Code    10  main.o(.text.main)
    _btod_d2e                                0x0800262f   Thumb Code    62  btod.o(CL$$btod_d2e)
    _d2e_denorm_low                          0x0800266d   Thumb Code    70  btod.o(CL$$btod_d2e_denorm_low)
    _d2e_norm_op1                            0x080026b3   Thumb Code    96  btod.o(CL$$btod_d2e_norm_op1)
    __btod_div_common                        0x08002715   Thumb Code   696  btod.o(CL$$btod_div_common)
    _e2e                                     0x08002a4d   Thumb Code   220  btod.o(CL$$btod_e2e)
    _btod_ediv                               0x08002b29   Thumb Code    42  btod.o(CL$$btod_ediv)
    _btod_emul                               0x08002b53   Thumb Code    42  btod.o(CL$$btod_emul)
    __btod_mult_common                       0x08002b7d   Thumb Code   580  btod.o(CL$$btod_mult_common)
    __ARM_fpclassify                         0x08002dc1   Thumb Code    40  fpclassify.o(i.__ARM_fpclassify)
    _is_digit                                0x08002de9   Thumb Code    14  __printf_wp.o(i._is_digit)
    _get_lc_numeric                          0x08002df9   Thumb Code    44  lc_numeric_c.o(locale$$code)
    _get_lc_ctype                            0x08002e25   Thumb Code    44  lc_ctype_c.o(locale$$code)
    _printf_fp_dec                           0x08002e51   Thumb Code     4  printf1.o(x$fpl$printf1)
    _printf_fp_hex                           0x08002e55   Thumb Code     4  printf2.o(x$fpl$printf2)
    __I$use$fp                               0x08002e58   Number         0  usenofp.o(x$fpl$usenofp)
    Region$$Table$$Base                      0x08002f74   Number         0  anon$$obj.o(Region$$Table)
    Region$$Table$$Limit                     0x08002f84   Number         0  anon$$obj.o(Region$$Table)
    __ctype                                  0x08002fad   Data           0  lc_ctype_c.o(locale$$data)
    __libspace_start                         0x20000000   Data          96  libspace.o(.bss)
    __temporary_stack_top$libspace           0x20000060   Data           0  libspace.o(.bss)
    ReadData                                 0x20000065   Data           1  usart.o(.bss.ReadData)
    SPI_ReadData                             0x20000066   Data           1  spi.o(.bss.SPI_ReadData)
    TIME                                     0x20000067   Data           7  ds3231.o(.bss.TIME)
    TimeCountMs                              0x20000070   Data           4  softtimer.o(.bss.TimeCountMs)



==============================================================================

Memory Map of the image

  Image Entry point : 0x080000ed

  Load Region LR_IROM1 (Base: 0x08000000, Size: 0x000030b0, Max: 0x00010000, ABSOLUTE)

    Execution Region ER_IROM1 (Exec base: 0x08000000, Load base: 0x08000000, Size: 0x000030b0, Max: 0x00010000, ABSOLUTE)

    Exec Addr    Load Addr    Size         Type   Attr      Idx    E Section Name        Object

    0x08000000   0x08000000   0x000000ec   Data   RO          305    RESET               startup_stm32f10x_md.o
    0x080000ec   0x080000ec   0x00000008   Code   RO          337  * !!!main             c_w.l(__main.o)
    0x080000f4   0x080000f4   0x00000034   Code   RO          676    !!!scatter          c_w.l(__scatter.o)
    0x08000128   0x08000128   0x0000001c   Code   RO          678    !!handler_zi        c_w.l(__scatter_zi.o)
    0x08000144   0x08000144   0x00000000   Code   RO          421    .ARM.Collect$$_printf_percent$$00000000  c_w.l(_printf_percent.o)
    0x08000144   0x08000144   0x00000006   Code   RO          410    .ARM.Collect$$_printf_percent$$00000001  c_w.l(_printf_n.o)
    0x0800014a   0x0800014a   0x00000006   Code   RO          412    .ARM.Collect$$_printf_percent$$00000002  c_w.l(_printf_p.o)
    0x08000150   0x08000150   0x00000006   Code   RO          417    .ARM.Collect$$_printf_percent$$00000003  c_w.l(_printf_f.o)
    0x08000156   0x08000156   0x00000006   Code   RO          418    .ARM.Collect$$_printf_percent$$00000004  c_w.l(_printf_e.o)
    0x0800015c   0x0800015c   0x00000006   Code   RO          419    .ARM.Collect$$_printf_percent$$00000005  c_w.l(_printf_g.o)
    0x08000162   0x08000162   0x00000006   Code   RO          420    .ARM.Collect$$_printf_percent$$00000006  c_w.l(_printf_a.o)
    0x08000168   0x08000168   0x0000000a   Code   RO          425    .ARM.Collect$$_printf_percent$$00000007  c_w.l(_printf_ll.o)
    0x08000172   0x08000172   0x00000006   Code   RO          414    .ARM.Collect$$_printf_percent$$00000008  c_w.l(_printf_i.o)
    0x08000178   0x08000178   0x00000006   Code   RO          415    .ARM.Collect$$_printf_percent$$00000009  c_w.l(_printf_d.o)
    0x0800017e   0x0800017e   0x00000006   Code   RO          416    .ARM.Collect$$_printf_percent$$0000000A  c_w.l(_printf_u.o)
    0x08000184   0x08000184   0x00000006   Code   RO          413    .ARM.Collect$$_printf_percent$$0000000B  c_w.l(_printf_o.o)
    0x0800018a   0x0800018a   0x00000006   Code   RO          411    .ARM.Collect$$_printf_percent$$0000000C  c_w.l(_printf_x.o)
    0x08000190   0x08000190   0x00000006   Code   RO          422    .ARM.Collect$$_printf_percent$$0000000D  c_w.l(_printf_lli.o)
    0x08000196   0x08000196   0x00000006   Code   RO          423    .ARM.Collect$$_printf_percent$$0000000E  c_w.l(_printf_lld.o)
    0x0800019c   0x0800019c   0x00000006   Code   RO          424    .ARM.Collect$$_printf_percent$$0000000F  c_w.l(_printf_llu.o)
    0x080001a2   0x080001a2   0x00000006   Code   RO          429    .ARM.Collect$$_printf_percent$$00000010  c_w.l(_printf_llo.o)
    0x080001a8   0x080001a8   0x00000006   Code   RO          430    .ARM.Collect$$_printf_percent$$00000011  c_w.l(_printf_llx.o)
    0x080001ae   0x080001ae   0x0000000a   Code   RO          426    .ARM.Collect$$_printf_percent$$00000012  c_w.l(_printf_l.o)
    0x080001b8   0x080001b8   0x00000006   Code   RO          408    .ARM.Collect$$_printf_percent$$00000013  c_w.l(_printf_c.o)
    0x080001be   0x080001be   0x00000006   Code   RO          409    .ARM.Collect$$_printf_percent$$00000014  c_w.l(_printf_s.o)
    0x080001c4   0x080001c4   0x00000006   Code   RO          427    .ARM.Collect$$_printf_percent$$00000015  c_w.l(_printf_lc.o)
    0x080001ca   0x080001ca   0x00000006   Code   RO          428    .ARM.Collect$$_printf_percent$$00000016  c_w.l(_printf_ls.o)
    0x080001d0   0x080001d0   0x00000004   Code   RO          473    .ARM.Collect$$_printf_percent$$00000017  c_w.l(_printf_percent_end.o)
    0x080001d4   0x080001d4   0x00000002   Code   RO          524    .ARM.Collect$$libinit$$00000000  c_w.l(libinit.o)
    0x080001d6   0x080001d6   0x00000000   Code   RO          543    .ARM.Collect$$libinit$$00000002  c_w.l(libinit2.o)
    0x080001d6   0x080001d6   0x00000000   Code   RO          545    .ARM.Collect$$libinit$$00000004  c_w.l(libinit2.o)
    0x080001d6   0x080001d6   0x00000000   Code   RO          547    .ARM.Collect$$libinit$$00000006  c_w.l(libinit2.o)
    0x080001d6   0x080001d6   0x00000000   Code   RO          550    .ARM.Collect$$libinit$$0000000C  c_w.l(libinit2.o)
    0x080001d6   0x080001d6   0x00000000   Code   RO          552    .ARM.Collect$$libinit$$0000000E  c_w.l(libinit2.o)
    0x080001d6   0x080001d6   0x00000000   Code   RO          554    .ARM.Collect$$libinit$$00000010  c_w.l(libinit2.o)
    0x080001d6   0x080001d6   0x00000006   Code   RO          555    .ARM.Collect$$libinit$$00000011  c_w.l(libinit2.o)
    0x080001dc   0x080001dc   0x00000000   Code   RO          557    .ARM.Collect$$libinit$$00000013  c_w.l(libinit2.o)
    0x080001dc   0x080001dc   0x0000000c   Code   RO          558    .ARM.Collect$$libinit$$00000014  c_w.l(libinit2.o)
    0x080001e8   0x080001e8   0x00000000   Code   RO          559    .ARM.Collect$$libinit$$00000015  c_w.l(libinit2.o)
    0x080001e8   0x080001e8   0x00000000   Code   RO          561    .ARM.Collect$$libinit$$00000017  c_w.l(libinit2.o)
    0x080001e8   0x080001e8   0x0000000a   Code   RO          562    .ARM.Collect$$libinit$$00000018  c_w.l(libinit2.o)
    0x080001f2   0x080001f2   0x00000000   Code   RO          563    .ARM.Collect$$libinit$$00000019  c_w.l(libinit2.o)
    0x080001f2   0x080001f2   0x00000000   Code   RO          565    .ARM.Collect$$libinit$$0000001B  c_w.l(libinit2.o)
    0x080001f2   0x080001f2   0x00000000   Code   RO          567    .ARM.Collect$$libinit$$0000001D  c_w.l(libinit2.o)
    0x080001f2   0x080001f2   0x00000000   Code   RO          569    .ARM.Collect$$libinit$$0000001F  c_w.l(libinit2.o)
    0x080001f2   0x080001f2   0x00000000   Code   RO          571    .ARM.Collect$$libinit$$00000021  c_w.l(libinit2.o)
    0x080001f2   0x080001f2   0x00000000   Code   RO          573    .ARM.Collect$$libinit$$00000023  c_w.l(libinit2.o)
    0x080001f2   0x080001f2   0x00000000   Code   RO          575    .ARM.Collect$$libinit$$00000025  c_w.l(libinit2.o)
    0x080001f2   0x080001f2   0x00000000   Code   RO          577    .ARM.Collect$$libinit$$00000027  c_w.l(libinit2.o)
    0x080001f2   0x080001f2   0x00000000   Code   RO          581    .ARM.Collect$$libinit$$0000002E  c_w.l(libinit2.o)
    0x080001f2   0x080001f2   0x00000000   Code   RO          583    .ARM.Collect$$libinit$$00000030  c_w.l(libinit2.o)
    0x080001f2   0x080001f2   0x00000000   Code   RO          585    .ARM.Collect$$libinit$$00000032  c_w.l(libinit2.o)
    0x080001f2   0x080001f2   0x00000000   Code   RO          587    .ARM.Collect$$libinit$$00000034  c_w.l(libinit2.o)
    0x080001f2   0x080001f2   0x00000002   Code   RO          588    .ARM.Collect$$libinit$$00000035  c_w.l(libinit2.o)
    0x080001f4   0x080001f4   0x00000002   Code   RO          612    .ARM.Collect$$libshutdown$$00000000  c_w.l(libshutdown.o)
    0x080001f6   0x080001f6   0x00000000   Code   RO          627    .ARM.Collect$$libshutdown$$00000002  c_w.l(libshutdown2.o)
    0x080001f6   0x080001f6   0x00000000   Code   RO          629    .ARM.Collect$$libshutdown$$00000004  c_w.l(libshutdown2.o)
    0x080001f6   0x080001f6   0x00000000   Code   RO          632    .ARM.Collect$$libshutdown$$00000007  c_w.l(libshutdown2.o)
    0x080001f6   0x080001f6   0x00000000   Code   RO          635    .ARM.Collect$$libshutdown$$0000000A  c_w.l(libshutdown2.o)
    0x080001f6   0x080001f6   0x00000000   Code   RO          637    .ARM.Collect$$libshutdown$$0000000C  c_w.l(libshutdown2.o)
    0x080001f6   0x080001f6   0x00000000   Code   RO          640    .ARM.Collect$$libshutdown$$0000000F  c_w.l(libshutdown2.o)
    0x080001f6   0x080001f6   0x00000002   Code   RO          641    .ARM.Collect$$libshutdown$$00000010  c_w.l(libshutdown2.o)
    0x080001f8   0x080001f8   0x00000000   Code   RO          339    .ARM.Collect$$rtentry$$00000000  c_w.l(__rtentry.o)
    0x080001f8   0x080001f8   0x00000000   Code   RO          442    .ARM.Collect$$rtentry$$00000002  c_w.l(__rtentry2.o)
    0x080001f8   0x080001f8   0x00000006   Code   RO          454    .ARM.Collect$$rtentry$$00000004  c_w.l(__rtentry4.o)
    0x080001fe   0x080001fe   0x00000000   Code   RO          444    .ARM.Collect$$rtentry$$00000009  c_w.l(__rtentry2.o)
    0x080001fe   0x080001fe   0x00000004   Code   RO          445    .ARM.Collect$$rtentry$$0000000A  c_w.l(__rtentry2.o)
    0x08000202   0x08000202   0x00000000   Code   RO          447    .ARM.Collect$$rtentry$$0000000C  c_w.l(__rtentry2.o)
    0x08000202   0x08000202   0x00000008   Code   RO          448    .ARM.Collect$$rtentry$$0000000D  c_w.l(__rtentry2.o)
    0x0800020a   0x0800020a   0x00000002   Code   RO          533    .ARM.Collect$$rtexit$$00000000  c_w.l(rtexit.o)
    0x0800020c   0x0800020c   0x00000000   Code   RO          590    .ARM.Collect$$rtexit$$00000002  c_w.l(rtexit2.o)
    0x0800020c   0x0800020c   0x00000004   Code   RO          591    .ARM.Collect$$rtexit$$00000003  c_w.l(rtexit2.o)
    0x08000210   0x08000210   0x00000006   Code   RO          592    .ARM.Collect$$rtexit$$00000004  c_w.l(rtexit2.o)
    0x08000216   0x08000216   0x00000002   PAD
    0x08000218   0x08000218   0x00000040   Code   RO          306    .text               startup_stm32f10x_md.o
    0x08000258   0x08000258   0x0000002c   Code   RO          331    .text               c_w.l(sprintf.o)
    0x08000284   0x08000284   0x00000044   Code   RO          333    .text               c_w.l(rt_memclr.o)
    0x080002c8   0x080002c8   0x00000006   Code   RO          335    .text               c_w.l(heapauxi.o)
    0x080002ce   0x080002ce   0x0000004e   Code   RO          342    .text               c_w.l(_printf_pad.o)
    0x0800031c   0x0800031c   0x00000024   Code   RO          344    .text               c_w.l(_printf_truncate.o)
    0x08000340   0x08000340   0x00000052   Code   RO          346    .text               c_w.l(_printf_str.o)
    0x08000392   0x08000392   0x00000002   PAD
    0x08000394   0x08000394   0x00000078   Code   RO          348    .text               c_w.l(_printf_dec.o)
    0x0800040c   0x0800040c   0x00000028   Code   RO          350    .text               c_w.l(_printf_charcount.o)
    0x08000434   0x08000434   0x00000030   Code   RO          352    .text               c_w.l(_printf_char_common.o)
    0x08000464   0x08000464   0x0000000a   Code   RO          354    .text               c_w.l(_sputc.o)
    0x0800046e   0x0800046e   0x00000002   PAD
    0x08000470   0x08000470   0x000000bc   Code   RO          356    .text               c_w.l(_printf_wctomb.o)
    0x0800052c   0x0800052c   0x0000007c   Code   RO          359    .text               c_w.l(_printf_longlong_dec.o)
    0x080005a8   0x080005a8   0x00000070   Code   RO          365    .text               c_w.l(_printf_oct_int_ll.o)
    0x08000618   0x08000618   0x00000094   Code   RO          385    .text               c_w.l(_printf_hex_int_ll_ptr.o)
    0x080006ac   0x080006ac   0x00000188   Code   RO          405    .text               c_w.l(__printf_flags_ss_wp.o)
    0x08000834   0x08000834   0x0000004e   Code   RO          431    .text               c_w.l(rt_memclr_w.o)
    0x08000882   0x08000882   0x0000008a   Code   RO          456    .text               c_w.l(lludiv10.o)
    0x0800090c   0x0800090c   0x000000b2   Code   RO          458    .text               c_w.l(_printf_intcommon.o)
    0x080009be   0x080009be   0x0000041c   Code   RO          460    .text               c_w.l(_printf_fp_dec.o)
    0x08000dda   0x08000dda   0x00000002   PAD
    0x08000ddc   0x08000ddc   0x000002fc   Code   RO          464    .text               c_w.l(_printf_fp_hex.o)
    0x080010d8   0x080010d8   0x0000002c   Code   RO          469    .text               c_w.l(_printf_char.o)
    0x08001104   0x08001104   0x0000002c   Code   RO          471    .text               c_w.l(_printf_wchar.o)
    0x08001130   0x08001130   0x00000048   Code   RO          474    .text               c_w.l(_c16rtomb.o)
    0x08001178   0x08001178   0x0000004a   Code   RO          476    .text               c_w.l(sys_stackheap_outer.o)
    0x080011c2   0x080011c2   0x00000002   PAD
    0x080011c4   0x080011c4   0x00000010   Code   RO          478    .text               c_w.l(rt_ctype_table.o)
    0x080011d4   0x080011d4   0x00000008   Code   RO          483    .text               c_w.l(rt_locale_intlibspace.o)
    0x080011dc   0x080011dc   0x00000080   Code   RO          485    .text               c_w.l(_printf_fp_infnan.o)
    0x0800125c   0x0800125c   0x000000e4   Code   RO          487    .text               c_w.l(bigflt0.o)
    0x08001340   0x08001340   0x00000012   Code   RO          517    .text               c_w.l(exit.o)
    0x08001352   0x08001352   0x00000002   PAD
    0x08001354   0x08001354   0x00000008   Code   RO          530    .text               c_w.l(libspace.o)
    0x0800135c   0x0800135c   0x00000080   Code   RO          540    .text               c_w.l(strcmpv7m.o)
    0x080013dc   0x080013dc   0x0000000c   Code   RO          602    .text               c_w.l(sys_exit.o)
    0x080013e8   0x080013e8   0x00000002   Code   RO          617    .text               c_w.l(use_no_semi.o)
    0x080013ea   0x080013ea   0x00000000   Code   RO          619    .text               c_w.l(indicate_semi.o)
    0x080013ea   0x080013ea   0x00000002   PAD
    0x080013ec   0x080013ec   0x0000001e   Code   RO          292    .text.BCDtoDEC      ds3231.o
    0x0800140a   0x0800140a   0x00000002   PAD
    0x0800140c   0x0800140c   0x00000038   Code   RO           58    .text.Clock_AFIO    clock.o
    0x08001444   0x08001444   0x00000078   Code   RO          286    .text.DS3231_GetTime  ds3231.o
    0x080014bc   0x080014bc   0x00000018   Code   RO          284    .text.DS3231_Init   ds3231.o
    0x080014d4   0x080014d4   0x0000007e   Code   RO          282    .text.DS3231_MAIN_TEST  ds3231.o
    0x08001552   0x08001552   0x00000002   PAD
    0x08001554   0x08001554   0x00000034   Code   RO          132    .text.Delay_TIM2_ms  timer.o
    0x08001588   0x08001588   0x00000058   Code   RO           79    .text.EXTI1_IRQHandler  exti.o
    0x080015e0   0x080015e0   0x00000038   Code   RO           44    .text.Enable_Disable_Clock_PortA  clock.o
    0x08001618   0x08001618   0x00000038   Code   RO           46    .text.Enable_Disable_Clock_PortB  clock.o
    0x08001650   0x08001650   0x00000038   Code   RO           62    .text.I2C1_EnableClock  clock.o
    0x08001688   0x08001688   0x000000ae   Code   RO          197    .text.I2C1_Init     i2c.o
    0x08001736   0x08001736   0x00000002   PAD
    0x08001738   0x08001738   0x00000058   Code   RO          219    .text.I2C1_Read     i2c.o
    0x08001790   0x08001790   0x00000092   Code   RO          221    .text.I2C1_ReadMEM  i2c.o
    0x08001822   0x08001822   0x00000002   PAD
    0x08001824   0x08001824   0x00000088   Code   RO          207    .text.I2C1_SendAdress  i2c.o
    0x080018ac   0x080018ac   0x0000003a   Code   RO          201    .text.I2C1_SetPin   i2c.o
    0x080018e6   0x080018e6   0x00000002   PAD
    0x080018e8   0x080018e8   0x00000062   Code   RO          205    .text.I2C1_Start    i2c.o
    0x0800194a   0x0800194a   0x00000002   PAD
    0x0800194c   0x0800194c   0x00000028   Code   RO          211    .text.I2C1_Stop     i2c.o
    0x08001974   0x08001974   0x00000044   Code   RO          209    .text.I2C1_Write    i2c.o
    0x080019b8   0x080019b8   0x000000fc   Code   RO           42    .text.InitClockHSE  clock.o
    0x08001ab4   0x08001ab4   0x00000082   Code   RO          128    .text.Init_TIM2_Delay  timer.o
    0x08001b36   0x08001b36   0x00000002   PAD
    0x08001b38   0x08001b38   0x00000032   Code   RO          184    .text.NVIC_ClearPendingFlag  nvic.o
    0x08001b6a   0x08001b6a   0x00000002   PAD
    0x08001b6c   0x08001b6c   0x00000032   Code   RO          180    .text.NVIC_EnableInterrupt  nvic.o
    0x08001b9e   0x08001b9e   0x00000002   PAD
    0x08001ba0   0x08001ba0   0x00000036   Code   RO          186    .text.NVIC_SetPriority  nvic.o
    0x08001bd6   0x08001bd6   0x00000002   PAD
    0x08001bd8   0x08001bd8   0x00000012   Code   RO          259    .text.SPI1_DisableSlave  spi.o
    0x08001bea   0x08001bea   0x00000002   PAD
    0x08001bec   0x08001bec   0x0000002a   Code   RO          269    .text.SPI1_IRQHandler  spi.o
    0x08001c16   0x08001c16   0x00000002   PAD
    0x08001c18   0x08001c18   0x00000076   Code   RO           13    .text.SetINPUT      gpio.o
    0x08001c8e   0x08001c8e   0x00000002   PAD
    0x08001c90   0x08001c90   0x00000096   Code   RO           19    .text.SetOUTPUT     gpio.o
    0x08001d26   0x08001d26   0x00000002   PAD
    0x08001d28   0x08001d28   0x00000362   Code   RO           11    .text.SetPinInput   gpio.o
    0x0800208a   0x0800208a   0x00000002   PAD
    0x0800208c   0x0800208c   0x00000246   Code   RO           17    .text.SetPinOutput  gpio.o
    0x080022d2   0x080022d2   0x00000002   PAD
    0x080022d4   0x080022d4   0x00000042   Code   RO           15    .text.SetPullUpDown  gpio.o
    0x08002316   0x08002316   0x00000002   PAD
    0x08002318   0x08002318   0x00000008   Code   RO          315    .text.SetSysClock   system_stm32f10x.o
    0x08002320   0x08002320   0x00000122   Code   RO          319    .text.SetSysClockTo72  system_stm32f10x.o
    0x08002442   0x08002442   0x00000002   PAD
    0x08002444   0x08002444   0x00000038   Code   RO          150    .text.Setup_GPIO_PA9TX_PA10RX  usart.o
    0x0800247c   0x0800247c   0x00000010   Code   RO          105    .text.SysTick_Handler  softtimer.o
    0x0800248c   0x0800248c   0x00000066   Code   RO          313    .text.SystemInit    system_stm32f10x.o
    0x080024f2   0x080024f2   0x00000002   PAD
    0x080024f4   0x080024f4   0x0000001e   Code   RO          134    .text.TIM2_IRQHandler  timer.o
    0x08002512   0x08002512   0x00000002   PAD
    0x08002514   0x08002514   0x00000024   Code   RO          166    .text.USART1_IRQHandler  usart.o
    0x08002538   0x08002538   0x00000012   Code   RO          152    .text.USART1_Init_CLK  usart.o
    0x0800254a   0x0800254a   0x00000002   PAD
    0x0800254c   0x0800254c   0x00000066   Code   RO          158    .text.USART1_SendData  usart.o
    0x080025b2   0x080025b2   0x00000002   PAD
    0x080025b4   0x080025b4   0x0000006e   Code   RO          164    .text.USART1_Setup_INT_RX  usart.o
    0x08002622   0x08002622   0x00000002   PAD
    0x08002624   0x08002624   0x0000000a   Code   RO            2    .text.main          main.o
    0x0800262e   0x0800262e   0x0000003e   Code   RO          490    CL$$btod_d2e        c_w.l(btod.o)
    0x0800266c   0x0800266c   0x00000046   Code   RO          492    CL$$btod_d2e_denorm_low  c_w.l(btod.o)
    0x080026b2   0x080026b2   0x00000060   Code   RO          491    CL$$btod_d2e_norm_op1  c_w.l(btod.o)
    0x08002712   0x08002712   0x00000002   PAD
    0x08002714   0x08002714   0x00000338   Code   RO          500    CL$$btod_div_common  c_w.l(btod.o)
    0x08002a4c   0x08002a4c   0x000000dc   Code   RO          497    CL$$btod_e2e        c_w.l(btod.o)
    0x08002b28   0x08002b28   0x0000002a   Code   RO          494    CL$$btod_ediv       c_w.l(btod.o)
    0x08002b52   0x08002b52   0x0000002a   Code   RO          493    CL$$btod_emul       c_w.l(btod.o)
    0x08002b7c   0x08002b7c   0x00000244   Code   RO          499    CL$$btod_mult_common  c_w.l(btod.o)
    0x08002dc0   0x08002dc0   0x00000028   Code   RO          528    i.__ARM_fpclassify  m_ws.l(fpclassify.o)
    0x08002de8   0x08002de8   0x0000000e   Code   RO          398    i._is_digit         c_w.l(__printf_wp.o)
    0x08002df6   0x08002df6   0x00000002   PAD
    0x08002df8   0x08002df8   0x0000002c   Code   RO          515    locale$$code        c_w.l(lc_numeric_c.o)
    0x08002e24   0x08002e24   0x0000002c   Code   RO          538    locale$$code        c_w.l(lc_ctype_c.o)
    0x08002e50   0x08002e50   0x00000004   Code   RO          433    x$fpl$printf1       fz_ws.l(printf1.o)
    0x08002e54   0x08002e54   0x00000004   Code   RO          435    x$fpl$printf2       fz_ws.l(printf2.o)
    0x08002e58   0x08002e58   0x00000000   Code   RO          527    x$fpl$usenofp       fz_ws.l(usenofp.o)
    0x08002e58   0x08002e58   0x00000008   Data   RO          357    .constdata          c_w.l(_printf_wctomb.o)
    0x08002e60   0x08002e60   0x00000028   Data   RO          386    .constdata          c_w.l(_printf_hex_int_ll_ptr.o)
    0x08002e88   0x08002e88   0x00000011   Data   RO          406    .constdata          c_w.l(__printf_flags_ss_wp.o)
    0x08002e99   0x08002e99   0x00000026   Data   RO          465    .constdata          c_w.l(_printf_fp_hex.o)
    0x08002ebf   0x08002ebf   0x00000001   PAD
    0x08002ec0   0x08002ec0   0x00000094   Data   RO          488    .constdata          c_w.l(bigflt0.o)
    0x08002f54   0x08002f54   0x0000001f   Data   RO          295    .rodata.str1.1      ds3231.o
    0x08002f73   0x08002f73   0x00000001   PAD
    0x08002f74   0x08002f74   0x00000010   Data   RO          675    Region$$Table       anon$$obj.o
    0x08002f84   0x08002f84   0x0000001c   Data   RO          514    locale$$data        c_w.l(lc_numeric_c.o)
    0x08002fa0   0x08002fa0   0x00000110   Data   RO          537    locale$$data        c_w.l(lc_ctype_c.o)


    Execution Region RW_IRAM1 (Exec base: 0x20000000, Load base: 0x080030b0, Size: 0x00000678, Max: 0x00005000, ABSOLUTE)

    Exec Addr    Load Addr    Size         Type   Attr      Idx    E Section Name        Object

    0x20000000        -       0x00000060   Zero   RW          531    .bss                c_w.l(libspace.o)
    0x20000060        -       0x00000004   Zero   RW          142    .bss.Count          timer.o
    0x20000064        -       0x00000001   Zero   RW          296    .bss.DS3231_ADDRESS  ds3231.o
    0x20000065        -       0x00000001   Zero   RW          172    .bss.ReadData       usart.o
    0x20000066        -       0x00000001   Zero   RW          273    .bss.SPI_ReadData   spi.o
    0x20000067        -       0x00000007   Zero   RW          294    .bss.TIME           ds3231.o
    0x2000006e   0x080030b0   0x00000002   PAD
    0x20000070        -       0x00000004   Zero   RW          107    .bss.TimeCountMs    softtimer.o
    0x20000074        -       0x00000001   Zero   RW           81    .bss.flag           exti.o
    0x20000075   0x080030b0   0x00000003   PAD
    0x20000078        -       0x00000200   Zero   RW          304    HEAP                startup_stm32f10x_md.o
    0x20000278        -       0x00000400   Zero   RW          303    STACK               startup_stm32f10x_md.o


==============================================================================

Image component sizes


      Code (inc. data)   RO Data    RW Data    ZI Data      Debug   Object Name

       476          0          0          0          0       2440   clock.o
       300          0         31          0          8       1986   ds3231.o
        88          0          0          0          1       3261   exti.o
      1782          0          0          0          0       4702   gpio.o
       808          0          0          0          0       4074   i2c.o
        10          0          0          0          0        344   main.o
       154          0          0          0          0       2460   nvic.o
        16          0          0          0          4       2586   softtimer.o
        60          0          0          0          1       3811   spi.o
        64         26        236          0       1536        824   startup_stm32f10x_md.o
       400          0          0          0          0       2846   system_stm32f10x.o
       212          0          0          0          4       4167   timer.o
       322          0          0          0          1       4426   usart.o

    ----------------------------------------------------------------------
      4738         26        284          0       1560      37927   Object Totals
         0          0         16          0          0          0   (incl. Generated)
        46          0          1          0          5          0   (incl. Padding)

    ----------------------------------------------------------------------

      Code (inc. data)   RO Data    RW Data    ZI Data      Debug   Library Member Name

         8          0          0          0          0         68   __main.o
       392          4         17          0          0         92   __printf_flags_ss_wp.o
        14          0          0          0          0         68   __printf_wp.o
         0          0          0          0          0          0   __rtentry.o
        12          0          0          0          0          0   __rtentry2.o
         6          0          0          0          0          0   __rtentry4.o
        52          8          0          0          0          0   __scatter.o
        28          0          0          0          0          0   __scatter_zi.o
        72          0          0          0          0         96   _c16rtomb.o
         6          0          0          0          0          0   _printf_a.o
         6          0          0          0          0          0   _printf_c.o
        44          0          0          0          0        108   _printf_char.o
        48          6          0          0          0         96   _printf_char_common.o
        40          0          0          0          0         68   _printf_charcount.o
         6          0          0          0          0          0   _printf_d.o
       120         16          0          0          0         92   _printf_dec.o
         6          0          0          0          0          0   _printf_e.o
         6          0          0          0          0          0   _printf_f.o
      1052          0          0          0          0        148   _printf_fp_dec.o
       764          8         38          0          0        100   _printf_fp_hex.o
       128         16          0          0          0         84   _printf_fp_infnan.o
         6          0          0          0          0          0   _printf_g.o
       148          4         40          0          0        160   _printf_hex_int_ll_ptr.o
         6          0          0          0          0          0   _printf_i.o
       178          0          0          0          0         88   _printf_intcommon.o
        10          0          0          0          0          0   _printf_l.o
         6          0          0          0          0          0   _printf_lc.o
        10          0          0          0          0          0   _printf_ll.o
         6          0          0          0          0          0   _printf_lld.o
         6          0          0          0          0          0   _printf_lli.o
         6          0          0          0          0          0   _printf_llo.o
         6          0          0          0          0          0   _printf_llu.o
         6          0          0          0          0          0   _printf_llx.o
       124         16          0          0          0         92   _printf_longlong_dec.o
         6          0          0          0          0          0   _printf_ls.o
         6          0          0          0          0          0   _printf_n.o
         6          0          0          0          0          0   _printf_o.o
       112          8          0          0          0        124   _printf_oct_int_ll.o
         6          0          0          0          0          0   _printf_p.o
        78          0          0          0          0        108   _printf_pad.o
         0          0          0          0          0          0   _printf_percent.o
         4          0          0          0          0          0   _printf_percent_end.o
         6          0          0          0          0          0   _printf_s.o
        82          0          0          0          0         80   _printf_str.o
        36          0          0          0          0         84   _printf_truncate.o
         6          0          0          0          0          0   _printf_u.o
        44          0          0          0          0        108   _printf_wchar.o
       188          6          8          0          0         92   _printf_wctomb.o
         6          0          0          0          0          0   _printf_x.o
        10          0          0          0          0         68   _sputc.o
       228          4        148          0          0         96   bigflt0.o
      1936        128          0          0          0        668   btod.o
        18          0          0          0          0         80   exit.o
         6          0          0          0          0        152   heapauxi.o
         0          0          0          0          0          0   indicate_semi.o
        44         10        272          0          0         76   lc_ctype_c.o
        44         10         28          0          0         76   lc_numeric_c.o
         2          0          0          0          0          0   libinit.o
        30          0          0          0          0          0   libinit2.o
         2          0          0          0          0          0   libshutdown.o
         2          0          0          0          0          0   libshutdown2.o
         8          4          0          0         96         68   libspace.o
       138          0          0          0          0         80   lludiv10.o
        16          4          0          0          0         76   rt_ctype_table.o
         8          4          0          0          0         68   rt_locale_intlibspace.o
        68          0          0          0          0         68   rt_memclr.o
        78          0          0          0          0         80   rt_memclr_w.o
         2          0          0          0          0          0   rtexit.o
        10          0          0          0          0          0   rtexit2.o
        44          6          0          0          0         84   sprintf.o
       128          0          0          0          0         68   strcmpv7m.o
        12          4          0          0          0         68   sys_exit.o
        74          0          0          0          0         80   sys_stackheap_outer.o
         2          0          0          0          0         68   use_no_semi.o
         4          0          0          0          0         68   printf1.o
         4          0          0          0          0         68   printf2.o
         0          0          0          0          0          0   usenofp.o
        40          0          0          0          0         68   fpclassify.o

    ----------------------------------------------------------------------
      6890        266        552          0         96       4184   Library Totals
        18          0          1          0          0          0   (incl. Padding)

    ----------------------------------------------------------------------

      Code (inc. data)   RO Data    RW Data    ZI Data      Debug   Library Name

      6824        266        551          0         96       3980   c_w.l
         8          0          0          0          0        136   fz_ws.l
        40          0          0          0          0         68   m_ws.l

    ----------------------------------------------------------------------
      6890        266        552          0         96       4184   Library Totals

    ----------------------------------------------------------------------

==============================================================================


      Code (inc. data)   RO Data    RW Data    ZI Data      Debug   

     11628        292        836          0       1656      39583   Grand Totals
     11628        292        836          0       1656      39583   ELF Image Totals
     11628        292        836          0          0          0   ROM Totals

==============================================================================

    Total RO  Size (Code + RO Data)                12464 (  12.17kB)
    Total RW  Size (RW Data + ZI Data)              1656 (   1.62kB)
    Total ROM Size (Code + RO Data + RW Data)      12464 (  12.17kB)

==============================================================================

