<html>
<body>
<pre>
<h1>µVision Build Log</h1>
<h2>Tool Versions:</h2>
IDE-Version: µVision V5.38.0.0
Copyright (C) 2022 ARM Ltd and ARM Germany GmbH. All rights reserved.
License Information: vu nghf, vugh, LIC=SDA0P-MMDV3-453T5-GY4RB-ZPP1Q-QKZ0Z
 
Tool Versions:
Toolchain:       MDK-ARM Plus  Version: 5.38.0.0
Toolchain Path:  C:\Keil_v5\ARM\ARMCLANG\Bin
C Compiler:      ArmClang.exe V6.19
Assembler:       Armasm.exe V6.19
Linker/Locator:  ArmLink.exe V6.19
Library Manager: ArmAr.exe V6.19
Hex Converter:   FromElf.exe V6.19
CPU DLL:         SARMCM3.DLL V5.38.0.0
Dialog DLL:      DCM.DLL V1.17.5.0
Target DLL:      STLink\ST-LINKIII-KEIL_SWO.dll V3.1.0.0
Dialog DLL:      TCM.DLL V1.56.4.0
 
<h2>Project:</h2>
D:\CODE\STM\STM32F103C8T6_DRIVER\STM32F103C8T6.uvprojx
Project File Date:  08/20/2023

<h2>Output:</h2>
*** Using Compiler 'V6.19', folder: 'C:\Keil_v5\ARM\ARMCLANG\Bin'
Rebuild target 'Target 1'
main.c(2): warning: In file included from...
./STM32F103C8T6_Register.h(9): warning: In file included from...
./CLOCK.h(21): warning: // comments are not allowed in this language [-Wcomment]
//#define APB1_Not_Div
^
main.c(2): warning: In file included from...
./STM32F103C8T6_Register.h(14): warning: In file included from...
./USART.h(27): warning: no newline at end of file [-Wnewline-eof]
#endif
      ^
main.c(2): warning: In file included from...
./STM32F103C8T6_Register.h(17): warning: In file included from...
./PCF8574.h(17): warning: no newline at end of file [-Wnewline-eof]
#endif /* PCF8574T_H_ */
                        ^
main.c(2): warning: In file included from...
./STM32F103C8T6_Register.h(18): warning: In file included from...
./SPI.h(16): warning: // comments are not allowed in this language [-Wcomment]
// #define Master_Config
^
main.c(8): warning: // comments are not allowed in this language [-Wcomment]
        //ADC_MAIN_TEST();
        ^
5 warnings generated.
compiling main.c...
I2C.c(2): warning: In file included from...
./I2C.h(5): warning: In file included from...
./STM32F103C8T6_Register.h(9): warning: In file included from...
./CLOCK.h(21): warning: // comments are not allowed in this language [-Wcomment]
//#define APB1_Not_Div
^
I2C.c(2): warning: In file included from...
./I2C.h(5): warning: In file included from...
./STM32F103C8T6_Register.h(14): warning: In file included from...
./USART.h(27): warning: no newline at end of file [-Wnewline-eof]
#endif
      ^
I2C.c(2): warning: In file included from...
./I2C.h(5): warning: In file included from...
./STM32F103C8T6_Register.h(17): warning: In file included from...
./PCF8574.h(17): warning: no newline at end of file [-Wnewline-eof]
#endif /* PCF8574T_H_ */
                        ^
I2C.c(2): warning: In file included from...
./I2C.h(5): warning: In file included from...
./STM32F103C8T6_Register.h(18): warning: In file included from...
./SPI.h(16): warning: // comments are not allowed in this language [-Wcomment]
// #define Master_Config
^
I2C.c(16): warning: // comments are not allowed in this language [-Wcomment]
                // I2C_SendData(0x27,0x1);
                ^
I2C.c(10): warning: mixing declarations and code is a C99 extension [-Wdeclaration-after-statement]
        unsigned char data1[10]= {'H','e','l','l','o'};
                      ^
I2C.c(4): warning: no previous prototype for function 'Main_I2C1_Test' [-Wmissing-prototypes]
void Main_I2C1_Test(void)
     ^
I2C.c(4): note: declare 'static' if the function is not intended to be used outside of this translation unit
void Main_I2C1_Test(void)
^
static 
I2C.c(5): warning: function 'Main_I2C1_Test' could be declared with attribute 'noreturn' [-Wmissing-noreturn]
{
^
I2C.c(89): warning: variable 'temp' set but not used [-Wunused-but-set-variable]
        volatile unsigned int temp=0;
                              ^
I2C.c(133): warning: while loop has empty body [-Wempty-body]
        while( !(I2C1->SR1 & (1u<<7)) ); /* wait TxE set 1 -> DR empty */
                                       ^
I2C.c(133): note: put the semicolon on a separate line to silence this warning
10 warnings generated.
compiling I2C.c...
EXTI.c(2): warning: In file included from...
./EXTI.h(5): warning: In file included from...
./STM32F103C8T6_Register.h(9): warning: In file included from...
./CLOCK.h(21): warning: // comments are not allowed in this language [-Wcomment]
//#define APB1_Not_Div
^
EXTI.c(2): warning: In file included from...
./EXTI.h(5): warning: In file included from...
./STM32F103C8T6_Register.h(14): warning: In file included from...
./USART.h(27): warning: no newline at end of file [-Wnewline-eof]
#endif
      ^
EXTI.c(2): warning: In file included from...
./EXTI.h(5): warning: In file included from...
./STM32F103C8T6_Register.h(17): warning: In file included from...
./PCF8574.h(17): warning: no newline at end of file [-Wnewline-eof]
#endif /* PCF8574T_H_ */
                        ^
EXTI.c(2): warning: In file included from...
./EXTI.h(5): warning: In file included from...
./STM32F103C8T6_Register.h(18): warning: In file included from...
./SPI.h(16): warning: // comments are not allowed in this language [-Wcomment]
// #define Master_Config
^
EXTI.c(7): warning: function 'MainTestEXTI' could be declared with attribute 'noreturn' [-Wmissing-noreturn]
{
^
5 warnings generated.
compiling EXTI.c...
SYSTICK.c(2): warning: In file included from...
./SYSTICK.h(5): warning: In file included from...
./STM32F103C8T6_Register.h(9): warning: In file included from...
./CLOCK.h(21): warning: // comments are not allowed in this language [-Wcomment]
//#define APB1_Not_Div
^
SYSTICK.c(2): warning: In file included from...
./SYSTICK.h(5): warning: In file included from...
./STM32F103C8T6_Register.h(14): warning: In file included from...
./USART.h(27): warning: no newline at end of file [-Wnewline-eof]
#endif
      ^
SYSTICK.c(2): warning: In file included from...
./SYSTICK.h(5): warning: In file included from...
./STM32F103C8T6_Register.h(17): warning: In file included from...
./PCF8574.h(17): warning: no newline at end of file [-Wnewline-eof]
#endif /* PCF8574T_H_ */
                        ^
SYSTICK.c(2): warning: In file included from...
./SYSTICK.h(5): warning: In file included from...
./STM32F103C8T6_Register.h(18): warning: In file included from...
./SPI.h(16): warning: // comments are not allowed in this language [-Wcomment]
// #define Master_Config
^
4 warnings generated.
compiling SYSTICK.c...
PCF8574.c(1): warning: In file included from...
./PCF8574.h(4): warning: In file included from...
./STM32F103C8T6_Register.h(9): warning: In file included from...
./CLOCK.h(21): warning: // comments are not allowed in this language [-Wcomment]
//#define APB1_Not_Div
^
PCF8574.c(1): warning: In file included from...
./PCF8574.h(4): warning: In file included from...
./STM32F103C8T6_Register.h(14): warning: In file included from...
./USART.h(27): warning: no newline at end of file [-Wnewline-eof]
#endif
      ^
PCF8574.c(1): warning: In file included from...
./PCF8574.h(4): warning: In file included from...
./STM32F103C8T6_Register.h(17): warning: In file included from...
./PCF8574.h(17): warning: no newline at end of file [-Wnewline-eof]
#endif /* PCF8574T_H_ */
                        ^
PCF8574.c(1): warning: In file included from...
./PCF8574.h(4): warning: In file included from...
./STM32F103C8T6_Register.h(18): warning: In file included from...
./SPI.h(16): warning: // comments are not allowed in this language [-Wcomment]
// #define Master_Config
^
PCF8574.c(1): warning: In file included from...
./PCF8574.h(17): warning: no newline at end of file [-Wnewline-eof]
#endif /* PCF8574T_H_ */
                        ^
PCF8574.c(70): warning: // comments are not allowed in this language [-Wcomment]
                // PIN1 = PCF8574T_ReadPin(7);
                ^
PCF8574.c(66): warning: mixing declarations and code is a C99 extension [-Wdeclaration-after-statement]
        volatile unsigned char PIN1=0;
                               ^
PCF8574.c(66): warning: unused variable 'PIN1' [-Wunused-variable]
PCF8574.c(57): warning: function 'PCF8574_MAIN' could be declared with attribute 'noreturn' [-Wmissing-noreturn]
{
^
9 warnings generated.
compiling PCF8574.c...
USART.c(2): warning: In file included from...
./USART.h(5): warning: In file included from...
./STM32F103C8T6_Register.h(9): warning: In file included from...
./CLOCK.h(21): warning: // comments are not allowed in this language [-Wcomment]
//#define APB1_Not_Div
^
USART.c(2): warning: In file included from...
./USART.h(5): warning: In file included from...
./STM32F103C8T6_Register.h(14): warning: In file included from...
./USART.h(27): warning: no newline at end of file [-Wnewline-eof]
#endif
      ^
USART.c(2): warning: In file included from...
./USART.h(5): warning: In file included from...
./STM32F103C8T6_Register.h(17): warning: In file included from...
./PCF8574.h(17): warning: no newline at end of file [-Wnewline-eof]
#endif /* PCF8574T_H_ */
                        ^
USART.c(2): warning: In file included from...
./USART.h(5): warning: In file included from...
./STM32F103C8T6_Register.h(18): warning: In file included from...
./SPI.h(16): warning: // comments are not allowed in this language [-Wcomment]
// #define Master_Config
^
USART.c(2): warning: In file included from...
./USART.h(27): warning: no newline at end of file [-Wnewline-eof]
#endif
      ^
USART.c(17): warning: no previous extern declaration for non-static variable 'count' [-Wmissing-variable-declarations]
volatile unsigned char count=0;
                       ^
USART.c(17): note: declare 'static' if the variable is not intended to be used outside of this translation unit
volatile unsigned char count=0;
         ^
USART.c(20): warning: no previous extern declaration for non-static variable 'SenData1' [-Wmissing-variable-declarations]
unsigned char SenData1[5] = {'\n','a','b','c','\n'};
              ^
USART.c(20): note: declare 'static' if the variable is not intended to be used outside of this translation unit
unsigned char SenData1[5] = {'\n','a','b','c','\n'};
^
USART.c(21): warning: no previous extern declaration for non-static variable 'SenData2' [-Wmissing-variable-declarations]
unsigned char SenData2[5] = {'\n','1','2','3','\n'};
              ^
USART.c(21): note: declare 'static' if the variable is not intended to be used outside of this translation unit
unsigned char SenData2[5] = {'\n','1','2','3','\n'};
^
USART.c(45): warning: declaration shadows a variable in the global scope [-Wshadow]
  unsigned int count=0;
               ^
USART.c(17): note: previous declaration is here
volatile unsigned char count=0;
                       ^
USART.c(70): warning: passing 'volatile unsigned char *' to parameter of type 'unsigned char *' discards qualifiers [-Wincompatible-pointer-types-discards-qualifiers]
    USART1_ReceiveData(&ReadData,sizeof(ReadData));
                       ^~~~~~~~~
./USART.h(16): note: passing argument to parameter 'pRxBuffer' here
void USART1_ReceiveData(unsigned char *pRxBuffer, unsigned int Len);
                                       ^
USART.c(71): warning: passing 'volatile unsigned char *' to parameter of type 'unsigned char *' discards qualifiers [-Wincompatible-pointer-types-discards-qualifiers]
    USART1_SendData(&ReadData,sizeof(ReadData));
                    ^~~~~~~~~
USART.c(43): note: passing argument to parameter 'pTxBuffer' here
void USART1_SendData(unsigned char *pTxBuffer, unsigned int Len)
                                    ^
USART.c(61): warning: function 'FunctionMainUSART1' could be declared with attribute 'noreturn' [-Wmissing-noreturn]
{
^
USART.c(99): warning: declaration shadows a variable in the global scope [-Wshadow]
  unsigned int count=0;
               ^
USART.c(17): note: previous declaration is here
volatile unsigned char count=0;
                       ^
USART.c(118): warning: // comments are not allowed in this language [-Wcomment]
  // USART1_SendData(SenData1,sizeof(SenData1));
  ^
USART.c(113): warning: function 'FunctionMainUSART1_INT' could be declared with attribute 'noreturn' [-Wmissing-noreturn]
{
^
USART.c(200): warning: cast from 'unsigned char *' to 'unsigned int *' increases required alignment from 1 to 4 [-Wcast-align]
        DMA1_CH5(&USART1->DR, (unsigned int*) BufferRead, sizeof(BufferRead));
                              ^~~~~~~~~~~~~~~~~~~~~~~~~~
USART.c(200): warning: passing 'volatile unsigned int *' to parameter of type 'unsigned int *' discards qualifiers [-Wincompatible-pointer-types-discards-qualifiers]
        DMA1_CH5(&USART1->DR, (unsigned int*) BufferRead, sizeof(BufferRead));
                 ^~~~~~~~~~~
./DMA.h(16): note: passing argument to parameter 'StartAddress' here
void DMA1_CH5(unsigned int *StartAddress, unsigned int *Destination, unsigned short SizeData);
                            ^
USART.c(191): warning: function 'MAIN_UART1_DMA' could be declared with attribute 'noreturn' [-Wmissing-noreturn]
{
^
USART.c(248): warning: unused function 'UART1_ReadData' [-Wunused-function]
static unsigned int UART1_ReadData(void)
                    ^
USART.c(14): warning: unused variable 'sendta' [-Wunused-variable]
static data sendta;
            ^
USART.c(188): warning: unused variable 'UART1_Read' [-Wunused-variable]
static unsigned int UART1_Read = 0;
                    ^
21 warnings generated.
compiling USART.c...
Softtimer.c(2): warning: In file included from...
./Softtimer.h(5): warning: In file included from...
./STM32F103C8T6_Register.h(9): warning: In file included from...
./CLOCK.h(21): warning: // comments are not allowed in this language [-Wcomment]
//#define APB1_Not_Div
^
Softtimer.c(2): warning: In file included from...
./Softtimer.h(5): warning: In file included from...
./STM32F103C8T6_Register.h(14): warning: In file included from...
./USART.h(27): warning: no newline at end of file [-Wnewline-eof]
#endif
      ^
Softtimer.c(2): warning: In file included from...
./Softtimer.h(5): warning: In file included from...
./STM32F103C8T6_Register.h(17): warning: In file included from...
./PCF8574.h(17): warning: no newline at end of file [-Wnewline-eof]
#endif /* PCF8574T_H_ */
                        ^
Softtimer.c(2): warning: In file included from...
./Softtimer.h(5): warning: In file included from...
./STM32F103C8T6_Register.h(18): warning: In file included from...
./SPI.h(16): warning: // comments are not allowed in this language [-Wcomment]
// #define Master_Config
^
Softtimer.c(2): warning: In file included from...
./Softtimer.h(24): warning: padding struct 'struct Softtimer' with 3 bytes to align 'TimeoutValue' [-Wpadded]
  unsigned int TimeoutValue;
               ^
Softtimer.c(24): warning: function 'Main_Function' could be declared with attribute 'noreturn' [-Wmissing-noreturn]
{
^
6 warnings generated.
compiling Softtimer.c...
CLOCK.c(2): warning: In file included from...
./CLOCK.h(5): warning: In file included from...
./STM32F103C8T6_Register.h(14): warning: In file included from...
./USART.h(27): warning: no newline at end of file [-Wnewline-eof]
#endif
      ^
CLOCK.c(2): warning: In file included from...
./CLOCK.h(5): warning: In file included from...
./STM32F103C8T6_Register.h(17): warning: In file included from...
./PCF8574.h(17): warning: no newline at end of file [-Wnewline-eof]
#endif /* PCF8574T_H_ */
                        ^
CLOCK.c(2): warning: In file included from...
./CLOCK.h(5): warning: In file included from...
./STM32F103C8T6_Register.h(18): warning: In file included from...
./SPI.h(16): warning: // comments are not allowed in this language [-Wcomment]
// #define Master_Config
^
CLOCK.c(2): warning: In file included from...
./CLOCK.h(21): warning: // comments are not allowed in this language [-Wcomment]
//#define APB1_Not_Div
^
4 warnings generated.
compiling CLOCK.c...
NVIC.c(2): warning: In file included from...
./NVIC.h(5): warning: In file included from...
./STM32F103C8T6_Register.h(9): warning: In file included from...
./CLOCK.h(21): warning: // comments are not allowed in this language [-Wcomment]
//#define APB1_Not_Div
^
NVIC.c(2): warning: In file included from...
./NVIC.h(5): warning: In file included from...
./STM32F103C8T6_Register.h(14): warning: In file included from...
./USART.h(27): warning: no newline at end of file [-Wnewline-eof]
#endif
      ^
NVIC.c(2): warning: In file included from...
./NVIC.h(5): warning: In file included from...
./STM32F103C8T6_Register.h(17): warning: In file included from...
./PCF8574.h(17): warning: no newline at end of file [-Wnewline-eof]
#endif /* PCF8574T_H_ */
                        ^
NVIC.c(2): warning: In file included from...
./NVIC.h(5): warning: In file included from...
./STM32F103C8T6_Register.h(18): warning: In file included from...
./SPI.h(16): warning: // comments are not allowed in this language [-Wcomment]
// #define Master_Config
^
NVIC.c(2): warning: In file included from...
./NVIC.h(6): warning: In file included from...
./NVIC_Register.h(21): warning: padding struct 'NVIC_Typedef' with 3 bytes to align 'STIR' [-Wpadded]
  volatile unsigned int STIR;          
                        ^
NVIC.c(21): warning: implicit conversion changes signedness: 'int' to 'unsigned int' [-Wsign-conversion]
  NVIC->IPR[IRQ_number/4] |= (priority << (8 *(IRQ_number % 4) + 4));
                          ~~  ~~~~~~~~~^~~~~~~~~~~~~~~~~~~~~~~~~~~~
6 warnings generated.
compiling NVIC.c...
Timer.c(2): warning: In file included from...
./Timer.h(5): warning: In file included from...
./Timer_Register.h(5): warning: In file included from...
./STM32F103C8T6_Register.h(9): warning: In file included from...
./CLOCK.h(21): warning: // comments are not allowed in this language [-Wcomment]
//#define APB1_Not_Div
^
Timer.c(2): warning: In file included from...
./Timer.h(5): warning: In file included from...
./Timer_Register.h(5): warning: In file included from...
./STM32F103C8T6_Register.h(14): warning: In file included from...
./USART.h(27): warning: no newline at end of file [-Wnewline-eof]
#endif
      ^
Timer.c(2): warning: In file included from...
./Timer.h(5): warning: In file included from...
./Timer_Register.h(5): warning: In file included from...
./STM32F103C8T6_Register.h(17): warning: In file included from...
./PCF8574.h(17): warning: no newline at end of file [-Wnewline-eof]
#endif /* PCF8574T_H_ */
                        ^
Timer.c(2): warning: In file included from...
./Timer.h(5): warning: In file included from...
./Timer_Register.h(5): warning: In file included from...
./STM32F103C8T6_Register.h(18): warning: In file included from...
./SPI.h(16): warning: // comments are not allowed in this language [-Wcomment]
// #define Master_Config
^
Timer.c(28): warning: // comments are not allowed in this language [-Wcomment]
    //Delay_TIM2_ms(5000);
    ^
Timer.c(15): warning: function 'Main_TIM2_BASE' could be declared with attribute 'noreturn' [-Wmissing-noreturn]
{
^
Timer.c(95): warning: variable declaration in for loop is a C99-specific feature [-Wc99-extensions]
    for( unsigned int i=0; i<=99; i++)
         ^
Timer.c(95): warning: GCC does not allow variable declarations in for loop initializers before C99 [-Wgcc-compat]
Timer.c(98): warning: variable declaration in for loop is a C99-specific feature [-Wc99-extensions]
      for( unsigned int d=0; d<=100000; d++);
           ^
Timer.c(98): warning: GCC does not allow variable declarations in for loop initializers before C99 [-Wgcc-compat]
Timer.c(101): warning: variable declaration in for loop is a C99-specific feature [-Wc99-extensions]
    for( unsigned int n=99; n>0; n--)
         ^
Timer.c(101): warning: GCC does not allow variable declarations in for loop initializers before C99 [-Wgcc-compat]
Timer.c(104): warning: variable declaration in for loop is a C99-specific feature [-Wc99-extensions]
      for( unsigned int j=0; j<=100000; j++);
           ^
Timer.c(104): warning: GCC does not allow variable declarations in for loop initializers before C99 [-Wgcc-compat]
Timer.c(85): warning: function 'Main_TIM2_PWM' could be declared with attribute 'noreturn' [-Wmissing-noreturn]
{
^
15 warnings generated.
compiling Timer.c...
GPIO.c(2): warning: In file included from...
./GPIO.h(5): warning: In file included from...
./STM32F103C8T6_Register.h(9): warning: In file included from...
./CLOCK.h(21): warning: // comments are not allowed in this language [-Wcomment]
//#define APB1_Not_Div
^
GPIO.c(2): warning: In file included from...
./GPIO.h(5): warning: In file included from...
./STM32F103C8T6_Register.h(14): warning: In file included from...
./USART.h(27): warning: no newline at end of file [-Wnewline-eof]
#endif
      ^
GPIO.c(2): warning: In file included from...
./GPIO.h(5): warning: In file included from...
./STM32F103C8T6_Register.h(17): warning: In file included from...
./PCF8574.h(17): warning: no newline at end of file [-Wnewline-eof]
#endif /* PCF8574T_H_ */
                        ^
GPIO.c(2): warning: In file included from...
./GPIO.h(5): warning: In file included from...
./STM32F103C8T6_Register.h(18): warning: In file included from...
./SPI.h(16): warning: // comments are not allowed in this language [-Wcomment]
// #define Master_Config
^
GPIO.c(173): warning: declaration shadows a variable in the global scope [-Wshadow]
        unsigned int ReadData;
                     ^
./USART.h(9): note: previous declaration is here
extern volatile unsigned char ReadData;
                              ^
5 warnings generated.
compiling GPIO.c...
SPI.c(2): warning: In file included from...
./SPI.h(5): warning: In file included from...
./STM32F103C8T6_Register.h(9): warning: In file included from...
./CLOCK.h(21): warning: // comments are not allowed in this language [-Wcomment]
//#define APB1_Not_Div
^
SPI.c(2): warning: In file included from...
./SPI.h(5): warning: In file included from...
./STM32F103C8T6_Register.h(14): warning: In file included from...
./USART.h(27): warning: no newline at end of file [-Wnewline-eof]
#endif
      ^
SPI.c(2): warning: In file included from...
./SPI.h(5): warning: In file included from...
./STM32F103C8T6_Register.h(17): warning: In file included from...
./PCF8574.h(17): warning: no newline at end of file [-Wnewline-eof]
#endif /* PCF8574T_H_ */
                        ^
SPI.c(2): warning: In file included from...
./SPI.h(16): warning: // comments are not allowed in this language [-Wcomment]
// #define Master_Config
^
SPI.c(20): warning: // comments are not allowed in this language [-Wcomment]
        //unsigned char ReadData[10]={0};
        ^
SPI.c(17): warning: unused variable 'data1' [-Wunused-variable]
        unsigned char data1[10]= {'H','e','l','l','o'};
                      ^
SPI.c(18): warning: unused variable 'data2' [-Wunused-variable]
        unsigned char data2[10]= {'a','l','o','9','9'};
                      ^
SPI.c(15): warning: function 'SPI_MAINTEST' could be declared with attribute 'noreturn' [-Wmissing-noreturn]
{
^
SPI.c(153): warning: mixing declarations and code is a C99 extension [-Wdeclaration-after-statement]
        unsigned int Tempread = SPI1->DR;
                     ^
SPI.c(153): warning: variable 'Tempread' set but not used [-Wunused-but-set-variable]
SPI.c(178): warning: passing 'volatile unsigned char *' to parameter of type 'unsigned char *' discards qualifiers [-Wincompatible-pointer-types-discards-qualifiers]
        USART1_SendData(&SPI_ReadData,sizeof(SPI_ReadData));
                        ^~~~~~~~~~~~~
./USART.h(11): note: passing argument to parameter 'pTxBuffer' here
void USART1_SendData(unsigned char *pTxBuffer, unsigned int Len);
                                    ^
SPI.c(12): warning: no previous extern declaration for non-static variable 'SPI_ReadData' [-Wmissing-variable-declarations]
volatile unsigned char SPI_ReadData;
                       ^
SPI.c(12): note: declare 'static' if the variable is not intended to be used outside of this translation unit
volatile unsigned char SPI_ReadData;
         ^
12 warnings generated.
compiling SPI.c...
ADC.c(2): warning: In file included from...
./ADC.h(5): warning: In file included from...
./STM32F103C8T6_Register.h(9): warning: In file included from...
./CLOCK.h(21): warning: // comments are not allowed in this language [-Wcomment]
//#define APB1_Not_Div
^
ADC.c(2): warning: In file included from...
./ADC.h(5): warning: In file included from...
./STM32F103C8T6_Register.h(14): warning: In file included from...
./USART.h(27): warning: no newline at end of file [-Wnewline-eof]
#endif
      ^
ADC.c(2): warning: In file included from...
./ADC.h(5): warning: In file included from...
./STM32F103C8T6_Register.h(17): warning: In file included from...
./PCF8574.h(17): warning: no newline at end of file [-Wnewline-eof]
#endif /* PCF8574T_H_ */
                        ^
ADC.c(2): warning: In file included from...
./ADC.h(5): warning: In file included from...
./STM32F103C8T6_Register.h(18): warning: In file included from...
./SPI.h(16): warning: // comments are not allowed in this language [-Wcomment]
// #define Master_Config
^
ADC.c(23): warning: // comments are not allowed in this language [-Wcomment]
    //USART1_SendData(&ADC_VAL,sizeof(ADC_VAL));
    ^
ADC.c(16): warning: mixing declarations and code is a C99 extension [-Wdeclaration-after-statement]
  unsigned short ADC_VAL;
                 ^
ADC.c(16): warning: variable 'ADC_VAL' set but not used [-Wunused-but-set-variable]
ADC.c(5): warning: function 'ADC_MAIN_TEST' could be declared with attribute 'noreturn' [-Wmissing-noreturn]
{
^
ADC.c(75): warning: implicit conversion loses integer precision: 'volatile unsigned int' to 'unsigned short' [-Wimplicit-int-conversion]
  return ADC1->ADC_DR;
  ~~~~~~ ~~~~~~^~~~~~
9 warnings generated.
compiling ADC.c...
DS3231.c(2): warning: In file included from...
./DS3231.h(5): warning: In file included from...
./STM32F103C8T6_Register.h(9): warning: In file included from...
./CLOCK.h(21): warning: // comments are not allowed in this language [-Wcomment]
//#define APB1_Not_Div
^
DS3231.c(2): warning: In file included from...
./DS3231.h(5): warning: In file included from...
./STM32F103C8T6_Register.h(14): warning: In file included from...
./USART.h(27): warning: no newline at end of file [-Wnewline-eof]
#endif
      ^
DS3231.c(2): warning: In file included from...
./DS3231.h(5): warning: In file included from...
./STM32F103C8T6_Register.h(17): warning: In file included from...
./PCF8574.h(17): warning: no newline at end of file [-Wnewline-eof]
#endif /* PCF8574T_H_ */
                        ^
DS3231.c(2): warning: In file included from...
./DS3231.h(5): warning: In file included from...
./STM32F103C8T6_Register.h(18): warning: In file included from...
./SPI.h(16): warning: // comments are not allowed in this language [-Wcomment]
// #define Master_Config
^
DS3231.c(17): warning: // comments are not allowed in this language [-Wcomment]
        //DS3231_SetTime(2,13,8,23,9,27,23);
        ^
DS3231.c(24): warning: implicitly declaring library function 'sprintf' with type 'int (char *, const char *, ...)' [-Wimplicit-function-declaration]
    sprintf(&databuffer,"D: %d/%d/%d/%d - T: %d:%d:%d \n", TIME.Day, TIME.Date, TIME.Month, TIME.Year, TIME.Hour, TIME.Min, TIME.Seconds);
    ^
DS3231.c(24): note: include the header <stdio.h> or explicitly provide a declaration for 'sprintf'
DS3231.c(24): warning: incompatible pointer types passing 'unsigned char (*)[50]' to parameter of type 'char *' [-Wincompatible-pointer-types]
    sprintf(&databuffer,"D: %d/%d/%d/%d - T: %d:%d:%d \n", TIME.Day, TIME.Date, TIME.Month, TIME.Year, TIME.Hour, TIME.Min, TIME.Seconds);
            ^~~~~~~~~~~
DS3231.c(19): warning: mixing declarations and code is a C99 extension [-Wdeclaration-after-statement]
  unsigned char databuffer[50]={0};
                ^
DS3231.c(9): warning: function 'DS3231_MAIN_TEST' could be declared with attribute 'noreturn' [-Wmissing-noreturn]
{
^
9 warnings generated.
compiling DS3231.c...
DMA.c(2): warning: In file included from...
./DMA.h(5): warning: In file included from...
./STM32F103C8T6_Register.h(9): warning: In file included from...
./CLOCK.h(21): warning: // comments are not allowed in this language [-Wcomment]
//#define APB1_Not_Div
^
DMA.c(2): warning: In file included from...
./DMA.h(5): warning: In file included from...
./STM32F103C8T6_Register.h(14): warning: In file included from...
./USART.h(27): warning: no newline at end of file [-Wnewline-eof]
#endif
      ^
DMA.c(2): warning: In file included from...
./DMA.h(5): warning: In file included from...
./STM32F103C8T6_Register.h(17): warning: In file included from...
./PCF8574.h(17): warning: no newline at end of file [-Wnewline-eof]
#endif /* PCF8574T_H_ */
                        ^
DMA.c(2): warning: In file included from...
./DMA.h(5): warning: In file included from...
./STM32F103C8T6_Register.h(18): warning: In file included from...
./SPI.h(16): warning: // comments are not allowed in this language [-Wcomment]
// #define Master_Config
^
DMA.c(12): warning: no previous extern declaration for non-static variable 'Buffer_1' [-Wmissing-variable-declarations]
unsigned char Buffer_1[Size_buffer]={ 'A','B','C','D','\n' };
              ^
DMA.c(12): note: declare 'static' if the variable is not intended to be used outside of this translation unit
unsigned char Buffer_1[Size_buffer]={ 'A','B','C','D','\n' };
^
DMA.c(13): warning: no previous extern declaration for non-static variable 'Buffer_2' [-Wmissing-variable-declarations]
unsigned char Buffer_2[Size_buffer]={ 'H','E','L','O','\n' };
              ^
DMA.c(13): note: declare 'static' if the variable is not intended to be used outside of this translation unit
unsigned char Buffer_2[Size_buffer]={ 'H','E','L','O','\n' };
^
DMA.c(14): warning: no previous extern declaration for non-static variable 'Buffer_3' [-Wmissing-variable-declarations]
unsigned char Buffer_3[Size_buffer]={0};
              ^
DMA.c(14): note: declare 'static' if the variable is not intended to be used outside of this translation unit
unsigned char Buffer_3[Size_buffer]={0};
^
DMA.c(27): warning: // comments are not allowed in this language [-Wcomment]
  // DMA1_CH1((unsigned int *)Buffer_1,(unsigned int *)Buffer_3,sizeof(Buffer_3));
  ^
DMA.c(19): warning: function 'DMA_MAIN_TEST' could be declared with attribute 'noreturn' [-Wmissing-noreturn]
{
^
DMA.c(6): warning: unused variable 'Index' [-Wunused-variable]
static unsigned char Index=0;
                     ^
10 warnings generated.
compiling DMA.c...
compiling String.c...
assembling startup_stm32f10x_md.s...
RTE/Device/STM32F103C8/system_stm32f10x.c(64): warning: In file included from...
C:/Users/PC/AppData/Local/Arm/Packs/Keil/STM32F1xx_DFP/2.4.1/Device/Include\stm32f10x.h(18): warning: invalid UTF-8 in comment [-Winvalid-utf8]
  *              - To use or not the peripheral<92>s drivers in application code(i.e. 
                                               ^
C:/Users/PC/AppData/Local/Arm/Packs/Keil/STM32F1xx_DFP/2.4.1/Device/Include\stm32f10x.h(19): warning: invalid UTF-8 in comment [-Winvalid-utf8]
  *                code will be based on direct access to peripheral<92>s registers 
                                                                    ^
C:/Users/PC/AppData/Local/Arm/Packs/Keil/STM32F1xx_DFP/2.4.1/Device/Include\stm32f10x.h(26): warning: invalid UTF-8 in comment [-Winvalid-utf8]
  *           - Macros to access peripheral<92>s registers hardware
                                           ^
RTE/Device/STM32F103C8/system_stm32f10x.c(166): warning: no previous extern declaration for non-static variable 'AHBPrescTable' [-Wmissing-variable-declarations]
__I uint8_t AHBPrescTable[16] = {0, 0, 0, 0, 0, 0, 0, 0, 1, 2, 3, 4, 6, 7, 8, 9};
            ^
RTE/Device/STM32F103C8/system_stm32f10x.c(166): note: declare 'static' if the variable is not intended to be used outside of this translation unit
__I uint8_t AHBPrescTable[16] = {0, 0, 0, 0, 0, 0, 0, 0, 1, 2, 3, 4, 6, 7, 8, 9};
    ^
4 warnings generated.
compiling system_stm32f10x.c...
linking...
Program Size: Code=3964 RO-data=252 RW-data=0 ZI-data=1672  
FromELF: creating hex file...
".\Objects\STM32F103C8T6.axf" - 0 Error(s), 134 Warning(s).

<h2>Software Packages used:</h2>

Package Vendor: ARM
                http://www.keil.com/pack/ARM.CMSIS.5.9.0.pack
                ARM.CMSIS.5.9.0
                CMSIS (Common Microcontroller Software Interface Standard)
   * Component: CORE Version: 5.6.0

Package Vendor: Keil
                https://www.keil.com/pack/Keil.STM32F1xx_DFP.2.4.1.pack
                Keil.STM32F1xx_DFP.2.4.1
                STMicroelectronics STM32F1 Series Device Support, Drivers and Examples
   * Component: Startup Version: 1.0.0

<h2>Collection of Component include folders:</h2>
  ./RTE/Device/STM32F103C8
  ./RTE/_Target_1
  C:/Users/PC/AppData/Local/Arm/Packs/ARM/CMSIS/5.9.0/CMSIS/Core/Include
  C:/Users/PC/AppData/Local/Arm/Packs/Keil/STM32F1xx_DFP/2.4.1/Device/Include

<h2>Collection of Component Files used:</h2>

   * Component: ARM::CMSIS:CORE:5.6.0

   * Component: Keil::Device:Startup:1.0.0
      Source file:   Device/Source/ARM/STM32F1xx_OPT.s
      Source file:   Device/Source/ARM/startup_stm32f10x_md.s
      Source file:   Device/Source/system_stm32f10x.c
      Include file:  RTE_Driver/Config/RTE_Device.h
Build Time Elapsed:  00:00:02
</pre>
</body>
</html>
